<html>
<body>
<pre>
<h1>µVision Build Log</h1>
<h2>Tool Versions:</h2>
IDE-Version: ¦ÌVision V5.14.0.0
Copyright (C) 2015 ARM Ltd and ARM Germany GmbH. All rights reserved.
License Information: 1 1, 1, LIC=Y2B2Z-JNPZ8-9Z8WW-QWCE8-UYXSH-CVV8F
 
Tool Versions:
Toolchain:       MDK-ARM Professional  Version: 5.14.0.0
Toolchain Path:  D:\Keil_v5\ARM\ARMCC\Bin
C Compiler:      Armcc.exe V5.05 update 1 (build 106)
Assembler:       Armasm.exe V5.05 update 1 (build 106)
Linker/Locator:  ArmLink.exe V5.05 update 1 (build 106)
Library Manager: ArmAr.exe V5.05 update 1 (build 106)
Hex Converter:   FromElf.exe V5.05 update 1 (build 106)
CPU DLL:         SARMCM3.DLL V5.14.0.0
Dialog DLL:      TARMSTM.dll V1.64.0.0
Target DLL:      Segger\JL2CM3.dll V2.99.13.0
Dialog DLL:      TARMSTM.dll V1.64.0.0
 
<h2>Project:</h2>
D:\Files\GitHub\WK_JZQ_V2.5\USER\UCOSII-1.uvprojx
Project File Date:  02/12/2019

<h2>Output:</h2>
Build target 'WK_JZQ'
compiling main.c...
compiling key.c...
compiling LCD.c...
compiling rf.c...
compiling stmflash.c...
compiling malloc.c...
compiling flash.c...
compiling dhcp.c...
compiling enternet.c...
compiling wk_json.c...
compiling data_type.c...
compiling power.c...
compiling dns.c...
compiling baidu_iot.c...
compiling timer.c...
compiling os_cpu_c.c...
compiling os_msg.c...
compiling os_task.c...
compiling os_sys.c...
compiling os_fats.c...
compiling my_key.c...
compiling my_lcd.c...
compiling my_light.c...
compiling my_cfg.c...
compiling my_rf.c...
compiling my_w5500.c...
compiling my_messeg.c...
compiling my_autocontrol.c...
compiling my_debug.c...
compiling my_iot.c...
compiling my_lcd_new.c...
compiling my_rf_new.c...
compiling my_light_new.c...
compiling my_idle.c...
compiling delay.c...
linking...
Program Size: Code=68820 RO-data=1956 RW-data=500 ZI-data=9184  
FromELF: creating hex file...
"..\OBJ\UCOSII-1.axf" - 0 Error(s), 0 Warning(s).

<h2>Collection of Component include folders:</h2>
  D:\Files\GitHub\WK_JZQ_V2.5\USER\RTE
  D:\Keil_v5\ARM\PACK\Keil\STM32F1xx_DFP\1.0.5\Device\Include

<h2>Collection of Component Files used:</h2>
</pre>
</body>
</html>
