Component: ARM Compiler 5.05 update 1 (build 106) Tool: armlink [4d0efa]

==============================================================================

Section Cross References

    main.o(i.main) refers to power.o(i.SysPowerOn) for SysPowerOn
    main.o(i.main) refers to data_type.o(i.sys_cfg_init) for sys_cfg_init
    main.o(i.main) refers to os_task.o(i.CreateTask) for CreateTask
    main.o(i.main) refers to os_task.o(i.OSStart) for OSStart
    main.o(i.main) refers to main.o(.bss) for my_keytack
    main.o(i.main) refers to my_key.o(i.my_key) for my_key
    main.o(i.main) refers to my_lcd.o(i.my_lcd) for my_lcd
    main.o(i.main) refers to my_rf.o(i.my_rf_loop) for my_rf_loop
    main.o(i.main) refers to my_light.o(i.my_light) for my_light
    main.o(i.main) refers to my_rf.o(i.my_rf_hand) for my_rf_hand
    main.o(i.main) refers to my_rf.o(i.my_rf_deal) for my_rf_deal
    main.o(i.main) refers to my_w5500.o(i.my_w5500) for my_w5500
    main.o(i.main) refers to my_autocontrol.o(i.my_autocontrol) for my_autocontrol
    main.o(i.main) refers to my_cfg.o(i.my_cfg) for my_cfg
    main.o(i.main) refers to my_iot.o(i.my_iot) for my_iot
    main.o(i.main) refers to my_idle.o(i.idle_task) for idle_task
    stm32f10x_it.o(i.BusFault_Handler) refers to stm32f10x_it.o(i.NVIC_SystemReset) for NVIC_SystemReset
    stm32f10x_it.o(i.DebugMon_Handler) refers to stm32f10x_it.o(i.NVIC_SystemReset) for NVIC_SystemReset
    stm32f10x_it.o(i.HardFault_Handler) refers to stm32f10x_it.o(i.NVIC_SystemReset) for NVIC_SystemReset
    stm32f10x_it.o(i.MemManage_Handler) refers to stm32f10x_it.o(i.NVIC_SystemReset) for NVIC_SystemReset
    stm32f10x_it.o(i.NMI_Handler) refers to stm32f10x_it.o(i.NVIC_SystemReset) for NVIC_SystemReset
    stm32f10x_it.o(i.UsageFault_Handler) refers to stm32f10x_it.o(i.NVIC_SystemReset) for NVIC_SystemReset
    system_stm32f10x.o(i.SetSysClock) refers to system_stm32f10x.o(i.SetSysClockTo72) for SetSysClockTo72
    system_stm32f10x.o(i.SystemCoreClockUpdate) refers to system_stm32f10x.o(.data) for SystemCoreClock
    system_stm32f10x.o(i.SystemInit) refers to system_stm32f10x.o(i.SetSysClock) for SetSysClock
    key.o(i.Get_Key) refers to key.o(.data) for KEYS
    key.o(i.KEY_IRQHandler) refers to stm32f10x_gpio.o(i.GPIO_ReadInputData) for GPIO_ReadInputData
    key.o(i.KEY_IRQHandler) refers to os_task.o(i.TaskIntSendMsg) for TaskIntSendMsg
    key.o(i.KEY_IRQHandler) refers to key.o(.data) for key_valid
    key.o(i.Key_Init) refers to stm32f10x_rcc.o(i.RCC_APB2PeriphClockCmd) for RCC_APB2PeriphClockCmd
    key.o(i.Key_Init) refers to stm32f10x_gpio.o(i.GPIO_Init) for GPIO_Init
    lcd.o(i.LCD_Init) refers to stm32f10x_rcc.o(i.RCC_APB2PeriphClockCmd) for RCC_APB2PeriphClockCmd
    lcd.o(i.LCD_Init) refers to stm32f10x_rcc.o(i.RCC_APB1PeriphClockCmd) for RCC_APB1PeriphClockCmd
    lcd.o(i.LCD_Init) refers to stm32f10x_gpio.o(i.GPIO_Init) for GPIO_Init
    lcd.o(i.LCD_Init) refers to stm32f10x_rcc.o(i.RCC_APB1PeriphResetCmd) for RCC_APB1PeriphResetCmd
    lcd.o(i.LCD_Init) refers to stm32f10x_usart.o(i.USART_Init) for USART_Init
    lcd.o(i.LCD_Init) refers to misc.o(i.NVIC_Init) for NVIC_Init
    lcd.o(i.LCD_Init) refers to stm32f10x_usart.o(i.USART_ITConfig) for USART_ITConfig
    lcd.o(i.LCD_Init) refers to stm32f10x_usart.o(i.USART_Cmd) for USART_Cmd
    lcd.o(i.LCD_Receive_Data) refers to lcd.o(.data) for RS485_RX_CNT
    lcd.o(i.LCD_Receive_Data) refers to lcd.o(.bss) for RS485_RX_BUF
    lcd.o(i.LCD_Send_Data) refers to stm32f10x_usart.o(i.USART_GetFlagStatus) for USART_GetFlagStatus
    lcd.o(i.LCD_Send_Data) refers to stm32f10x_usart.o(i.USART_SendData) for USART_SendData
    lcd.o(i.LCD_Send_Data) refers to lcd.o(.data) for RS485_RX_CNT
    lcd.o(i.LCD_SetFocus) refers to lcd.o(.data) for LCD_FOCUS
    lcd.o(i.Lcd_GetHandstate) refers to data_map.o(.bss) for ALL_PARAMETERS
    lcd.o(i.Lcd_GetLimitData) refers to data_map.o(.bss) for ALL_PARAMETERS
    lcd.o(i.Lcd_SetHandstate) refers to data_map.o(.bss) for ALL_PARAMETERS
    lcd.o(i.Lcd_SetLimitData) refers to data_map.o(.bss) for ALL_PARAMETERS
    lcd.o(i.USART2_IRQHandler) refers to stm32f10x_usart.o(i.USART_GetITStatus) for USART_GetITStatus
    lcd.o(i.USART2_IRQHandler) refers to stm32f10x_usart.o(i.USART_ReceiveData) for USART_ReceiveData
    lcd.o(i.USART2_IRQHandler) refers to os_task.o(i.TaskIntSendMsg) for TaskIntSendMsg
    lcd.o(i.USART2_IRQHandler) refers to lcd.o(.data) for RS485_RX_CNT
    lcd.o(i.USART2_IRQHandler) refers to lcd.o(.bss) for RS485_RX_BUF
    light.o(i.GetLight_State) refers to light.o(.data) for data
    light.o(i.Get_lightdata) refers to light.o(.data) for data
    light.o(i.LIGHT_RUN_IRQ) refers to light.o(.data) for a
    light.o(i.Light_init) refers to stm32f10x_rcc.o(i.RCC_APB2PeriphClockCmd) for RCC_APB2PeriphClockCmd
    light.o(i.Light_init) refers to stm32f10x_gpio.o(i.GPIO_Init) for GPIO_Init
    light.o(i.Light_init) refers to light.o(i.led_senddata) for led_senddata
[...]
    my_debug                                 0x0800daf9   Thumb Code    70  my_debug.o(i.my_debug)
    my_iot                                   0x0800db49   Thumb Code    26  my_iot.o(i.my_iot)
    my_key                                   0x0800db65   Thumb Code  1220  my_key.o(i.my_key)
    my_lcd                                   0x0800e031   Thumb Code   366  my_lcd.o(i.my_lcd)
    my_lcd_init                              0x0800e1a5   Thumb Code    22  my_lcd.o(i.my_lcd_init)
    my_light                                 0x0800e1c1   Thumb Code   150  my_light.o(i.my_light)
    my_rf_deal                               0x0800e259   Thumb Code   388  my_rf.o(i.my_rf_deal)
    my_rf_hand                               0x0800e3e5   Thumb Code   770  my_rf.o(i.my_rf_hand)
    my_rf_loop                               0x0800e6ed   Thumb Code   660  my_rf.o(i.my_rf_loop)
    my_w5500                                 0x0800e995   Thumb Code    94  my_w5500.o(i.my_w5500)
    myfree                                   0x0800ea05   Thumb Code    36  malloc.o(i.myfree)
    mymalloc                                 0x0800ea2d   Thumb Code    40  malloc.o(i.mymalloc)
    mymemcpy                                 0x0800ea59   Thumb Code    26  malloc.o(i.mymemcpy)
    mymemset                                 0x0800ea73   Thumb Code    20  malloc.o(i.mymemset)
    nest_Options                             0x0800ea87   Thumb Code    22  dhcp.o(i.nest_Options)
    net_check_gateway                        0x0800ea9d   Thumb Code   208  enternet.o(i.net_check_gateway)
    net_check_parameters                     0x0800eb71   Thumb Code    88  enternet.o(i.net_check_parameters)
    net_get_comstate                         0x0800ebd5   Thumb Code    14  enternet.o(i.net_get_comstate)
    net_get_phycstate                        0x0800ebe3   Thumb Code    14  enternet.o(i.net_get_phycstate)
    net_init                                 0x0800ebf1   Thumb Code    24  enternet.o(i.net_init)
    net_set_getway                           0x0800ec09   Thumb Code    16  enternet.o(i.net_set_getway)
    net_set_myip                             0x0800ec19   Thumb Code    16  enternet.o(i.net_set_myip)
    net_set_sub_mask                         0x0800ec29   Thumb Code    16  enternet.o(i.net_set_sub_mask)
    net_sysboot_init                         0x0800ec39   Thumb Code    22  enternet.o(i.net_sysboot_init)
    net_test                                 0x0800ec5d   Thumb Code   140  enternet.o(i.net_test)
    num_to_str                               0x0800ecfd   Thumb Code   100  cjson.o(i.num_to_str)
    os_fats_init                             0x0800ed61   Thumb Code     8  os_fats.o(i.os_fats_init)
    os_init                                  0x0800ed69   Thumb Code    20  os_sys.o(i.os_init)
    os_mem_init                              0x0800ed7d   Thumb Code     8  os_mem.o(i.os_mem_init)
    os_msg_init                              0x0800ed85   Thumb Code    10  os_msg.o(i.os_msg_init)
    os_task_init                             0x0800ed8f   Thumb Code     8  os_task.o(i.os_task_init)
    parseMSG                                 0x0800ed97   Thumb Code   222  dns.o(i.parseMSG)
    parse_name                               0x0800f035   Thumb Code   216  dns.o(i.parse_name)
    pow                                      0x0800f665   Thumb Code  2478  pow.o(i.pow)
    readChar                                 0x08010739   Thumb Code    14  mqttpacket.o(i.readChar)
    recv_json                                0x08010749   Thumb Code   266  wk_json.o(i.recv_json)
    rf_cjq_deal                              0x080108a9   Thumb Code   164  my_rf.o(i.rf_cjq_deal)
    samestr                                  0x0801094d   Thumb Code    46  my_debug.o(i.samestr)
    send_json                                0x0801097b   Thumb Code    72  wk_json.o(i.send_json)
    send_json_adddevice                      0x080109c5   Thumb Code   558  wk_json.o(i.send_json_adddevice)
    send_json_cj                             0x08010c6d   Thumb Code   542  my_w5500.o(i.send_json_cj)
    send_json_kz                             0x08010f19   Thumb Code   362  my_w5500.o(i.send_json_kz)
    send_json_limit                          0x08011101   Thumb Code   440  my_w5500.o(i.send_json_limit)
    send_json_warn                           0x0801135d   Thumb Code   334  my_w5500.o(i.send_json_warn)
    send_messeg                              0x0801152d   Thumb Code   128  os_msg.o(i.send_messeg)
    send_warn                                0x080115b1   Thumb Code    66  my_autocontrol.o(i.send_warn)
    serch_server                             0x080115f5   Thumb Code   250  wk_json.o(i.serch_server)
    server_data                              0x08011739   Thumb Code    72  wk_json.o(i.server_data)
    server_read_data                         0x08011781   Thumb Code   168  wk_json.o(i.server_read_data)
    server_send_data                         0x08011841   Thumb Code   172  wk_json.o(i.server_send_data)
    set_jianpu                               0x08011909   Thumb Code    52  beep.o(i.set_jianpu)
    sm16703_reset                            0x08011951   Thumb Code    18  light.o(i.sm16703_reset)
    sm16703_send                             0x08011969   Thumb Code   974  light.o(i.sm16703_send)
    socket_recv                              0x08011d41   Thumb Code    26  enternet.o(i.socket_recv)
    sqrt                                     0x08011d5b   Thumb Code    76  sqrt.o(i.sqrt)
    str2num                                  0x08011da7   Thumb Code    48  my_debug.o(i.str2num)
    sys_cfg_init                             0x08011ddd   Thumb Code   298  data_type.o(i.sys_cfg_init)
    tcp_close                                0x08011f19   Thumb Code    26  enternet.o(i.tcp_close)
    tcp_connect                              0x08011f33   Thumb Code   182  enternet.o(i.tcp_connect)
    tcp_send                                 0x08011fe9   Thumb Code    28  enternet.o(i.tcp_send)
    udp_close                                0x08012005   Thumb Code    64  enternet.o(i.udp_close)
    udp_init                                 0x08012045   Thumb Code    82  enternet.o(i.udp_init)
    udp_send                                 0x08012097   Thumb Code    74  enternet.o(i.udp_send)
    wk_client                                0x080120e1   Thumb Code   252  my_w5500.o(i.wk_client)
    writeCString                             0x080121f1   Thumb Code    40  mqttpacket.o(i.writeCString)
    writeChar                                0x08012219   Thumb Code    12  mqttpacket.o(i.writeChar)
    writeInt                                 0x08012225   Thumb Code    48  mqttpacket.o(i.writeInt)
    writeMQTTString                          0x08012255   Thumb Code    62  mqttpacket.o(i.writeMQTTString)
    yt_newstate                              0x08012293   Thumb Code   144  my_rf.o(i.yt_newstate)
    _get_lc_ctype                            0x08012325   Thumb Code    44  lc_ctype_c.o(locale$$code)
    _get_lc_numeric                          0x08012351   Thumb Code    44  lc_numeric_c.o(locale$$code)
    __aeabi_d2f                              0x0801237d   Thumb Code     0  d2f.o(x$fpl$d2f)
    _d2f                                     0x0801237d   Thumb Code    98  d2f.o(x$fpl$d2f)
    __aeabi_dadd                             0x080123e1   Thumb Code     0  daddsub_clz.o(x$fpl$dadd)
    _dadd                                    0x080123e1   Thumb Code   332  daddsub_clz.o(x$fpl$dadd)
    __fpl_dcheck_NaN1                        0x08012531   Thumb Code    10  dcheck1.o(x$fpl$dcheck1)
    __fpl_dcmp_Inf                           0x08012541   Thumb Code    24  dcmpi.o(x$fpl$dcmpinf)
    __aeabi_ddiv                             0x08012559   Thumb Code     0  ddiv.o(x$fpl$ddiv)
    _ddiv                                    0x08012559   Thumb Code   552  ddiv.o(x$fpl$ddiv)
    __aeabi_d2iz                             0x08012809   Thumb Code     0  dfix.o(x$fpl$dfix)
    _dfix                                    0x08012809   Thumb Code    94  dfix.o(x$fpl$dfix)
    __aeabi_d2uiz                            0x08012869   Thumb Code     0  dfixu.o(x$fpl$dfixu)
    _dfixu                                   0x08012869   Thumb Code    90  dfixu.o(x$fpl$dfixu)
    __aeabi_i2d                              0x080128c3   Thumb Code     0  dflt_clz.o(x$fpl$dflt)
    _dflt                                    0x080128c3   Thumb Code    46  dflt_clz.o(x$fpl$dflt)
    __aeabi_ui2d                             0x080128f1   Thumb Code     0  dflt_clz.o(x$fpl$dfltu)
    _dfltu                                   0x080128f1   Thumb Code    38  dflt_clz.o(x$fpl$dfltu)
    __aeabi_cdcmple                          0x08012919   Thumb Code     0  dleqf.o(x$fpl$dleqf)
    _dcmple                                  0x08012919   Thumb Code   120  dleqf.o(x$fpl$dleqf)
    __fpl_dcmple_InfNaN                      0x0801297b   Thumb Code     0  dleqf.o(x$fpl$dleqf)
    __aeabi_dmul                             0x08012991   Thumb Code     0  dmul.o(x$fpl$dmul)
    _dmul                                    0x08012991   Thumb Code   332  dmul.o(x$fpl$dmul)
    __fpl_dnaninf                            0x08012ae5   Thumb Code   156  dnaninf.o(x$fpl$dnaninf)
    __fpl_dretinf                            0x08012b81   Thumb Code    12  dretinf.o(x$fpl$dretinf)
    __aeabi_cdrcmple                         0x08012b8d   Thumb Code     0  drleqf.o(x$fpl$drleqf)
    _drcmple                                 0x08012b8d   Thumb Code   108  drleqf.o(x$fpl$drleqf)
    __aeabi_drsub                            0x08012bf9   Thumb Code     0  daddsub_clz.o(x$fpl$drsb)
    _drsb                                    0x08012bf9   Thumb Code    22  daddsub_clz.o(x$fpl$drsb)
    _dsqrt                                   0x08012c11   Thumb Code   456  dsqrt_noumaal.o(x$fpl$dsqrt)
    __aeabi_dsub                             0x08012ddd   Thumb Code     0  daddsub_clz.o(x$fpl$dsub)
    _dsub                                    0x08012ddd   Thumb Code   464  daddsub_clz.o(x$fpl$dsub)
    __aeabi_fadd                             0x08012fb1   Thumb Code     0  faddsub_clz.o(x$fpl$fadd)
    _fadd                                    0x08012fb1   Thumb Code   196  faddsub_clz.o(x$fpl$fadd)
    __fpl_fcmp_Inf                           0x08013075   Thumb Code    24  fcmpi.o(x$fpl$fcmpinf)
    __aeabi_i2f                              0x0801308d   Thumb Code     0  fflt_clz.o(x$fpl$fflt)
    _fflt                                    0x0801308d   Thumb Code    48  fflt_clz.o(x$fpl$fflt)
    __aeabi_ui2f                             0x080130bd   Thumb Code     0  fflt_clz.o(x$fpl$ffltu)
    _ffltu                                   0x080130bd   Thumb Code    38  fflt_clz.o(x$fpl$ffltu)
    __aeabi_cfcmple                          0x080130e5   Thumb Code     0  fleqf.o(x$fpl$fleqf)
    _fcmple                                  0x080130e5   Thumb Code   104  fleqf.o(x$fpl$fleqf)
    __fpl_fcmple_InfNaN                      0x08013137   Thumb Code     0  fleqf.o(x$fpl$fleqf)
    __aeabi_fmul                             0x0801314d   Thumb Code     0  fmul.o(x$fpl$fmul)
    _fmul                                    0x0801314d   Thumb Code   258  fmul.o(x$fpl$fmul)
    __fpl_fnaninf                            0x0801324f   Thumb Code   140  fnaninf.o(x$fpl$fnaninf)
    __fpl_fretinf                            0x080132db   Thumb Code    10  fretinf.o(x$fpl$fretinf)
    __aeabi_cfrcmple                         0x080132e5   Thumb Code     0  frleqf.o(x$fpl$frleqf)
    _frcmple                                 0x080132e5   Thumb Code    98  frleqf.o(x$fpl$frleqf)
    __aeabi_fsub                             0x08013349   Thumb Code     0  faddsub_clz.o(x$fpl$fsub)
    _fsub                                    0x08013349   Thumb Code   234  faddsub_clz.o(x$fpl$fsub)
    _printf_fp_dec                           0x08013433   Thumb Code     4  printf1.o(x$fpl$printf1)
    __fpl_return_NaN                         0x08013437   Thumb Code   100  retnan.o(x$fpl$retnan)
    __ARM_scalbn                             0x0801349b   Thumb Code    92  scalbn.o(x$fpl$scalbn)
    __fpl_cmpreturn                          0x080134f7   Thumb Code    48  trapv.o(x$fpl$trapveneer)
    __I$use$fp                               0x08013526   Number         0  usenofp.o(x$fpl$usenofp)
    auchCRCHi                                0x08013538   Data         256  crc8_16.o(.constdata)
    auchCRCLo                                0x08013638   Data         256  crc8_16.o(.constdata)
    warn_char                                0x08013798   Data          56  my_w5500.o(.constdata)
    devicename                               0x080137d0   Data          64  my_debug.o(.constdata)
    __mathlib_zero                           0x080138d8   Data           8  qnan.o(.constdata)
    Region$$Table$$Base                      0x08013a54   Number         0  anon$$obj.o(Region$$Table)
    Region$$Table$$Limit                     0x08013a74   Number         0  anon$$obj.o(Region$$Table)
    __ctype                                  0x08013a81   Data           0  lc_ctype_c.o(locale$$data)
    SystemCoreClock                          0x20000004   Data           4  system_stm32f10x.o(.data)
    AHBPrescTable                            0x20000008   Data          16  system_stm32f10x.o(.data)
    LCD_FOCUS                                0x2000002a   Data           1  lcd.o(.data)
    RS485_RX_CNT                             0x2000002b   Data           1  lcd.o(.data)
    LIGHT_RUN_PTR                            0x20000048   Data           4  light.o(.data)
    RED_LIGHT                                0x2000004c   Data           1  light.o(.data)
    GREEN_LIGHT                              0x2000004d   Data           1  light.o(.data)
    BLUE_LIGHT                               0x2000004e   Data           1  light.o(.data)
    DEVICE_NUM                               0x20000068   Data          40  rf.o(.data)
    RF_FOCUS                                 0x20000090   Data           1  rf.o(.data)
    USART_RX_STA                             0x20000096   Data           2  rf.o(.data)
    __stdout                                 0x2000009c   Data           4  rf.o(.data)
    Phy_Addr                                 0x200000a1   Data           6  w5500.o(.data)
    memtblsize                               0x200000a8   Data           4  malloc.o(.data)
    memblksize                               0x200000ac   Data           4  malloc.o(.data)
    memsize                                  0x200000b0   Data           4  malloc.o(.data)
    BEEP_BUSY                                0x200000b4   Data           1  beep.o(.data)
    sond                                     0x200000b8   Data           4  beep.o(.data)
    fatfs                                    0x200000c8   Data           8  fats.o(.data)
    file                                     0x200000d0   Data           4  fats.o(.data)
    ftemp                                    0x200000d4   Data           4  fats.o(.data)
    file_br                                  0x200000d8   Data           4  fats.o(.data)
    file_bw                                  0x200000dc   Data           4  fats.o(.data)
    file_buf                                 0x200000e0   Data           4  fats.o(.data)
    FATS_STATE                               0x200000e4   Data           1  fats.o(.data)
    DBG_FATS                                 0x200000e5   Data           1  fats.o(.data)
    SD_Type                                  0x200000e6   Data           1  mmc_sd.o(.data)
    SPI_FLASH_TYPE                           0x200000e8   Data           2  flash.o(.data)
    Transaction                              0x200000f8   Data           4  dhcp.o(.data)
    Sub_Mask                                 0x200000fc   Data           4  dhcp.o(.data)
    IP_Addr                                  0x20000100   Data           4  dhcp.o(.data)
    Gateway_IP                               0x20000104   Data           4  dhcp.o(.data)
    SERVER_IP                                0x20000108   Data           4  enternet.o(.data)
    SERVER_PORT                              0x2000010c   Data           2  enternet.o(.data)
    DBG_COPY_TO_S1CK                         0x2000010e   Data           1  wk_json.o(.data)
    SYS_CFG                                  0x20000110   Data           4  data_type.o(.data)
    DEV_CFG                                  0x20000114   Data           4  data_type.o(.data)
    ENV_CFG                                  0x20000118   Data           4  data_type.o(.data)
    ENV_VALUE                                0x2000011c   Data           4  data_type.o(.data)
    DNS_GET_IP                               0x20000120   Data           4  dns.o(.data)
    DNS_SERVER                               0x20000124   Data           4  dns.o(.data)
    MSG_ID                                   0x20000128   Data           2  dns.o(.data)
    MQTT_IP                                  0x2000012a   Data           4  baidu_iot.o(.data)
    OSRunning                                0x20000138   Data           4  os_task.o(.data)
    OSPrioCur                                0x2000013c   Data           4  os_task.o(.data)
    OSPrioHighRdy                            0x20000140   Data           4  os_task.o(.data)
    OSTCBCur                                 0x20000144   Data           4  os_task.o(.data)
    OSTCBHighRdy                             0x20000148   Data           4  os_task.o(.data)
    OSIntNesting                             0x2000014c   Data           4  os_task.o(.data)
    OSIntExit                                0x20000150   Data           4  os_task.o(.data)
    OS_ONLYME                                0x20000154   Data           1  os_task.o(.data)
    TASK_Free                                0x20000158   Data           4  os_task.o(.data)
    ONLYME_PRO                               0x2000015c   Data           1  os_task.o(.data)
    LCD_PAGE                                 0x20000170   Data           6  my_lcd.o(.data)
    LCD_STATE                                0x20000176   Data           8  my_lcd.o(.data)
    LCD_SET_DATA                             0x2000017e   Data           8  my_lcd.o(.data)
    LCD_GET_DATA                             0x20000186   Data           7  my_lcd.o(.data)
    IN_CFG                                   0x200001be   Data           1  my_cfg.o(.data)
    NET_STATE                                0x200001bf   Data           1  my_w5500.o(.data)
    NET_S0_STATE                             0x200001c0   Data           1  my_w5500.o(.data)
    NET_S1_STATE                             0x200001c1   Data           1  my_w5500.o(.data)
    NET_S2_STATE                             0x200001c2   Data           1  my_w5500.o(.data)
    WK_FUCOS                                 0x200001c3   Data           1  my_w5500.o(.data)
    DBG_INTER_STATE                          0x200001c4   Data           1  my_w5500.o(.data)
    DBG_OCHE                                 0x200001c6   Data           1  my_debug.o(.data)
    DBG_IP                                   0x200001c7   Data           4  my_debug.o(.data)
    DBG_PORT                                 0x200001cc   Data           2  my_debug.o(.data)
    MQTT_STATE                               0x200001d0   Data           1  my_iot.o(.data)
    IDLE                                     0x200001d4   Data           4  my_idle.o(.data)
    my_keytack                               0x200001f8   Data         256  main.o(.bss)
    my_lcdtack                               0x200002f8   Data         512  main.o(.bss)
    rf_looptack                              0x200004f8   Data        1024  main.o(.bss)
    my_lighttack                             0x200008f8   Data         512  main.o(.bss)
    my_rf_handtack                           0x20000af8   Data        1024  main.o(.bss)
    my_rf_dealtack                           0x20000ef8   Data         256  main.o(.bss)
    my_w5500tack                             0x20000ff8   Data        1024  main.o(.bss)
    my_autotack                              0x200013f8   Data         512  main.o(.bss)
    my_cfgtack                               0x200015f8   Data         512  main.o(.bss)
    my_iottack                               0x200017f8   Data         512  main.o(.bss)
    my_idletack                              0x200019f8   Data         128  main.o(.bss)
    RS485_RX_BUF                             0x20001a78   Data          30  lcd.o(.bss)
    EN_DATA                                  0x20001a96   Data          25  rf.o(.bss)
    USART_RX_BUF                             0x20001aaf   Data          50  rf.o(.bss)
    MY_CMD                                   0x20001ae1   Data          58  rf.o(.bss)
    mallco_dev                               0x20001b1c   Data          20  malloc.o(.bss)
    ALL_PARAMETERS                           0x20001b30   Data         440  data_map.o(.bss)
    my_messeg                                0x20001ce8   Data         720  os_msg.o(.bss)
    TCB_Table                                0x20001fb8   Data         768  os_task.o(.bss)
    __libspace_start                         0x200022b8   Data          96  libspace.o(.bss)
    __temporary_stack_top$libspace           0x20002318   Data           0  libspace.o(.bss)



==============================================================================

Memory Map of the image

  Image Entry point : 0x08002931

  Load Region LR_IROM1 (Base: 0x08002800, Size: 0x00011594, Max: 0x00038000, ABSOLUTE, COMPRESSED[0x00011428])

    Execution Region ER_IROM1 (Base: 0x08002800, Size: 0x000113a0, Max: 0x00038000, ABSOLUTE)

    Base Addr    Size         Type   Attr      Idx    E Section Name        Object

    0x08002800   0x00000130   Data   RO         3687    RESET               startup_stm32f10x_hd.o
    0x08002930   0x00000008   Code   RO         5680  * !!!main             c_w.l(__main.o)
    0x08002938   0x00000034   Code   RO         6066    !!!scatter          c_w.l(__scatter.o)
    0x0800296c   0x0000005a   Code   RO         6064    !!dczerorl2         c_w.l(__dczerorl2.o)
    0x080029c6   0x00000002   PAD
    0x080029c8   0x0000001c   Code   RO         6068    !!handler_zi        c_w.l(__scatter_zi.o)
    0x080029e4   0x00000000   Code   RO         5655    .ARM.Collect$$_printf_percent$$00000000  c_w.l(_printf_percent.o)
    0x080029e4   0x00000006   Code   RO         5653    .ARM.Collect$$_printf_percent$$00000003  c_w.l(_printf_f.o)
    0x080029ea   0x00000006   Code   RO         5654    .ARM.Collect$$_printf_percent$$00000004  c_w.l(_printf_e.o)
    0x080029f0   0x00000006   Code   RO         5652    .ARM.Collect$$_printf_percent$$00000009  c_w.l(_printf_d.o)
    0x080029f6   0x00000006   Code   RO         5651    .ARM.Collect$$_printf_percent$$0000000C  c_w.l(_printf_x.o)
    0x080029fc   0x00000006   Code   RO         5650    .ARM.Collect$$_printf_percent$$00000014  c_w.l(_printf_s.o)
    0x08002a02   0x00000004   Code   RO         5800    .ARM.Collect$$_printf_percent$$00000017  c_w.l(_printf_percent_end.o)
    0x08002a06   0x00000002   Code   RO         6004    .ARM.Collect$$libinit$$00000000  c_w.l(libinit.o)
    0x08002a08   0x00000000   Code   RO         5804    .ARM.Collect$$libinit$$00000002  c_w.l(libinit2.o)
    0x08002a08   0x00000000   Code   RO         5806    .ARM.Collect$$libinit$$00000004  c_w.l(libinit2.o)
    0x08002a08   0x00000008   Code   RO         5807    .ARM.Collect$$libinit$$00000005  c_w.l(libinit2.o)
    0x08002a10   0x00000000   Code   RO         5809    .ARM.Collect$$libinit$$0000000A  c_w.l(libinit2.o)
    0x08002a10   0x00000000   Code   RO         5811    .ARM.Collect$$libinit$$0000000C  c_w.l(libinit2.o)
    0x08002a10   0x00000000   Code   RO         5813    .ARM.Collect$$libinit$$0000000E  c_w.l(libinit2.o)
    0x08002a10   0x00000006   Code   RO         5814    .ARM.Collect$$libinit$$0000000F  c_w.l(libinit2.o)
    0x08002a16   0x00000000   Code   RO         5816    .ARM.Collect$$libinit$$00000011  c_w.l(libinit2.o)
    0x08002a16   0x0000000c   Code   RO         5817    .ARM.Collect$$libinit$$00000012  c_w.l(libinit2.o)
    0x08002a22   0x00000000   Code   RO         5818    .ARM.Collect$$libinit$$00000013  c_w.l(libinit2.o)
    0x08002a22   0x00000000   Code   RO         5820    .ARM.Collect$$libinit$$00000015  c_w.l(libinit2.o)
    0x08002a22   0x0000000a   Code   RO         5821    .ARM.Collect$$libinit$$00000016  c_w.l(libinit2.o)
    0x08002a2c   0x00000000   Code   RO         5822    .ARM.Collect$$libinit$$00000017  c_w.l(libinit2.o)
    0x08002a2c   0x00000000   Code   RO         5824    .ARM.Collect$$libinit$$00000019  c_w.l(libinit2.o)
    0x08002a2c   0x00000000   Code   RO         5826    .ARM.Collect$$libinit$$0000001B  c_w.l(libinit2.o)
    0x08002a2c   0x00000000   Code   RO         5828    .ARM.Collect$$libinit$$0000001D  c_w.l(libinit2.o)
    0x08002a2c   0x00000000   Code   RO         5830    .ARM.Collect$$libinit$$0000001F  c_w.l(libinit2.o)
    0x08002a2c   0x00000000   Code   RO         5832    .ARM.Collect$$libinit$$00000021  c_w.l(libinit2.o)
    0x08002a2c   0x00000000   Code   RO         5834    .ARM.Collect$$libinit$$00000023  c_w.l(libinit2.o)
    0x08002a2c   0x00000000   Code   RO         5836    .ARM.Collect$$libinit$$00000025  c_w.l(libinit2.o)
    0x08002a2c   0x00000000   Code   RO         5840    .ARM.Collect$$libinit$$0000002C  c_w.l(libinit2.o)
    0x08002a2c   0x00000000   Code   RO         5842    .ARM.Collect$$libinit$$0000002E  c_w.l(libinit2.o)
    0x08002a2c   0x00000000   Code   RO         5844    .ARM.Collect$$libinit$$00000030  c_w.l(libinit2.o)
    0x08002a2c   0x00000000   Code   RO         5846    .ARM.Collect$$libinit$$00000032  c_w.l(libinit2.o)
    0x08002a2c   0x00000002   Code   RO         5847    .ARM.Collect$$libinit$$00000033  c_w.l(libinit2.o)
    0x08002a2e   0x00000002   Code   RO         6061    .ARM.Collect$$libshutdown$$00000000  c_w.l(libshutdown.o)
    0x08002a30   0x00000000   Code   RO         6019    .ARM.Collect$$libshutdown$$00000003  c_w.l(libshutdown2.o)
    0x08002a30   0x00000000   Code   RO         6022    .ARM.Collect$$libshutdown$$00000006  c_w.l(libshutdown2.o)
    0x08002a30   0x00000000   Code   RO         6025    .ARM.Collect$$libshutdown$$00000009  c_w.l(libshutdown2.o)
    0x08002a30   0x00000000   Code   RO         6027    .ARM.Collect$$libshutdown$$0000000B  c_w.l(libshutdown2.o)
    0x08002a30   0x00000000   Code   RO         6030    .ARM.Collect$$libshutdown$$0000000E  c_w.l(libshutdown2.o)
    0x08002a30   0x00000002   Code   RO         6031    .ARM.Collect$$libshutdown$$0000000F  c_w.l(libshutdown2.o)
    0x08002a32   0x00000000   Code   RO         5758    .ARM.Collect$$rtentry$$00000000  c_w.l(__rtentry.o)
    0x08002a32   0x00000000   Code   RO         5896    .ARM.Collect$$rtentry$$00000002  c_w.l(__rtentry2.o)
    0x08002a32   0x00000006   Code   RO         5908    .ARM.Collect$$rtentry$$00000004  c_w.l(__rtentry4.o)
    0x08002a38   0x00000000   Code   RO         5898    .ARM.Collect$$rtentry$$00000009  c_w.l(__rtentry2.o)
    0x08002a38   0x00000004   Code   RO         5899    .ARM.Collect$$rtentry$$0000000A  c_w.l(__rtentry2.o)
    0x08002a3c   0x00000000   Code   RO         5901    .ARM.Collect$$rtentry$$0000000C  c_w.l(__rtentry2.o)
    0x08002a3c   0x00000008   Code   RO         5902    .ARM.Collect$$rtentry$$0000000D  c_w.l(__rtentry2.o)
    0x08002a44   0x00000002   Code   RO         6007    .ARM.Collect$$rtexit$$00000000  c_w.l(rtexit.o)
    0x08002a46   0x00000000   Code   RO         6035    .ARM.Collect$$rtexit$$00000002  c_w.l(rtexit2.o)
    0x08002a46   0x00000004   Code   RO         6036    .ARM.Collect$$rtexit$$00000003  c_w.l(rtexit2.o)
    0x08002a4a   0x00000006   Code   RO         6037    .ARM.Collect$$rtexit$$00000004  c_w.l(rtexit2.o)
    0x08002a50   0x00000020   Code   RO         3675    .emb_text           core_cm3.o
    0x08002a70   0x00000000   Code   RO         5922    .emb_text           c_w.l(maybetermalloc1.o)
    0x08002a70   0x000000b8   Code   RO         2424    .text               os_cpu_a.o
    0x08002b28   0x0000003c   Code   RO         3688    .text               startup_stm32f10x_hd.o
    0x08002b64   0x00000002   Code   RO         5527    .text               c_w.l(use_no_semi_2.o)
    0x08002b66   0x0000005e   Code   RO         5533    .text               c_w.l(h1_alloc.o)
    0x08002bc4   0x0000004e   Code   RO         5535    .text               c_w.l(h1_free.o)
    0x08002c12   0x0000001a   Code   RO         5591    .text               c_w.l(tolower.o)
    0x08002c2c   0x0000002c   Code   RO         5593    .text               c_w.l(__2sprintf.o)
    0x08002c58   0x0000004e   Code   RO         5603    .text               c_w.l(_printf_pad.o)
    0x08002ca6   0x00000052   Code   RO         5605    .text               c_w.l(_printf_str.o)
    0x08002cf8   0x00000078   Code   RO         5607    .text               c_w.l(_printf_dec.o)
    0x08002d70   0x00000058   Code   RO         5612    .text               c_w.l(_printf_hex_int.o)
    0x08002dc8   0x00000138   Code   RO         5642    .text               c_w.l(__printf_flags_wp.o)
    0x08002f00   0x00000014   Code   RO         5656    .text               c_w.l(strchr.o)
    0x08002f14   0x00000048   Code   RO         5660    .text               c_w.l(strcpy.o)
    0x08002f5c   0x0000003e   Code   RO         5662    .text               c_w.l(strlen.o)
    0x08002f9a   0x00000096   Code   RO         5664    .text               c_w.l(strncmp.o)
    0x08003030   0x0000008a   Code   RO         5666    .text               c_w.l(rt_memcpy_v6.o)
    0x080030ba   0x00000064   Code   RO         5668    .text               c_w.l(rt_memcpy_w.o)
    0x0800311e   0x00000044   Code   RO         5670    .text               c_w.l(rt_memclr.o)
    0x08003162   0x0000004e   Code   RO         5672    .text               c_w.l(rt_memclr_w.o)
    0x080031b0   0x00000056   Code   RO         5674    .text               c_w.l(strncpy.o)
    0x08003206   0x00000002   PAD
    0x08003208   0x00000080   Code   RO         5676    .text               c_w.l(strcmpv7m.o)
    0x08003288   0x00000006   Code   RO         5678    .text               c_w.l(heapauxi.o)
    0x0800328e   0x00000002   Code   RO         5754    .text               c_w.l(use_no_semi.o)
    0x08003290   0x00000010   Code   RO         5759    .text               c_w.l(rt_ctype_table.o)
    0x080032a0   0x00000008   Code   RO         5764    .text               c_w.l(rt_heap_descriptor_intlibspace.o)
    0x080032a8   0x00000004   Code   RO         5766    .text               c_w.l(hguard.o)
    0x080032ac   0x0000008a   Code   RO         5768    .text               c_w.l(init_alloc.o)
    0x08003336   0x0000000e   Code   RO         5772    .text               c_w.l(h1_init.o)
    0x08003344   0x00000016   Code   RO         5786    .text               c_w.l(_rserrno.o)
    0x0800335a   0x000000b2   Code   RO         5788    .text               c_w.l(_printf_intcommon.o)
    0x0800340c   0x0000041a   Code   RO         5790    .text               c_w.l(_printf_fp_dec.o)
    0x08003826   0x00000002   PAD
    0x08003828   0x00000030   Code   RO         5792    .text               c_w.l(_printf_char_common.o)
    0x08003858   0x0000000a   Code   RO         5794    .text               c_w.l(_sputc.o)
    0x08003862   0x0000002c   Code   RO         5798    .text               c_w.l(_printf_char.o)
    0x0800388e   0x00000002   PAD
    0x08003890   0x00000008   Code   RO         5892    .text               c_w.l(libspace.o)
    0x08003898   0x00000008   Code   RO         5913    .text               c_w.l(rt_locale_intlibspace.o)
    0x080038a0   0x00000008   Code   RO         5918    .text               c_w.l(rt_errno_addr_intlibspace.o)
    0x080038a8   0x00000034   Code   RO         5924    .text               c_w.l(h1_extend.o)
    0x080038dc   0x0000008a   Code   RO         5928    .text               c_w.l(lludiv10.o)
    0x08003966   0x00000002   PAD
    0x08003968   0x00000080   Code   RO         5930    .text               c_w.l(_printf_fp_infnan.o)
    0x080039e8   0x000000dc   Code   RO         5934    .text               c_w.l(bigflt0.o)
    0x08003ac4   0x0000000e   Code   RO         5965    .text               c_w.l(defsig_rtmem_outer.o)
    0x08003ad2   0x0000004a   Code   RO         5983    .text               c_w.l(sys_stackheap_outer.o)
    0x08003b1c   0x0000000c   Code   RO         5989    .text               c_w.l(exit.o)
    0x08003b28   0x0000000a   Code   RO         5991    .text               c_w.l(defsig_exit.o)
    0x08003b32   0x00000002   PAD
    0x08003b34   0x00000050   Code   RO         5993    .text               c_w.l(defsig_rtmem_inner.o)
    0x08003b84   0x00000032   Code   RO         6015    .text               c_w.l(defsig_general.o)
    0x08003bb6   0x0000003e   Code   RO         5937    CL$$btod_d2e        c_w.l(btod.o)
    0x08003bf4   0x00000046   Code   RO         5939    CL$$btod_d2e_denorm_low  c_w.l(btod.o)
    0x08003c3a   0x00000060   Code   RO         5938    CL$$btod_d2e_norm_op1  c_w.l(btod.o)
    0x08003c9a   0x00000338   Code   RO         5947    CL$$btod_div_common  c_w.l(btod.o)
    0x08003fd2   0x000000c6   Code   RO         5944    CL$$btod_e2e        c_w.l(btod.o)
    0x08004098   0x00000028   Code   RO         5941    CL$$btod_ediv       c_w.l(btod.o)
    0x080040c0   0x00000028   Code   RO         5940    CL$$btod_emul       c_w.l(btod.o)
    0x080040e8   0x00000244   Code   RO         5946    CL$$btod_mult_common  c_w.l(btod.o)
    0x0800432c   0x0000002c   Code   RO         2683    i.AutoCtr           my_lcd.o
    0x08004358   0x00000048   Code   RO         2684    i.Auto_sleep        my_lcd.o
    0x080043a0   0x0000003c   Code   RO         1116    i.BEEP_Init         beep.o
    0x080043dc   0x00000034   Code   RO         2685    i.BUT_DOWN_HUMI     my_lcd.o
    0x08004410   0x00000032   Code   RO         2686    i.BUT_DOWN_TEMP     my_lcd.o
    0x08004442   0x00000034   Code   RO         2687    i.BUT_PM            my_lcd.o
    0x08004476   0x00000036   Code   RO         2688    i.BUT_UP_HUMI       my_lcd.o
    0x080044ac   0x00000034   Code   RO         2689    i.BUT_UP_TEMP       my_lcd.o
    0x080044e0   0x000000fc   Code   RO         1117    i.Beep_Play         beep.o
    0x080045dc   0x00000004   Code   RO          281    i.BusFault_Handler  stm32f10x_it.o
    0x080045e0   0x00000030   Code   RO         2949    i.CheckId           my_rf.o
    0x08004610   0x0000001c   Code   RO          665    i.Clear_Mycmd       rf.o
    0x0800462c   0x000000d6   Code   RO         2950    i.Cmd_0x01          my_rf.o
    0x08004702   0x000000fe   Code   RO         2951    i.Cmd_0x03          my_rf.o
    0x08004800   0x0000004c   Code   RO         2519    i.CreateTask        os_task.o
    0x0800484c   0x00000004   Code   RO          282    i.DebugMon_Handler  stm32f10x_it.o
    0x08004850   0x0000000c   Code   RO          872    i.Delay             w5500.o
    0x0800485c   0x000001ae   Code   RO         2954    i.Device_state_see  my_rf.o
    0x08004a0a   0x00000002   PAD
    0x08004a0c   0x000000e4   Code   RO         3085    i.EXTI4_IRQHandler  my_w5500.o
    0x08004af0   0x0000000c   Code   RO         5089    i.EXTI_ClearITPendingBit  stm32f10x_exti.o
    0x08004afc   0x00000028   Code   RO         5093    i.EXTI_GetITStatus  stm32f10x_exti.o
    0x08004b24   0x00000094   Code   RO         5094    i.EXTI_Init         stm32f10x_exti.o
    0x08004bb8   0x0000004c   Code   RO         4227    i.FLASH_ErasePage   stm32f10x_flash.o
    0x08004c04   0x00000034   Code   RO         4228    i.FLASH_GetBank1Status  stm32f10x_flash.o
    0x08004c38   0x00000014   Code   RO         4237    i.FLASH_Lock        stm32f10x_flash.o
    0x08004c4c   0x00000040   Code   RO         4240    i.FLASH_ProgramHalfWord  stm32f10x_flash.o
    0x08004c8c   0x00000018   Code   RO         4245    i.FLASH_Unlock      stm32f10x_flash.o
    0x08004ca4   0x00000026   Code   RO         4249    i.FLASH_WaitForLastOperation  stm32f10x_flash.o
    0x08004cca   0x00000002   PAD
    0x08004ccc   0x00000040   Code   RO         3695    i.GPIO_EXTILineConfig  stm32f10x_gpio.o
    0x08004d0c   0x00000116   Code   RO         3698    i.GPIO_Init         stm32f10x_gpio.o
    0x08004e22   0x00000002   PAD
    0x08004e24   0x00000090   Code   RO         3700    i.GPIO_PinRemapConfig  stm32f10x_gpio.o
    0x08004eb4   0x00000008   Code   RO         3701    i.GPIO_ReadInputData  stm32f10x_gpio.o
    0x08004ebc   0x00000004   Code   RO         3705    i.GPIO_ResetBits    stm32f10x_gpio.o
    0x08004ec0   0x00000004   Code   RO         3706    i.GPIO_SetBits      stm32f10x_gpio.o
    0x08004ec4   0x00000008   Code   RO          666    i.GetCJDataAddr     rf.o
    0x08004ecc   0x00000008   Code   RO         2955    i.GetCfgData        my_rf.o
    0x08004ed4   0x0000003c   Code   RO         2956    i.GetDeviceNum      my_rf.o
    0x08004f10   0x00000040   Code   RO         2957    i.GetDeviceState    my_rf.o
    0x08004f50   0x0000003c   Code   RO         2958    i.GetDeviceType     my_rf.o
    0x08004f8c   0x0000004c   Code   RO         2959    i.GetNextDeviceaddr  my_rf.o
    0x08004fd8   0x00000060   Code   RO          667    i.Get_BuffData      rf.o
    0x08005038   0x00000038   Code   RO         1476    i.Get_Crc16         crc8_16.o
    0x08005070   0x00000018   Code   RO          401    i.Get_Key           key.o
    0x08005088   0x0000000c   Code   RO          668    i.Get_MyAddr        rf.o
    0x08005094   0x0000000c   Code   RO          669    i.Get_MyChanel      rf.o
    0x080050a0   0x00000008   Code   RO          670    i.Get_MyIP          rf.o
    0x080050a8   0x00000024   Code   RO          671    i.Get_Mycmd         rf.o
    0x080050cc   0x00000098   Code   RO         2690    i.Hand_Set_Init     my_lcd.o
    0x08005164   0x00000004   Code   RO          283    i.HardFault_Handler  stm32f10x_it.o
    0x08005168   0x00000048   Code   RO         3378    i.IOT_Hander        my_iot.o
    0x080051b0   0x00000034   Code   RO         2691    i.Into_Senior       my_lcd.o
    0x080051e4   0x00000208   Code   RO          402    i.KEY_IRQHandler    key.o
    0x080053ec   0x0000003c   Code   RO          403    i.Key_Init          key.o
    0x08005428   0x000000f0   Code   RO          427    i.LCD_Init          lcd.o
    0x08005518   0x00000040   Code   RO          428    i.LCD_Receive_Data  lcd.o
    0x08005558   0x00000054   Code   RO          429    i.LCD_Send_Data     lcd.o
    0x080055ac   0x00000010   Code   RO          430    i.LCD_SetFocus      lcd.o
    0x080055bc   0x00000076   Code   RO         2692    i.LCD_tolight       my_lcd.o
    0x08005632   0x00000074   Code   RO         2693    i.LCD_tosleep       my_lcd.o
    0x080056a6   0x00000002   PAD
    0x080056a8   0x0000000c   Code   RO          431    i.Lcd_GetHandstate  lcd.o
    0x080056b4   0x00000018   Code   RO          432    i.Lcd_GetLimitData  lcd.o
    0x080056cc   0x0000000c   Code   RO          433    i.Lcd_SetHandstate  lcd.o
    0x080056d8   0x00000014   Code   RO          434    i.Lcd_SetLimitData  lcd.o
    0x080056ec   0x00000124   Code   RO          495    i.Light_init        light.o
    0x08005810   0x00000070   Code   RO         1859    i.Load_Config       data_map.o
    0x08005880   0x00000074   Code   RO         1860    i.Load_LCD          data_map.o
    0x080058f4   0x00000050   Code   RO          873    i.Load_Net_Parameters  w5500.o
    0x08005944   0x0000007c   Code   RO         1119    i.Load_down         beep.o
    0x080059c0   0x0000007c   Code   RO         1124    i.Load_up           beep.o
    0x08005a3c   0x00000076   Code   RO         5142    i.MQTTDeserialize_connack  mqttconnectclient.o
    0x08005ab2   0x00000058   Code   RO         5284    i.MQTTPacket_decode  mqttpacket.o
    0x08005b0a   0x00000002   PAD
    0x08005b0c   0x0000001c   Code   RO         5285    i.MQTTPacket_decodeBuf  mqttpacket.o
    0x08005b28   0x00000036   Code   RO         5287    i.MQTTPacket_encode  mqttpacket.o
    0x08005b5e   0x00000002   PAD
    0x08005b60   0x00000028   Code   RO         5289    i.MQTTPacket_len    mqttpacket.o
    0x08005b88   0x00000168   Code   RO         5143    i.MQTTSerialize_connect  mqttconnectclient.o
    0x08005cf0   0x00000076   Code   RO         5144    i.MQTTSerialize_connectLength  mqttconnectclient.o
    0x08005d66   0x00000018   Code   RO         5292    i.MQTTstrlen        mqttpacket.o
    0x08005d7e   0x00000004   Code   RO          284    i.MemManage_Handler  stm32f10x_it.o
    0x08005d82   0x00000004   Code   RO          285    i.NMI_Handler       stm32f10x_it.o
    0x08005d86   0x00000002   PAD
    0x08005d88   0x00000070   Code   RO         4186    i.NVIC_Init         misc.o
    0x08005df8   0x00000014   Code   RO         4187    i.NVIC_PriorityGroupConfig  misc.o
    0x08005e0c   0x00000014   Code   RO         4188    i.NVIC_SetVectorTable  misc.o
    0x08005e20   0x00000024   Code   RO          286    i.NVIC_SystemReset  stm32f10x_it.o
    0x08005e44   0x00000058   Code   RO         2520    i.OSStart           os_task.o
    0x08005e9c   0x0000009a   Code   RO         2412    i.OSTaskStkInit     os_cpu_c.o
    0x08005f36   0x00000002   PAD
    0x08005f38   0x00000030   Code   RO         2521    i.OS_Enter_Onlyme   os_task.o
    0x08005f68   0x0000003c   Code   RO         2522    i.OS_Exit_Onlyme    os_task.o
    0x08005fa4   0x00000030   Code   RO         2523    i.OS_TCBInit        os_task.o
    0x08005fd4   0x00000020   Code   RO         3808    i.RCC_APB1PeriphClockCmd  stm32f10x_rcc.o
    0x08005ff4   0x00000020   Code   RO         3809    i.RCC_APB1PeriphResetCmd  stm32f10x_rcc.o
    0x08006014   0x00000020   Code   RO         3810    i.RCC_APB2PeriphClockCmd  stm32f10x_rcc.o
    0x08006034   0x00000020   Code   RO         3811    i.RCC_APB2PeriphResetCmd  stm32f10x_rcc.o
    0x08006054   0x000000d4   Code   RO         3818    i.RCC_GetClocksFreq  stm32f10x_rcc.o
    0x08006128   0x00000034   Code   RO         3826    i.RCC_LSEConfig     stm32f10x_rcc.o
    0x0800615c   0x00000050   Code   RO          672    i.RF1_tx_bytes      rf.o
    0x080061ac   0x0000003c   Code   RO          673    i.RF_Get            rf.o
    0x080061e8   0x000000d8   Code   RO          674    i.RF_GetCmd         rf.o
    0x080062c0   0x00000138   Code   RO          675    i.RF_Init           rf.o
    0x080063f8   0x000000a0   Code   RO          676    i.RF_SetChannel     rf.o
    0x08006498   0x00000010   Code   RO          677    i.RF_SetFocus       rf.o
    0x080064a8   0x00000128   Code   RO          874    i.Read_SOCK_Data_Buffer  w5500.o
    0x080065d0   0x00000044   Code   RO          875    i.Read_W5500_1Byte  w5500.o
    0x08006614   0x00000050   Code   RO          876    i.Read_W5500_SOCK_1Byte  w5500.o
    0x08006664   0x00000068   Code   RO          877    i.Read_W5500_SOCK_2Byte  w5500.o
    0x080066cc   0x00000034   Code   RO          650    i.Relay_Init        relay.o
    0x08006700   0x0000002c   Code   RO         2368    i.RunTime_IRQHandler  timer_1.o
    0x0800672c   0x00000014   Code   RO         1217    i.SD_DisSelect      mmc_sd.o
    0x08006740   0x0000002a   Code   RO         1219    i.SD_GetCSD         mmc_sd.o
    0x0800676a   0x00000026   Code   RO         1220    i.SD_GetResponse    mmc_sd.o
    0x08006790   0x00000076   Code   RO         1221    i.SD_GetSectorCount  mmc_sd.o
    0x08006806   0x00000002   PAD
    0x08006808   0x00000188   Code   RO         1222    i.SD_Initialize     mmc_sd.o
    0x08006990   0x00000074   Code   RO         1223    i.SD_ReadDisk       mmc_sd.o
    0x08006a04   0x00000038   Code   RO         1224    i.SD_RecvData       mmc_sd.o
    0x08006a3c   0x00000012   Code   RO         1225    i.SD_Reset          mmc_sd.o
    0x08006a4e   0x00000002   PAD
    0x08006a50   0x00000040   Code   RO         1226    i.SD_SPI_Init       mmc_sd.o
    0x08006a90   0x0000000c   Code   RO         1227    i.SD_SPI_ReadWriteByte  mmc_sd.o
    0x08006a9c   0x0000000a   Code   RO         1228    i.SD_SPI_SpeedHigh  mmc_sd.o
    0x08006aa6   0x0000000a   Code   RO         1229    i.SD_SPI_SpeedLow   mmc_sd.o
    0x08006ab0   0x00000020   Code   RO         1230    i.SD_Select         mmc_sd.o
    0x08006ad0   0x00000052   Code   RO         1231    i.SD_SendBlock      mmc_sd.o
    0x08006b22   0x00000078   Code   RO         1232    i.SD_SendCmd        mmc_sd.o
    0x08006b9a   0x00000022   Code   RO         1233    i.SD_WaitReady      mmc_sd.o
    0x08006bbc   0x00000090   Code   RO         1234    i.SD_WriteDisk      mmc_sd.o
    0x08006c4c   0x00000020   Code   RO          878    i.SPI1_Send_Byte    w5500.o
    0x08006c6c   0x0000001c   Code   RO          879    i.SPI1_Send_Short   w5500.o
    0x08006c88   0x00000094   Code   RO         1344    i.SPI2_Init         spi.o
    0x08006d1c   0x00000054   Code   RO         1345    i.SPI2_ReadWriteByte  spi.o
    0x08006d70   0x00000028   Code   RO         1346    i.SPI2_SetSpeed     spi.o
    0x08006d98   0x00000018   Code   RO         4949    i.SPI_Cmd           stm32f10x_spi.o
    0x08006db0   0x000000a4   Code   RO          880    i.SPI_Configuration  w5500.o
    0x08006e54   0x0000006c   Code   RO         1373    i.SPI_Flash_Init    flash.o
    0x08006ec0   0x00000058   Code   RO         1375    i.SPI_Flash_Read    flash.o
    0x08006f18   0x00000048   Code   RO         1376    i.SPI_Flash_ReadID  flash.o
    0x08006f60   0x00000012   Code   RO         4957    i.SPI_I2S_GetFlagStatus  stm32f10x_spi.o
    0x08006f72   0x00000006   Code   RO         4960    i.SPI_I2S_ReceiveData  stm32f10x_spi.o
    0x08006f78   0x00000004   Code   RO         4961    i.SPI_I2S_SendData  stm32f10x_spi.o
    0x08006f7c   0x0000003c   Code   RO         4962    i.SPI_Init          stm32f10x_spi.o
    0x08006fb8   0x0000002e   Code   RO          832    i.STMFLASH_Read     stmflash.o
    0x08006fe6   0x00000006   Code   RO          833    i.STMFLASH_ReadHalfWord  stmflash.o
    0x08006fec   0x00000218   Code   RO          834    i.STMFLASH_Write    stmflash.o
    0x08007204   0x00000026   Code   RO          835    i.STMFLASH_Write_NoCheck  stmflash.o
    0x0800722a   0x00000002   Code   RO          287    i.SVC_Handler       stm32f10x_it.o
    0x0800722c   0x00000018   Code   RO         1861    i.Save_Config       data_map.o
    0x08007244   0x00000018   Code   RO         1862    i.Save_LCD          data_map.o
    0x0800725c   0x00000028   Code   RO          678    i.See_BuffData      rf.o
    0x08007284   0x00000024   Code   RO          679    i.See_BuffNextData  rf.o
    0x080072a8   0x00000008   Code   RO          363    i.SetSysClock       system_stm32f10x.o
    0x080072b0   0x000000e0   Code   RO          364    i.SetSysClockTo72   system_stm32f10x.o
    0x08007390   0x00000060   Code   RO          680    i.Set_Device        rf.o
    0x080073f0   0x000000c4   Code   RO         2694    i.Set_Init          my_lcd.o
    0x080074b4   0x0000000c   Code   RO          681    i.Set_MyAddr        rf.o
    0x080074c0   0x0000001c   Code   RO          682    i.Set_MyChanel      rf.o
    0x080074dc   0x00000024   Code   RO          683    i.Set_MyIP          rf.o
    0x08007500   0x00000274   Code   RO         2695    i.Set_Save          my_lcd.o
    0x08007774   0x0000002a   Code   RO          882    i.Socket_Init       w5500.o
    0x0800779e   0x0000003c   Code   RO          884    i.Socket_UDP        w5500.o
    0x080077da   0x00000002   PAD
    0x080077dc   0x00000034   Code   RO         2252    i.SysPowerOff       power.o
    0x08007810   0x0000000c   Code   RO         2253    i.SysPowerOn        power.o
    0x0800781c   0x00000028   Code   RO         4190    i.SysTick_CLKSourceConfig  misc.o
    0x08007844   0x00000088   Code   RO         3642    i.SysTick_Handler   delay.o
    0x080078cc   0x00000038   Code   RO         2254    i.Sys_Init          power.o
    0x08007904   0x00000060   Code   RO          366    i.SystemInit        system_stm32f10x.o
    0x08007964   0x0000001c   Code   RO         2369    i.TIM3_IRQHandler   timer_1.o
    0x08007980   0x00000028   Code   RO         2370    i.TIM4_IRQHandler   timer_1.o
    0x080079a8   0x000000b0   Code   RO         2371    i.TIME3_Init        timer_1.o
    0x08007a58   0x00000060   Code   RO         2372    i.TIME4_Init        timer_1.o
    0x08007ab8   0x00000006   Code   RO         4407    i.TIM_ClearITPendingBit  stm32f10x_tim.o
    0x08007abe   0x00000018   Code   RO         4412    i.TIM_Cmd           stm32f10x_tim.o
    0x08007ad6   0x00000022   Code   RO         4433    i.TIM_GetITStatus   stm32f10x_tim.o
    0x08007af8   0x00000012   Code   RO         4437    i.TIM_ITConfig      stm32f10x_tim.o
    0x08007b0a   0x00000002   PAD
    0x08007b0c   0x000000a0   Code   RO         4451    i.TIM_OC3Init       stm32f10x_tim.o
    0x08007bac   0x00000012   Code   RO         4454    i.TIM_OC3PreloadConfig  stm32f10x_tim.o
    0x08007bbe   0x00000002   PAD
    0x08007bc0   0x0000007c   Code   RO         4456    i.TIM_OC4Init       stm32f10x_tim.o
    0x08007c3c   0x0000001a   Code   RO         4458    i.TIM_OC4PreloadConfig  stm32f10x_tim.o
    0x08007c56   0x00000002   PAD
    0x08007c58   0x000000a4   Code   RO         4483    i.TIM_TimeBaseInit  stm32f10x_tim.o
    0x08007cfc   0x0000005c   Code   RO         2524    i.TaskGetMsg        os_task.o
    0x08007d58   0x000000b0   Code   RO         2525    i.TaskIntSendMsg    os_task.o
    0x08007e08   0x00000040   Code   RO         2527    i.TaskPend          os_task.o
    0x08007e48   0x0000005c   Code   RO         2528    i.TaskRepend        os_task.o
    0x08007ea4   0x00000068   Code   RO         2529    i.TaskSendMsg       os_task.o
    0x08007f0c   0x00000054   Code   RO         2530    i.Task_AddFree      os_task.o
    0x08007f60   0x00000044   Code   RO         2531    i.Task_DelFree      os_task.o
    0x08007fa4   0x000002dc   Code   RO         2696    i.Time_Set          my_lcd.o
    0x08008280   0x00000050   Code   RO         2532    i.ToggleTasks       os_task.o
    0x080082d0   0x000000dc   Code   RO          685    i.USART1_IRQHandler  rf.o
    0x080083ac   0x00000068   Code   RO          435    i.USART2_IRQHandler  lcd.o
    0x08008414   0x00000012   Code   RO         4006    i.USART_ClearFlag   stm32f10x_usart.o
    0x08008426   0x00000018   Code   RO         4010    i.USART_Cmd         stm32f10x_usart.o
    0x0800843e   0x00000002   PAD
    0x08008440   0x0000009c   Code   RO         4012    i.USART_DeInit      stm32f10x_usart.o
    0x080084dc   0x0000001a   Code   RO         4013    i.USART_GetFlagStatus  stm32f10x_usart.o
    0x080084f6   0x00000054   Code   RO         4014    i.USART_GetITStatus  stm32f10x_usart.o
    0x0800854a   0x0000004a   Code   RO         4016    i.USART_ITConfig    stm32f10x_usart.o
    0x08008594   0x000000d8   Code   RO         4017    i.USART_Init        stm32f10x_usart.o
    0x0800866c   0x0000000a   Code   RO         4024    i.USART_ReceiveData  stm32f10x_usart.o
    0x08008676   0x00000008   Code   RO         4027    i.USART_SendData    stm32f10x_usart.o
    0x0800867e   0x00000002   PAD
    0x08008680   0x00000080   Code   RO         2960    i.Updata_DeviceNum  my_rf.o
    0x08008700   0x00000064   Code   RO         2961    i.Updata_devicestate  my_rf.o
    0x08008764   0x00000004   Code   RO          288    i.UsageFault_Handler  stm32f10x_it.o
    0x08008768   0x00000054   Code   RO         1383    i.W25Q_ReadWriteByte  flash.o
    0x080087bc   0x00000084   Code   RO          885    i.W5500_GPIO_Configuration  w5500.o
    0x08008840   0x0000003c   Code   RO          886    i.W5500_Hardware_Reset  w5500.o
    0x0800887c   0x00000078   Code   RO          887    i.W5500_Init        w5500.o
    0x080088f4   0x0000001e   Code   RO          888    i.W5500_Initialization  w5500.o
    0x08008912   0x00000002   PAD
    0x08008914   0x000000d8   Code   RO          891    i.Write_SOCK_Data_Buffer  w5500.o
    0x080089ec   0x00000030   Code   RO          892    i.Write_W5500_1Byte  w5500.o
    0x08008a1c   0x00000030   Code   RO          893    i.Write_W5500_2Byte  w5500.o
    0x08008a4c   0x0000003c   Code   RO          894    i.Write_W5500_SOCK_1Byte  w5500.o
    0x08008a88   0x0000003c   Code   RO          895    i.Write_W5500_SOCK_2Byte  w5500.o
    0x08008ac4   0x00000054   Code   RO          896    i.Write_W5500_SOCK_4Byte  w5500.o
    0x08008b18   0x00000044   Code   RO          897    i.Write_W5500_nByte  w5500.o
    0x08008b5c   0x00000028   Code   RO         5877    i.__ARM_fpclassify  m_ws.l(fpclassify.o)
    0x08008b84   0x000000aa   Code   RO         5879    i.__kernel_poly     m_ws.l(poly.o)
    0x08008c2e   0x00000002   PAD
    0x08008c30   0x00000010   Code   RO         5863    i.__mathlib_dbl_divzero  m_ws.l(dunder.o)
    0x08008c40   0x00000004   Code   RO         5865    i.__mathlib_dbl_infnan2  m_ws.l(dunder.o)
    0x08008c44   0x0000000c   Code   RO         5866    i.__mathlib_dbl_invalid  m_ws.l(dunder.o)
    0x08008c50   0x0000000e   Code   RO         5867    i.__mathlib_dbl_overflow  m_ws.l(dunder.o)
    0x08008c5e   0x00000002   PAD
    0x08008c60   0x00000010   Code   RO         5869    i.__mathlib_dbl_underflow  m_ws.l(dunder.o)
    0x08008c70   0x0000000e   Code   RO         5640    i._is_digit         c_w.l(__printf_wp.o)
    0x08008c7e   0x00000008   Code   RO          686    i._sys_exit         rf.o
    0x08008c86   0x00000002   Code   RO          687    i._ttywrch          rf.o
    0x08008c88   0x00000028   Code   RO         5293    i.bufchar           mqttpacket.o
    0x08008cb0   0x0000002a   Code   RO         1502    i.cJSON_AddItemToArray  cjson.o
    0x08008cda   0x00000002   PAD
    0x08008cdc   0x00000030   Code   RO         1503    i.cJSON_AddItemToObject  cjson.o
    0x08008d0c   0x00000024   Code   RO         1511    i.cJSON_CreateNumber  cjson.o
    0x08008d30   0x00000012   Code   RO         1512    i.cJSON_CreateObject  cjson.o
    0x08008d42   0x0000001c   Code   RO         1513    i.cJSON_CreateString  cjson.o
    0x08008d5e   0x00000002   PAD
    0x08008d60   0x00000050   Code   RO         1516    i.cJSON_Delete      cjson.o
    0x08008db0   0x0000001e   Code   RO         1525    i.cJSON_GetObjectItem  cjson.o
    0x08008dce   0x00000002   PAD
    0x08008dd0   0x00000040   Code   RO         1526    i.cJSON_InitHooks   cjson.o
    0x08008e10   0x00000020   Code   RO         1528    i.cJSON_New_Item    cjson.o
    0x08008e30   0x00000010   Code   RO         1529    i.cJSON_Parse       cjson.o
    0x08008e40   0x00000064   Code   RO         1530    i.cJSON_ParseWithOpts  cjson.o
    0x08008ea4   0x00000010   Code   RO         1532    i.cJSON_PrintUnformatted  cjson.o
    0x08008eb4   0x0000004c   Code   RO         1535    i.cJSON_strcasecmp  cjson.o
    0x08008f00   0x0000002c   Code   RO         1536    i.cJSON_strdup      cjson.o
    0x08008f2c   0x000000e8   Code   RO         2886    i.cfg_0x01          my_cfg.o
    0x08009014   0x000000b8   Code   RO         2887    i.cfg_0x06          my_cfg.o
    0x080090cc   0x00000048   Code   RO         2888    i.cfg_0x07          my_cfg.o
    0x08009114   0x00000094   Code   RO         2889    i.cfg_0x08          my_cfg.o
    0x080091a8   0x00000048   Code   RO         2890    i.cfg_0x09          my_cfg.o
    0x080091f0   0x0000008c   Code   RO         2891    i.cfg_retern        my_cfg.o
    0x0800927c   0x00000018   Code   RO          688    i.copy_data         rf.o
    0x08009294   0x000001ac   Code   RO         3248    i.dbg_Interpreter   my_debug.o
    0x08009440   0x00000068   Code   RO         3249    i.dbg_booting       my_debug.o
    0x080094a8   0x00000194   Code   RO         3250    i.dbg_copydata      my_debug.o
    0x0800963c   0x000000f4   Code   RO         3251    i.dbg_devconfig     my_debug.o
    0x08009730   0x00000054   Code   RO         3252    i.dbg_err           my_debug.o
    0x08009784   0x0000001c   Code   RO         3253    i.dbg_getdevname    my_debug.o
    0x080097a0   0x000000dc   Code   RO         3254    i.dbg_getdevstate   my_debug.o
    0x0800987c   0x000000e8   Code   RO         3255    i.dbg_getip         my_debug.o
    0x08009964   0x00000260   Code   RO         3256    i.dbg_help          my_debug.o
    0x08009bc4   0x00000638   Code   RO         3257    i.dbg_info          my_debug.o
    0x0800a1fc   0x000000ac   Code   RO         3258    i.dbg_mqtt          my_debug.o
    0x0800a2a8   0x00000094   Code   RO         3259    i.dbg_oche          my_debug.o
    0x0800a33c   0x00000040   Code   RO         3260    i.dbg_reboot        my_debug.o
    0x0800a37c   0x000000cc   Code   RO         3261    i.dbg_setchanel     my_debug.o
    0x0800a448   0x00000070   Code   RO         3262    i.dbg_task          my_debug.o
    0x0800a4b8   0x00000058   Code   RO         3643    i.delay_init        delay.o
    0x0800a510   0x00000038   Code   RO         3644    i.delay_ms          delay.o
    0x0800a548   0x00000050   Code   RO         3645    i.delay_us          delay.o
    0x0800a598   0x0000009c   Code   RO         1895    i.dhcp_ask          dhcp.o
    0x0800a634   0x0000025c   Code   RO         1896    i.dhcp_discover     dhcp.o
    0x0800a890   0x00000300   Code   RO         1897    i.dhcp_request      dhcp.o
    0x0800ab90   0x00000104   Code   RO         1898    i.dhcp_retry        dhcp.o
    0x0800ac94   0x00000100   Code   RO         2280    i.dns_answer        dns.o
    0x0800ad94   0x000000c8   Code   RO         2281    i.dns_makequery     dns.o
    0x0800ae5c   0x0000014c   Code   RO         2282    i.dns_query         dns.o
    0x0800afa8   0x00000026   Code   RO         2283    i.dns_question      dns.o
    0x0800afce   0x00000044   Code   RO         2892    i.exit_cfg          my_cfg.o
    0x0800b012   0x00000002   PAD
    0x0800b014   0x00000168   Code   RO         1192    i.fats_init         fats.o
    0x0800b17c   0x00000030   Code   RO         2433    i.find_messeg       os_msg.o
    0x0800b1ac   0x000000dc   Code   RO         5741    i.floor             m_ws.l(floor.o)
    0x0800b288   0x0000000c   Code   RO         3593    i.getIdleTask       my_idle.o
    0x0800b294   0x0000000c   Code   RO         2373    i.getSysRunTime     timer_1.o
    0x0800b2a0   0x0000002a   Code   RO         2150    i.get_collectorNumber  data_type.o
    0x0800b2ca   0x00000002   PAD
    0x0800b2cc   0x00000014   Code   RO         2151    i.get_devcfg        data_type.o
    0x0800b2e0   0x00000010   Code   RO         2661    i.get_keystate      my_key.o
    0x0800b2f0   0x00000080   Code   RO         2434    i.get_messeg        os_msg.o
    0x0800b370   0x00000066   Code   RO         2962    i.get_newstate      my_rf.o
    0x0800b3d6   0x00000002   PAD
    0x0800b3d8   0x0000000c   Code   RO         2155    i.get_syscfg        data_type.o
    0x0800b3e4   0x0000004c   Code   RO         3594    i.idle_task         my_idle.o
    0x0800b430   0x00000048   Code   RO         2893    i.into_cfg          my_cfg.o
    0x0800b478   0x00000008   Code   RO         1125    i.jianpu_end        beep.o
    0x0800b480   0x00000042   Code   RO         2070    i.json_cheek        wk_json.o
    0x0800b4c2   0x00000002   PAD
    0x0800b4c4   0x00000158   Code   RO         3087    i.json_close        my_w5500.o
    0x0800b61c   0x00000064   Code   RO         2071    i.json_get_devicname  wk_json.o
    0x0800b680   0x00000100   Code   RO         3088    i.json_mode         my_w5500.o
    0x0800b780   0x00000128   Code   RO         2072    i.json_return       wk_json.o
    0x0800b8a8   0x00000130   Code   RO         3089    i.json_setting      my_w5500.o
    0x0800b9d8   0x00000158   Code   RO         3091    i.json_start        my_w5500.o
    0x0800bb30   0x00000158   Code   RO         3092    i.json_startdown    my_w5500.o
    0x0800bc88   0x00000158   Code   RO         3093    i.json_startup      my_w5500.o
    0x0800bde0   0x00000124   Code   RO         3094    i.json_version      my_w5500.o
    0x0800bf04   0x0000002c   Code   RO          498    i.key_around        light.o
    0x0800bf30   0x0000002c   Code   RO          499    i.key_light         light.o
    0x0800bf5c   0x00000018   Code   RO          500    i.key_reset         light.o
    0x0800bf74   0x000003d8   Code   RO          502    i.key_send          light.o
    0x0800c34c   0x00000034   Code   RO          503    i.key_senddata      light.o
    0x0800c380   0x00000034   Code   RO         2697    i.lcd_beep          my_lcd.o
    0x0800c3b4   0x00000018   Code   RO         2698    i.lcd_chan_state    my_lcd.o
    0x0800c3cc   0x0000006c   Code   RO         2699    i.lcd_dataUp        my_lcd.o
    0x0800c438   0x00000184   Code   RO         2700    i.lcd_messeg_02     my_lcd.o
    0x0800c5bc   0x00000098   Code   RO         2701    i.lcd_messeg_03     my_lcd.o
    0x0800c654   0x00000014   Code   RO         2702    i.lcd_page          my_lcd.o
    0x0800c668   0x00000020   Code   RO         2703    i.lcd_set_data      my_lcd.o
    0x0800c688   0x000000f4   Code   RO         2704    i.lcd_sleep         my_lcd.o
    0x0800c77c   0x000000e4   Code   RO         2705    i.lcd_timetosleep   my_lcd.o
    0x0800c860   0x0000014c   Code   RO         2842    i.led_light         my_light.o
    0x0800c9ac   0x0000007c   Code   RO         2843    i.led_lightall      my_light.o
    0x0800ca28   0x00000028   Code   RO          507    i.led_resetall      light.o
    0x0800ca50   0x000001a8   Code   RO         2844    i.led_run           my_light.o
    0x0800cbf8   0x00000034   Code   RO          508    i.led_senddata      light.o
    0x0800cc2c   0x00000024   Code   RO          509    i.led_setall        light.o
    0x0800cc50   0x00000020   Code   RO          510    i.led_setcolor      light.o
    0x0800cc70   0x000001d8   Code   RO         2846    i.light_runto       my_light.o
    0x0800ce48   0x00000028   Code   RO          511    i.light_setcolor    light.o
    0x0800ce70   0x00000058   Code   RO         2156    i.load_dev_cfg      data_type.o
    0x0800cec8   0x00000050   Code   RO         2158    i.load_sys_cfg      data_type.o
    0x0800cf18   0x000000c4   Code   RO         2963    i.load_test_cfg     my_rf.o
    0x0800cfdc   0x00000042   Code   RO         2964    i.loushui_warn      my_rf.o
    0x0800d01e   0x00000002   PAD
    0x0800d020   0x000000f0   Code   RO            1    i.main              main.o
    0x0800d110   0x00000058   Code   RO         1045    i.mem_free          malloc.o
    0x0800d168   0x000000e0   Code   RO         1046    i.mem_init          malloc.o
    0x0800d248   0x00000098   Code   RO         1047    i.mem_malloc        malloc.o
    0x0800d2e0   0x00000034   Code   RO         1048    i.mem_perused       malloc.o
    0x0800d314   0x00000140   Code   RO         2331    i.mqtt_connect      baidu_iot.o
    0x0800d454   0x00000020   Code   RO         2437    i.msgInit           os_msg.o
    0x0800d474   0x00000554   Code   RO         3230    i.my_autocontrol    my_autocontrol.o
    0x0800d9c8   0x00000130   Code   RO         2894    i.my_cfg            my_cfg.o
    0x0800daf8   0x00000050   Code   RO         3264    i.my_debug          my_debug.o
    0x0800db48   0x0000001a   Code   RO         3379    i.my_iot            my_iot.o
    0x0800db62   0x00000002   PAD
    0x0800db64   0x000004cc   Code   RO         2662    i.my_key            my_key.o
    0x0800e030   0x00000174   Code   RO         2706    i.my_lcd            my_lcd.o
    0x0800e1a4   0x0000001c   Code   RO         2707    i.my_lcd_init       my_lcd.o
    0x0800e1c0   0x00000096   Code   RO         2847    i.my_light          my_light.o
    0x0800e256   0x00000002   PAD
    0x0800e258   0x0000018c   Code   RO         2965    i.my_rf_deal        my_rf.o
    0x0800e3e4   0x00000308   Code   RO         2966    i.my_rf_hand        my_rf.o
    0x0800e6ec   0x000002a8   Code   RO         2967    i.my_rf_loop        my_rf.o
    0x0800e994   0x00000070   Code   RO         3095    i.my_w5500          my_w5500.o
    0x0800ea04   0x00000028   Code   RO         1049    i.myfree            malloc.o
    0x0800ea2c   0x0000002c   Code   RO         1050    i.mymalloc          malloc.o
    0x0800ea58   0x0000001a   Code   RO         1051    i.mymemcpy          malloc.o
    0x0800ea72   0x00000014   Code   RO         1052    i.mymemset          malloc.o
    0x0800ea86   0x00000016   Code   RO         1899    i.nest_Options      dhcp.o
    0x0800ea9c   0x000000d4   Code   RO         1942    i.net_check_gateway  enternet.o
    0x0800eb70   0x00000064   Code   RO         1943    i.net_check_parameters  enternet.o
    0x0800ebd4   0x0000000e   Code   RO         1944    i.net_get_comstate  enternet.o
    0x0800ebe2   0x0000000e   Code   RO         1945    i.net_get_phycstate  enternet.o
    0x0800ebf0   0x00000018   Code   RO         1946    i.net_init          enternet.o
    0x0800ec08   0x00000010   Code   RO         1948    i.net_set_getway    enternet.o
    0x0800ec18   0x00000010   Code   RO         1949    i.net_set_myip      enternet.o
    0x0800ec28   0x00000010   Code   RO         1950    i.net_set_sub_mask  enternet.o
    0x0800ec38   0x00000024   Code   RO         1951    i.net_sysboot_init  enternet.o
    0x0800ec5c   0x000000a0   Code   RO         1952    i.net_test          enternet.o
    0x0800ecfc   0x00000064   Code   RO         1538    i.num_to_str        cjson.o
    0x0800ed60   0x00000008   Code   RO         2649    i.os_fats_init      os_fats.o
    0x0800ed68   0x00000014   Code   RO         2634    i.os_init           os_sys.o
    0x0800ed7c   0x00000008   Code   RO         2622    i.os_mem_init       os_mem.o
    0x0800ed84   0x0000000a   Code   RO         2438    i.os_msg_init       os_msg.o
    0x0800ed8e   0x00000008   Code   RO         2533    i.os_task_init      os_task.o
    0x0800ed96   0x000000de   Code   RO         2284    i.parseMSG          dns.o
    0x0800ee74   0x000000ac   Code   RO         1539    i.parse_array       cjson.o
    0x0800ef20   0x00000114   Code   RO         1540    i.parse_hex4        cjson.o
    0x0800f034   0x000000d8   Code   RO         2285    i.parse_name        dns.o
    0x0800f10c   0x000001bc   Code   RO         1541    i.parse_number      cjson.o
    0x0800f2c8   0x00000114   Code   RO         1542    i.parse_object      cjson.o
    0x0800f3dc   0x000001cc   Code   RO         1543    i.parse_string      cjson.o
    0x0800f5a8   0x000000bc   Code   RO         1544    i.parse_value       cjson.o
    0x0800f664   0x000009b8   Code   RO         5745    i.pow               m_ws.l(pow.o)
    0x0801001c   0x0000016c   Code   RO         1545    i.print_array       cjson.o
    0x08010188   0x00000174   Code   RO         1546    i.print_number      cjson.o
    0x080102fc   0x00000274   Code   RO         1547    i.print_object      cjson.o
    0x08010570   0x0000000c   Code   RO         1548    i.print_string      cjson.o
    0x0801057c   0x00000128   Code   RO         1549    i.print_string_ptr  cjson.o
    0x080106a4   0x00000094   Code   RO         1550    i.print_value       cjson.o
    0x08010738   0x0000000e   Code   RO         5295    i.readChar          mqttpacket.o
    0x08010746   0x00000002   PAD
    0x08010748   0x00000160   Code   RO         2073    i.recv_json         wk_json.o
    0x080108a8   0x000000a4   Code   RO         2968    i.rf_cjq_deal       my_rf.o
    0x0801094c   0x0000002e   Code   RO         3265    i.samestr           my_debug.o
    0x0801097a   0x00000048   Code   RO         2074    i.send_json         wk_json.o
    0x080109c2   0x00000002   PAD
    0x080109c4   0x000002a8   Code   RO         2075    i.send_json_adddevice  wk_json.o
    0x08010c6c   0x000002ac   Code   RO         3097    i.send_json_cj      my_w5500.o
    0x08010f18   0x000001e8   Code   RO         3098    i.send_json_kz      my_w5500.o
    0x08011100   0x0000025c   Code   RO         3099    i.send_json_limit   my_w5500.o
    0x0801135c   0x000001d0   Code   RO         3100    i.send_json_warn    my_w5500.o
    0x0801152c   0x00000084   Code   RO         2439    i.send_messeg       os_msg.o
    0x080115b0   0x00000042   Code   RO         3231    i.send_warn         my_autocontrol.o
    0x080115f2   0x00000002   PAD
    0x080115f4   0x00000144   Code   RO         2076    i.serch_server      wk_json.o
    0x08011738   0x00000048   Code   RO         2077    i.server_data       wk_json.o
    0x08011780   0x000000c0   Code   RO         2078    i.server_read_data  wk_json.o
    0x08011840   0x000000c8   Code   RO         2079    i.server_send_data  wk_json.o
    0x08011908   0x00000034   Code   RO         1126    i.set_jianpu        beep.o
    0x0801193c   0x00000012   Code   RO         1551    i.skip              cjson.o
    0x0801194e   0x00000002   PAD
    0x08011950   0x00000018   Code   RO          514    i.sm16703_reset     light.o
    0x08011968   0x000003d8   Code   RO          515    i.sm16703_send      light.o
    0x08011d40   0x0000001a   Code   RO         1954    i.socket_recv       enternet.o
    0x08011d5a   0x0000004c   Code   RO         5883    i.sqrt              m_ws.l(sqrt.o)
    0x08011da6   0x00000030   Code   RO         3266    i.str2num           my_debug.o
    0x08011dd6   0x00000006   Code   RO         1552    i.suffix_object     cjson.o
    0x08011ddc   0x0000013c   Code   RO         2162    i.sys_cfg_init      data_type.o
    0x08011f18   0x0000001a   Code   RO         1955    i.tcp_close         enternet.o
    0x08011f32   0x000000b6   Code   RO         1956    i.tcp_connect       enternet.o
    0x08011fe8   0x0000001c   Code   RO         1957    i.tcp_send          enternet.o
    0x08012004   0x00000040   Code   RO         1958    i.udp_close         enternet.o
    0x08012044   0x00000052   Code   RO         1959    i.udp_init          enternet.o
    0x08012096   0x0000004a   Code   RO         1960    i.udp_send          enternet.o
    0x080120e0   0x00000110   Code   RO         3101    i.wk_client         my_w5500.o
    0x080121f0   0x00000028   Code   RO         5298    i.writeCString      mqttpacket.o
    0x08012218   0x0000000c   Code   RO         5299    i.writeChar         mqttpacket.o
    0x08012224   0x00000030   Code   RO         5300    i.writeInt          mqttpacket.o
    0x08012254   0x0000003e   Code   RO         5301    i.writeMQTTString   mqttpacket.o
    0x08012292   0x00000090   Code   RO         2969    i.yt_newstate       my_rf.o
    0x08012322   0x00000002   PAD
    0x08012324   0x0000002c   Code   RO         5960    locale$$code        c_w.l(lc_ctype_c.o)
    0x08012350   0x0000002c   Code   RO         5963    locale$$code        c_w.l(lc_numeric_c.o)
    0x0801237c   0x00000062   Code   RO         5682    x$fpl$d2f           fz_ws.l(d2f.o)
    0x080123de   0x00000002   PAD
    0x080123e0   0x00000150   Code   RO         5684    x$fpl$dadd          fz_ws.l(daddsub_clz.o)
    0x08012530   0x00000010   Code   RO         5974    x$fpl$dcheck1       fz_ws.l(dcheck1.o)
    0x08012540   0x00000018   Code   RO         5848    x$fpl$dcmpinf       fz_ws.l(dcmpi.o)
    0x08012558   0x000002b0   Code   RO         5691    x$fpl$ddiv          fz_ws.l(ddiv.o)
    0x08012808   0x0000005e   Code   RO         5694    x$fpl$dfix          fz_ws.l(dfix.o)
    0x08012866   0x00000002   PAD
    0x08012868   0x0000005a   Code   RO         5698    x$fpl$dfixu         fz_ws.l(dfixu.o)
    0x080128c2   0x0000002e   Code   RO         5703    x$fpl$dflt          fz_ws.l(dflt_clz.o)
    0x080128f0   0x00000026   Code   RO         5702    x$fpl$dfltu         fz_ws.l(dflt_clz.o)
    0x08012916   0x00000002   PAD
    0x08012918   0x00000078   Code   RO         5708    x$fpl$dleqf         fz_ws.l(dleqf.o)
    0x08012990   0x00000154   Code   RO         5710    x$fpl$dmul          fz_ws.l(dmul.o)
    0x08012ae4   0x0000009c   Code   RO         5850    x$fpl$dnaninf       fz_ws.l(dnaninf.o)
    0x08012b80   0x0000000c   Code   RO         5852    x$fpl$dretinf       fz_ws.l(dretinf.o)
    0x08012b8c   0x0000006c   Code   RO         5712    x$fpl$drleqf        fz_ws.l(drleqf.o)
    0x08012bf8   0x00000016   Code   RO         5685    x$fpl$drsb          fz_ws.l(daddsub_clz.o)
    0x08012c0e   0x00000002   PAD
    0x08012c10   0x000001cc   Code   RO         5976    x$fpl$dsqrt         fz_ws.l(dsqrt_noumaal.o)
    0x08012ddc   0x000001d4   Code   RO         5686    x$fpl$dsub          fz_ws.l(daddsub_clz.o)
    0x08012fb0   0x000000c4   Code   RO         5716    x$fpl$fadd          fz_ws.l(faddsub_clz.o)
    0x08013074   0x00000018   Code   RO         5854    x$fpl$fcmpinf       fz_ws.l(fcmpi.o)
    0x0801308c   0x00000030   Code   RO         5727    x$fpl$fflt          fz_ws.l(fflt_clz.o)
    0x080130bc   0x00000026   Code   RO         5726    x$fpl$ffltu         fz_ws.l(fflt_clz.o)
    0x080130e2   0x00000002   PAD
    0x080130e4   0x00000068   Code   RO         5732    x$fpl$fleqf         fz_ws.l(fleqf.o)
    0x0801314c   0x00000102   Code   RO         5734    x$fpl$fmul          fz_ws.l(fmul.o)
    0x0801324e   0x0000008c   Code   RO         5856    x$fpl$fnaninf       fz_ws.l(fnaninf.o)
    0x080132da   0x0000000a   Code   RO         5858    x$fpl$fretinf       fz_ws.l(fretinf.o)
    0x080132e4   0x00000062   Code   RO         5736    x$fpl$frleqf        fz_ws.l(frleqf.o)
    0x08013346   0x00000002   PAD
    0x08013348   0x000000ea   Code   RO         5718    x$fpl$fsub          fz_ws.l(faddsub_clz.o)
    0x08013432   0x00000004   Code   RO         5738    x$fpl$printf1       fz_ws.l(printf1.o)
    0x08013436   0x00000064   Code   RO         6005    x$fpl$retnan        fz_ws.l(retnan.o)
    0x0801349a   0x0000005c   Code   RO         5860    x$fpl$scalbn        fz_ws.l(scalbn.o)
    0x080134f6   0x00000030   Code   RO         6032    x$fpl$trapveneer    fz_ws.l(trapv.o)
    0x08013526   0x00000000   Code   RO         5862    x$fpl$usenofp       fz_ws.l(usenofp.o)
    0x08013526   0x00000002   PAD
    0x08013528   0x00000010   Data   RO         1127    .constdata          beep.o
    0x08013538   0x00000200   Data   RO         1478    .constdata          crc8_16.o
    0x08013738   0x00000007   Data   RO         1553    .constdata          cjson.o
    0x0801373f   0x00000001   PAD
    0x08013740   0x00000058   Data   RO         2334    .constdata          baidu_iot.o
    0x08013798   0x00000038   Data   RO         3102    .constdata          my_w5500.o
    0x080137d0   0x00000040   Data   RO         3267    .constdata          my_debug.o
    0x08013810   0x00000028   Data   RO         5613    .constdata          c_w.l(_printf_hex_int.o)
    0x08013838   0x00000011   Data   RO         5643    .constdata          c_w.l(__printf_flags_wp.o)
    0x08013849   0x00000007   PAD
    0x08013850   0x00000088   Data   RO         5746    .constdata          m_ws.l(pow.o)
    0x080138d8   0x00000008   Data   RO         5881    .constdata          m_ws.l(qnan.o)
    0x080138e0   0x00000094   Data   RO         5935    .constdata          c_w.l(bigflt0.o)
    0x08013974   0x000000df   Data   RO         3268    .conststring        my_debug.o
    0x08013a53   0x00000001   PAD
    0x08013a54   0x00000020   Data   RO         6062    Region$$Table       anon$$obj.o
    0x08013a74   0x00000110   Data   RO         5959    locale$$data        c_w.l(lc_ctype_c.o)
    0x08013b84   0x0000001c   Data   RO         5962    locale$$data        c_w.l(lc_numeric_c.o)


    Execution Region RW_IRAM1 (Base: 0x20000004, Size: 0x00002514, Max: 0x000027fc, ABSOLUTE, COMPRESSED[0x00000088])

    Base Addr    Size         Type   Attr      Idx    E Section Name        Object

    0x20000004   0x00000014   Data   RW          367    .data               system_stm32f10x.o
    0x20000018   0x00000012   Data   RW          404    .data               key.o
    0x2000002a   0x00000002   Data   RW          437    .data               lcd.o
    0x2000002c   0x0000003c   Data   RW          516    .data               light.o
    0x20000068   0x00000039   Data   RW          691    .data               rf.o
    0x200000a1   0x00000006   Data   RW          898    .data               w5500.o
    0x200000a7   0x00000001   PAD
    0x200000a8   0x0000000c   Data   RW         1055    .data               malloc.o
    0x200000b4   0x00000014   Data   RW         1128    .data               beep.o
    0x200000c8   0x0000001e   Data   RW         1195    .data               fats.o
    0x200000e6   0x00000001   Data   RW         1235    .data               mmc_sd.o
    0x200000e7   0x00000001   PAD
    0x200000e8   0x00000002   Data   RW         1384    .data               flash.o
    0x200000ea   0x00000002   PAD
    0x200000ec   0x0000000c   Data   RW         1554    .data               cjson.o
    0x200000f8   0x00000010   Data   RW         1900    .data               dhcp.o
    0x20000108   0x00000006   Data   RW         1961    .data               enternet.o
    0x2000010e   0x00000001   Data   RW         2080    .data               wk_json.o
    0x2000010f   0x00000001   PAD
    0x20000110   0x00000010   Data   RW         2163    .data               data_type.o
    0x20000120   0x0000000a   Data   RW         2286    .data               dns.o
    0x2000012a   0x00000004   Data   RW         2335    .data               baidu_iot.o
    0x2000012e   0x00000002   PAD
    0x20000130   0x00000005   Data   RW         2374    .data               timer_1.o
    0x20000135   0x00000003   PAD
    0x20000138   0x00000025   Data   RW         2535    .data               os_task.o
    0x2000015d   0x00000012   Data   RW         2664    .data               my_key.o
    0x2000016f   0x00000001   PAD
    0x20000170   0x00000022   Data   RW         2708    .data               my_lcd.o
    0x20000192   0x0000002c   Data   RW         2848    .data               my_light.o
    0x200001be   0x00000001   Data   RW         2895    .data               my_cfg.o
    0x200001bf   0x00000007   Data   RW         3103    .data               my_w5500.o
    0x200001c6   0x00000009   Data   RW         3269    .data               my_debug.o
    0x200001cf   0x00000001   PAD
    0x200001d0   0x00000004   Data   RW         3380    .data               my_iot.o
    0x200001d4   0x00000004   Data   RW         3595    .data               my_idle.o
    0x200001d8   0x00000006   Data   RW         3646    .data               delay.o
    0x200001de   0x00000014   Data   RW         3838    .data               stm32f10x_rcc.o
    0x200001f2   0x00000002   PAD
    0x200001f4   0x00000004   Data   RW         5302    .data               mqttpacket.o
    0x200001f8   0x00001880   Zero   RW            2    .bss                main.o
    0x20001a78   0x0000001e   Zero   RW          436    .bss                lcd.o
    0x20001a96   0x00000085   Zero   RW          690    .bss                rf.o
    0x20001b1b   0x00000001   PAD
    0x20001b1c   0x00000014   Zero   RW         1054    .bss                malloc.o
    0x20001b30   0x000001b8   Zero   RW         1863    .bss                data_map.o
    0x20001ce8   0x000002d0   Zero   RW         2441    .bss                os_msg.o
    0x20001fb8   0x00000300   Zero   RW         2534    .bss                os_task.o
    0x200022b8   0x00000060   Zero   RW         5893    .bss                c_w.l(libspace.o)
    0x20002318   0x00000000   Zero   RW         3686    HEAP                startup_stm32f10x_hd.o
    0x20002318   0x00000200   Zero   RW         3685    STACK               startup_stm32f10x_hd.o


==============================================================================

Image component sizes


      Code (inc. data)   RO Data    RW Data    ZI Data      Debug   Object Name

       320         14         88          4          0       1748   baidu_iot.o
       620         82         16         20          0       4112   beep.o
      4390        246          7         12          0      22483   cjson.o
        32          0          0          0          0        500   core_cm3.o
        56         10        512          0          0       1178   crc8_16.o
       276         36          0          0        440       2651   data_map.o
       558         42          0         16          0       4185   data_type.o
       360         48          0          6          0       2169   delay.o
      1810        148          0         16          0       6890   dhcp.o
      1264         50          0         10          0       7145   dns.o
      1090         50          0          6          0      10055   enternet.o
       360         64          0         30          0       5153   fats.o
       352         36          0          2          0       2867   flash.o
       604         28          0         18          0       2478   key.o
       576         82          0          2         30       5367   lcd.o
      2648        116          0         60          0       9967   light.o
       240         90          0          0       6272     279073   main.o
       646         74          0         12         20       6094   malloc.o
       192         30          0          0          0       2423   misc.o
      1308         32          0          1          0      10405   mmc_sd.o
       596         18          0          0          0       2756   mqttconnectclient.o
       450         18          0          4          0       6390   mqttpacket.o
      1430         14          0          0          0       2589   my_autocontrol.o
      1292         66          0          1          0       5892   my_cfg.o
      4818       1998        287          9          0      11361   my_debug.o
        88         14          0          4          0       1093   my_idle.o
        98          8          0          4          0       1546   my_iot.o
      1244         26          0         18          0       2640   my_key.o
      4018        194          0         34          0      15514   my_lcd.o
      1502         92          0         44          0       4958   my_light.o
      3966         80          0          0          0      13174   my_rf.o
      5080       1142         56          7          0      12586   my_w5500.o
       184         34          0          0          0        340   os_cpu_a.o
       154          0          0          0          0        964   os_cpu_c.o
         8          0          0          0          0        431   os_fats.o
         8          0          0          0          0        406   os_mem.o
       350         18          0          0        720       4445   os_msg.o
        20          0          0          0          0        434   os_sys.o
      1088        146          0         37        768       9000   os_task.o
       120         14          0          0          0      16349   power.o
        52          6          0          0          0        461   relay.o
      1546        198          0         57        133      13907   rf.o
       272         18          0          0          0       1689   spi.o
        60         22        304          0        512        772   startup_stm32f10x_hd.o
       200         18          0          0          0       1964   stm32f10x_exti.o
       274         30          0          0          0       3178   stm32f10x_flash.o
       502         10          0          0          0       4761   stm32f10x_gpio.o
        62         10          0          0          0     220810   stm32f10x_it.o
       392         50          0         20          0       5836   stm32f10x_rcc.o
       112          0          0          0          0       3606   stm32f10x_spi.o
       574         62          0          0          0       5760   stm32f10x_tim.o
       616         28          0          0          0       6914   stm32f10x_usart.o
       626          6          0          0          0       3330   stmflash.o
       328         28          0         20          0       1917   system_stm32f10x.o
       396         36          0          5          0       3127   timer_1.o
      1892        114          0          6          0      13596   w5500.o
      2354        490          0          1          0       7771   wk_json.o

    ----------------------------------------------------------------------
     54538       6286       1304        500       8896     799210   Object Totals
         0          0         32          0          0          0   (incl. Generated)
        64          0          2         14          1          0   (incl. Padding)

    ----------------------------------------------------------------------

      Code (inc. data)   RO Data    RW Data    ZI Data      Debug   Library Member Name

        44          6          0          0          0         84   __2sprintf.o
        90          0          0          0          0          0   __dczerorl2.o
         8          0          0          0          0         68   __main.o
       312          4         17          0          0         92   __printf_flags_wp.o
        14          0          0          0          0         68   __printf_wp.o
         0          0          0          0          0          0   __rtentry.o
        12          0          0          0          0          0   __rtentry2.o
         6          0          0          0          0          0   __rtentry4.o
        52          8          0          0          0          0   __scatter.o
        28          0          0          0          0          0   __scatter_zi.o
        44          0          0          0          0        108   _printf_char.o
        48          6          0          0          0         96   _printf_char_common.o
         6          0          0          0          0          0   _printf_d.o
       120         16          0          0          0         92   _printf_dec.o
         6          0          0          0          0          0   _printf_e.o
         6          0          0          0          0          0   _printf_f.o
      1050          0          0          0          0        216   _printf_fp_dec.o
       128         16          0          0          0         84   _printf_fp_infnan.o
        88          4         40          0          0         88   _printf_hex_int.o
       178          0          0          0          0         88   _printf_intcommon.o
        78          0          0          0          0        108   _printf_pad.o
         0          0          0          0          0          0   _printf_percent.o
         4          0          0          0          0          0   _printf_percent_end.o
         6          0          0          0          0          0   _printf_s.o
        82          0          0          0          0         80   _printf_str.o
         6          0          0          0          0          0   _printf_x.o
        22          0          0          0          0        100   _rserrno.o
        10          0          0          0          0         68   _sputc.o
       220          4        148          0          0         96   bigflt0.o
      1910        128          0          0          0        672   btod.o
        10          0          0          0          0         68   defsig_exit.o
        50          0          0          0          0         88   defsig_general.o
        80         58          0          0          0         76   defsig_rtmem_inner.o
        14          0          0          0          0         80   defsig_rtmem_outer.o
        12          0          0          0          0         72   exit.o
        94          0          0          0          0         80   h1_alloc.o
        52          0          0          0          0         68   h1_extend.o
        78          0          0          0          0         80   h1_free.o
        14          0          0          0          0         84   h1_init.o
         6          0          0          0          0        152   heapauxi.o
         4          0          0          0          0        136   hguard.o
       138          0          0          0          0        168   init_alloc.o
        44         10        272          0          0         76   lc_ctype_c.o
        44         10         28          0          0         76   lc_numeric_c.o
         2          0          0          0          0          0   libinit.o
        38          0          0          0          0          0   libinit2.o
         2          0          0          0          0          0   libshutdown.o
         2          0          0          0          0          0   libshutdown2.o
         8          4          0          0         96         68   libspace.o
       138          0          0          0          0         80   lludiv10.o
         0          0          0          0          0          0   maybetermalloc1.o
        16          4          0          0          0         76   rt_ctype_table.o
         8          4          0          0          0         68   rt_errno_addr_intlibspace.o
         8          4          0          0          0         68   rt_heap_descriptor_intlibspace.o
         8          4          0          0          0         68   rt_locale_intlibspace.o
        68          0          0          0          0         68   rt_memclr.o
        78          0          0          0          0         80   rt_memclr_w.o
       138          0          0          0          0         68   rt_memcpy_v6.o
       100          0          0          0          0         80   rt_memcpy_w.o
         2          0          0          0          0          0   rtexit.o
        10          0          0          0          0          0   rtexit2.o
        20          0          0          0          0         68   strchr.o
       128          0          0          0          0         68   strcmpv7m.o
        72          0          0          0          0         80   strcpy.o
        62          0          0          0          0         76   strlen.o
       150          0          0          0          0         80   strncmp.o
        86          0          0          0          0         76   strncpy.o
        74          0          0          0          0         80   sys_stackheap_outer.o
        26          0          0          0          0         76   tolower.o
         2          0          0          0          0         68   use_no_semi.o
         2          0          0          0          0         68   use_no_semi_2.o
        98          4          0          0          0         92   d2f.o
       826         16          0          0          0        348   daddsub_clz.o
        16          4          0          0          0         68   dcheck1.o
        24          0          0          0          0         68   dcmpi.o
       688        140          0          0          0        208   ddiv.o
        94          4          0          0          0         92   dfix.o
        90          4          0          0          0         92   dfixu.o
        84          0          0          0          0        136   dflt_clz.o
       120          4          0          0          0         92   dleqf.o
       340         12          0          0          0        104   dmul.o
       156          4          0          0          0         92   dnaninf.o
        12          0          0          0          0         68   dretinf.o
       108          0          0          0          0         80   drleqf.o
       460         56          0          0          0        120   dsqrt_noumaal.o
       430          8          0          0          0        168   faddsub_clz.o
        24          0          0          0          0         68   fcmpi.o
        86          0          0          0          0        136   fflt_clz.o
       104          4          0          0          0         84   fleqf.o
       258          4          0          0          0         84   fmul.o
       140          4          0          0          0         84   fnaninf.o
        10          0          0          0          0         68   fretinf.o
        98          0          0          0          0         68   frleqf.o
         4          0          0          0          0         68   printf1.o
       100          0          0          0          0         68   retnan.o
        92          0          0          0          0         68   scalbn.o
        48          0          0          0          0         68   trapv.o
         0          0          0          0          0          0   usenofp.o
        62         10          0          0          0        340   dunder.o
       220         16          0          0          0         84   floor.o
        40          0          0          0          0         68   fpclassify.o
       170          0          0          0          0         96   poly.o
      2488        190        136          0          0        300   pow.o
         0          0          8          0          0          0   qnan.o
        76          0          0          0          0         84   sqrt.o

    ----------------------------------------------------------------------
     14062        774        656          0         96       8640   Library Totals
        30          0          7          0          0          0   (incl. Padding)

    ----------------------------------------------------------------------

      Code (inc. data)   RO Data    RW Data    ZI Data      Debug   Library Name

      6466        290        505          0         96       4976   c_w.l
      4510        268          0          0          0       2692   fz_ws.l
      3056        216        144          0          0        972   m_ws.l

    ----------------------------------------------------------------------
     14062        774        656          0         96       8640   Library Totals

    ----------------------------------------------------------------------

==============================================================================


      Code (inc. data)   RO Data    RW Data    ZI Data      Debug   

     68600       7060       1960        500       8992     782158   Grand Totals
     68600       7060       1960        136       8992     782158   ELF Image Totals (compressed)
     68600       7060       1960        136          0          0   ROM Totals

==============================================================================

    Total RO  Size (Code + RO Data)                70560 (  68.91kB)
    Total RW  Size (RW Data + ZI Data)              9492 (   9.27kB)
    Total ROM Size (Code + RO Data + RW Data)      70696 (  69.04kB)

==============================================================================

