Component: ARM Compiler 5.05 update 1 (build 106) Tool: armlink [4d0efa]

==============================================================================

Section Cross References

    main.o(i.main) refers to power.o(i.SysPowerOn) for SysPowerOn
    main.o(i.main) refers to data_type.o(i.sys_cfg_init) for sys_cfg_init
    main.o(i.main) refers to os_task.o(i.CreateTask) for CreateTask
    main.o(i.main) refers to os_task.o(i.OSStart) for OSStart
    main.o(i.main) refers to main.o(.bss) for my_keytack
    main.o(i.main) refers to my_key.o(i.my_key) for my_key
    main.o(i.main) refers to my_lcd_new.o(i.my_lcd_new) for my_lcd_new
    main.o(i.main) refers to my_rf.o(i.my_rf_loop) for my_rf_loop
    main.o(i.main) refers to my_light.o(i.my_light) for my_light
    main.o(i.main) refers to my_rf.o(i.my_rf_hand) for my_rf_hand
    main.o(i.main) refers to my_rf.o(i.my_rf_deal) for my_rf_deal
    main.o(i.main) refers to my_w5500.o(i.my_w5500) for my_w5500
    main.o(i.main) refers to my_autocontrol.o(i.my_autocontrol) for my_autocontrol
    main.o(i.main) refers to my_cfg.o(i.my_cfg) for my_cfg
    main.o(i.main) refers to my_iot.o(i.my_iot) for my_iot
    stm32f10x_it.o(i.BusFault_Handler) refers to stm32f10x_it.o(i.NVIC_SystemReset) for NVIC_SystemReset
    stm32f10x_it.o(i.DebugMon_Handler) refers to stm32f10x_it.o(i.NVIC_SystemReset) for NVIC_SystemReset
    stm32f10x_it.o(i.HardFault_Handler) refers to stm32f10x_it.o(i.NVIC_SystemReset) for NVIC_SystemReset
    stm32f10x_it.o(i.MemManage_Handler) refers to stm32f10x_it.o(i.NVIC_SystemReset) for NVIC_SystemReset
    stm32f10x_it.o(i.NMI_Handler) refers to stm32f10x_it.o(i.NVIC_SystemReset) for NVIC_SystemReset
    stm32f10x_it.o(i.UsageFault_Handler) refers to stm32f10x_it.o(i.NVIC_SystemReset) for NVIC_SystemReset
    system_stm32f10x.o(i.SetSysClock) refers to system_stm32f10x.o(i.SetSysClockTo72) for SetSysClockTo72
    system_stm32f10x.o(i.SystemCoreClockUpdate) refers to system_stm32f10x.o(.data) for SystemCoreClock
    system_stm32f10x.o(i.SystemInit) refers to system_stm32f10x.o(i.SetSysClock) for SetSysClock
    key.o(i.Get_Key) refers to key.o(.data) for KEYS
    key.o(i.KEY_IRQHandler) refers to stm32f10x_gpio.o(i.GPIO_ReadInputData) for GPIO_ReadInputData
    key.o(i.KEY_IRQHandler) refers to os_task.o(i.TaskIntSendMsg) for TaskIntSendMsg
    key.o(i.KEY_IRQHandler) refers to key.o(.data) for key_valid
    key.o(i.Key_Init) refers to stm32f10x_rcc.o(i.RCC_APB2PeriphClockCmd) for RCC_APB2PeriphClockCmd
    key.o(i.Key_Init) refers to stm32f10x_gpio.o(i.GPIO_Init) for GPIO_Init
    key.o(i.Key_Init) refers to key.o(i.TIME4_Init) for TIME4_Init
    key.o(i.TIM4_IRQHandler) refers to stm32f10x_tim.o(i.TIM_GetITStatus) for TIM_GetITStatus
    key.o(i.TIM4_IRQHandler) refers to stm32f10x_tim.o(i.TIM_ClearITPendingBit) for TIM_ClearITPendingBit
    key.o(i.TIM4_IRQHandler) refers to key.o(i.KEY_IRQHandler) for KEY_IRQHandler
    key.o(i.TIM4_IRQHandler) refers to my_iot.o(i.IOT_Hander) for IOT_Hander
    key.o(i.TIME4_Init) refers to stm32f10x_rcc.o(i.RCC_APB1PeriphClockCmd) for RCC_APB1PeriphClockCmd
    key.o(i.TIME4_Init) refers to stm32f10x_tim.o(i.TIM_TimeBaseInit) for TIM_TimeBaseInit
    key.o(i.TIME4_Init) refers to stm32f10x_tim.o(i.TIM_ITConfig) for TIM_ITConfig
    key.o(i.TIME4_Init) refers to misc.o(i.NVIC_Init) for NVIC_Init
    key.o(i.TIME4_Init) refers to stm32f10x_tim.o(i.TIM_Cmd) for TIM_Cmd
    lcd.o(i.LCD_Init) refers to stm32f10x_rcc.o(i.RCC_APB2PeriphClockCmd) for RCC_APB2PeriphClockCmd
    lcd.o(i.LCD_Init) refers to stm32f10x_rcc.o(i.RCC_APB1PeriphClockCmd) for RCC_APB1PeriphClockCmd
    lcd.o(i.LCD_Init) refers to stm32f10x_gpio.o(i.GPIO_Init) for GPIO_Init
    lcd.o(i.LCD_Init) refers to stm32f10x_rcc.o(i.RCC_APB1PeriphResetCmd) for RCC_APB1PeriphResetCmd
    lcd.o(i.LCD_Init) refers to stm32f10x_usart.o(i.USART_Init) for USART_Init
    lcd.o(i.LCD_Init) refers to misc.o(i.NVIC_Init) for NVIC_Init
    lcd.o(i.LCD_Init) refers to stm32f10x_usart.o(i.USART_ITConfig) for USART_ITConfig
    lcd.o(i.LCD_Init) refers to stm32f10x_usart.o(i.USART_Cmd) for USART_Cmd
    lcd.o(i.LCD_Receive_Data) refers to lcd.o(.data) for RS485_RX_CNT
    lcd.o(i.LCD_Receive_Data) refers to lcd.o(.bss) for RS485_RX_BUF
    lcd.o(i.LCD_Send_Data) refers to stm32f10x_usart.o(i.USART_GetFlagStatus) for USART_GetFlagStatus
    lcd.o(i.LCD_Send_Data) refers to stm32f10x_usart.o(i.USART_SendData) for USART_SendData
    lcd.o(i.LCD_Send_Data) refers to lcd.o(.data) for RS485_RX_CNT
    lcd.o(i.LCD_SetFocus) refers to lcd.o(.data) for LCD_FOCUS
    lcd.o(i.Lcd_GetHandstate) refers to data_map.o(.bss) for ALL_PARAMETERS
    lcd.o(i.Lcd_GetLimitData) refers to data_map.o(.bss) for ALL_PARAMETERS
    lcd.o(i.Lcd_SetHandstate) refers to data_map.o(.bss) for ALL_PARAMETERS
    lcd.o(i.Lcd_SetLimitData) refers to data_map.o(.bss) for ALL_PARAMETERS
    lcd.o(i.USART2_IRQHandler) refers to stm32f10x_usart.o(i.USART_GetITStatus) for USART_GetITStatus
[...]
    key_reset                                0x0800b039   Thumb Code    18  light.o(i.key_reset)
    key_send                                 0x0800b051   Thumb Code   974  light.o(i.key_send)
    key_senddata                             0x0800b429   Thumb Code    44  light.o(i.key_senddata)
    lcd_about                                0x0800b45d   Thumb Code   118  my_lcd_new.o(i.lcd_about)
    lcd_change_str                           0x0800b4dd   Thumb Code    72  my_lcd_new.o(i.lcd_change_str)
    lcd_change_value                         0x0800b525   Thumb Code    48  my_lcd_new.o(i.lcd_change_value)
    lcd_deal_key                             0x0800b55d   Thumb Code    32  my_lcd_new.o(i.lcd_deal_key)
    lcd_deal_str                             0x0800b57d   Thumb Code    86  my_lcd_new.o(i.lcd_deal_str)
    lcd_energySaving                         0x0800b5d5   Thumb Code   120  my_lcd_new.o(i.lcd_energySaving)
    lcd_environmentalControl                 0x0800b655   Thumb Code   120  my_lcd_new.o(i.lcd_environmentalControl)
    lcd_generalSet                           0x0800b6d5   Thumb Code   106  my_lcd_new.o(i.lcd_generalSet)
    lcd_load                                 0x0800b749   Thumb Code   260  my_lcd_new.o(i.lcd_load)
    lcd_main                                 0x0800b8a1   Thumb Code   416  my_lcd_new.o(i.lcd_main)
    lcd_operation                            0x0800ba55   Thumb Code   170  my_lcd_new.o(i.lcd_operation)
    lcd_passwordInterface                    0x0800bb09   Thumb Code   120  my_lcd_new.o(i.lcd_passwordInterface)
    lcd_power                                0x0800bb89   Thumb Code   118  my_lcd_new.o(i.lcd_power)
    lcd_setchoose                            0x0800bc09   Thumb Code   206  my_lcd_new.o(i.lcd_setchoose)
    lcd_timeSet                              0x0800bcf9   Thumb Code   120  my_lcd_new.o(i.lcd_timeSet)
    lcd_turn_page                            0x0800bd79   Thumb Code    26  my_lcd_new.o(i.lcd_turn_page)
    lcd_wizard1                              0x0800bd9d   Thumb Code   336  my_lcd_new.o(i.lcd_wizard1)
    lcd_wizard2                              0x0800bef5   Thumb Code   170  my_lcd_new.o(i.lcd_wizard2)
    led_light                                0x0800bfad   Thumb Code   332  my_light.o(i.led_light)
    led_lightall                             0x0800c0f9   Thumb Code    92  my_light.o(i.led_lightall)
    led_resetall                             0x0800c165   Thumb Code    34  light.o(i.led_resetall)
    led_run                                  0x0800c18d   Thumb Code   350  my_light.o(i.led_run)
    led_senddata                             0x0800c2fd   Thumb Code    44  light.o(i.led_senddata)
    led_setall                               0x0800c331   Thumb Code    32  light.o(i.led_setall)
    led_setcolor                             0x0800c355   Thumb Code    28  light.o(i.led_setcolor)
    load_dev_cfg                             0x0800c375   Thumb Code    82  data_type.o(i.load_dev_cfg)
    load_sys_cfg                             0x0800c3cd   Thumb Code    74  data_type.o(i.load_sys_cfg)
    loushui_warn                             0x0800c41d   Thumb Code    66  my_rf.o(i.loushui_warn)
    main                                     0x0800c461   Thumb Code   138  main.o(i.main)
    mem_free                                 0x0800c53d   Thumb Code    74  malloc.o(i.mem_free)
    mem_init                                 0x0800c595   Thumb Code   194  malloc.o(i.mem_init)
    mem_malloc                               0x0800c675   Thumb Code   138  malloc.o(i.mem_malloc)
    mem_perused                              0x0800c70d   Thumb Code    44  malloc.o(i.mem_perused)
    mqtt_connect                             0x0800c741   Thumb Code   306  baidu_iot.o(i.mqtt_connect)
    my_autocontrol                           0x0800c881   Thumb Code  1136  my_autocontrol.o(i.my_autocontrol)
    my_cfg                                   0x0800ccf1   Thumb Code   300  my_cfg.o(i.my_cfg)
    my_debug                                 0x0800ce21   Thumb Code    70  my_debug.o(i.my_debug)
    my_iot                                   0x0800ce71   Thumb Code    26  my_iot.o(i.my_iot)
    my_key                                   0x0800ce8d   Thumb Code  1096  my_key.o(i.my_key)
    my_lcd_init                              0x0800d2d5   Thumb Code    22  my_lcd.o(i.my_lcd_init)
    my_lcd_new                               0x0800d2f1   Thumb Code   100  my_lcd_new.o(i.my_lcd_new)
    my_light                                 0x0800d365   Thumb Code   114  my_light.o(i.my_light)
    my_rf_deal                               0x0800d3d9   Thumb Code   554  my_rf.o(i.my_rf_deal)
    my_rf_hand                               0x0800d60d   Thumb Code   786  my_rf.o(i.my_rf_hand)
    my_rf_loop                               0x0800d925   Thumb Code   536  my_rf.o(i.my_rf_loop)
    my_w5500                                 0x0800db51   Thumb Code    94  my_w5500.o(i.my_w5500)
    myfree                                   0x0800dbc1   Thumb Code    36  malloc.o(i.myfree)
    mymalloc                                 0x0800dbe9   Thumb Code    40  malloc.o(i.mymalloc)
    mymemcpy                                 0x0800dc15   Thumb Code    26  malloc.o(i.mymemcpy)
    mymemset                                 0x0800dc2f   Thumb Code    20  malloc.o(i.mymemset)
    nest_Options                             0x0800dc43   Thumb Code    22  dhcp.o(i.nest_Options)
    net_check_gateway                        0x0800dc59   Thumb Code   208  enternet.o(i.net_check_gateway)
    net_check_parameters                     0x0800dd2d   Thumb Code    88  enternet.o(i.net_check_parameters)
    net_get_comstate                         0x0800dd91   Thumb Code    14  enternet.o(i.net_get_comstate)
    net_get_phycstate                        0x0800dd9f   Thumb Code    14  enternet.o(i.net_get_phycstate)
    net_init                                 0x0800ddad   Thumb Code    24  enternet.o(i.net_init)
    net_set_getway                           0x0800ddc5   Thumb Code    16  enternet.o(i.net_set_getway)
    net_set_myip                             0x0800ddd5   Thumb Code    16  enternet.o(i.net_set_myip)
    net_set_sub_mask                         0x0800dde5   Thumb Code    16  enternet.o(i.net_set_sub_mask)
    net_sysboot_init                         0x0800ddf5   Thumb Code    22  enternet.o(i.net_sysboot_init)
    net_test                                 0x0800de19   Thumb Code   140  enternet.o(i.net_test)
    num_to_str                               0x0800deb9   Thumb Code   100  cjson.o(i.num_to_str)
    os_fats_init                             0x0800df1d   Thumb Code     8  os_fats.o(i.os_fats_init)
    os_init                                  0x0800df25   Thumb Code    20  os_sys.o(i.os_init)
    os_mem_init                              0x0800df39   Thumb Code     8  os_mem.o(i.os_mem_init)
    os_msg_init                              0x0800df41   Thumb Code     4  os_msg.o(i.os_msg_init)
    os_task_init                             0x0800df45   Thumb Code     8  os_task.o(i.os_task_init)
    parseMSG                                 0x0800df4d   Thumb Code   222  dns.o(i.parseMSG)
    parse_name                               0x0800e1ed   Thumb Code   216  dns.o(i.parse_name)
    pow                                      0x0800e81d   Thumb Code  2478  pow.o(i.pow)
    readChar                                 0x0800f8f1   Thumb Code    14  mqttpacket.o(i.readChar)
    recv_json                                0x0800f901   Thumb Code   266  wk_json.o(i.recv_json)
    samestr                                  0x0800fa61   Thumb Code    46  my_debug.o(i.samestr)
    send_json                                0x0800fa8f   Thumb Code    72  wk_json.o(i.send_json)
    send_json_adddevice                      0x0800fad9   Thumb Code   558  wk_json.o(i.send_json_adddevice)
    send_json_cj                             0x0800fd81   Thumb Code   542  my_w5500.o(i.send_json_cj)
    send_json_kz                             0x0801002d   Thumb Code   318  my_w5500.o(i.send_json_kz)
    send_json_limit                          0x080101d1   Thumb Code   440  my_w5500.o(i.send_json_limit)
    send_json_warn                           0x0801042d   Thumb Code   334  my_w5500.o(i.send_json_warn)
    send_messeg                              0x080105fd   Thumb Code    92  os_msg.o(i.send_messeg)
    send_warn                                0x0801065d   Thumb Code    66  my_autocontrol.o(i.send_warn)
    serch_server                             0x080106a1   Thumb Code   220  wk_json.o(i.serch_server)
    server_data                              0x080107c5   Thumb Code    72  wk_json.o(i.server_data)
    server_read_data                         0x0801080d   Thumb Code   168  wk_json.o(i.server_read_data)
    server_send_data                         0x080108cd   Thumb Code   172  wk_json.o(i.server_send_data)
    set_jianpu                               0x08010995   Thumb Code    52  beep.o(i.set_jianpu)
    sm16703_reset                            0x080109dd   Thumb Code    18  light.o(i.sm16703_reset)
    sm16703_send                             0x080109f5   Thumb Code   974  light.o(i.sm16703_send)
    socket_recv                              0x08010dcd   Thumb Code    26  enternet.o(i.socket_recv)
    sqrt                                     0x08010de7   Thumb Code    76  sqrt.o(i.sqrt)
    str2num                                  0x08010e33   Thumb Code    48  my_debug.o(i.str2num)
    sys_cfg_init                             0x08010e69   Thumb Code   282  data_type.o(i.sys_cfg_init)
    tcp_close                                0x08010f95   Thumb Code    26  enternet.o(i.tcp_close)
    tcp_connect                              0x08010faf   Thumb Code   194  enternet.o(i.tcp_connect)
    tcp_send                                 0x08011071   Thumb Code    28  enternet.o(i.tcp_send)
    udp_close                                0x0801108d   Thumb Code    64  enternet.o(i.udp_close)
    udp_init                                 0x080110cd   Thumb Code    82  enternet.o(i.udp_init)
    udp_send                                 0x0801111f   Thumb Code    74  enternet.o(i.udp_send)
    wk_client                                0x08011169   Thumb Code   252  my_w5500.o(i.wk_client)
    writeCString                             0x08011279   Thumb Code    40  mqttpacket.o(i.writeCString)
    writeChar                                0x080112a1   Thumb Code    12  mqttpacket.o(i.writeChar)
    writeInt                                 0x080112ad   Thumb Code    48  mqttpacket.o(i.writeInt)
    writeMQTTString                          0x080112dd   Thumb Code    62  mqttpacket.o(i.writeMQTTString)
    yt_newstate                              0x0801131b   Thumb Code   144  my_rf.o(i.yt_newstate)
    _get_lc_ctype                            0x080113ad   Thumb Code    44  lc_ctype_c.o(locale$$code)
    _get_lc_numeric                          0x080113d9   Thumb Code    44  lc_numeric_c.o(locale$$code)
    __aeabi_d2f                              0x08011405   Thumb Code     0  d2f.o(x$fpl$d2f)
    _d2f                                     0x08011405   Thumb Code    98  d2f.o(x$fpl$d2f)
    __aeabi_dadd                             0x08011469   Thumb Code     0  daddsub_clz.o(x$fpl$dadd)
    _dadd                                    0x08011469   Thumb Code   332  daddsub_clz.o(x$fpl$dadd)
    __fpl_dcheck_NaN1                        0x080115b9   Thumb Code    10  dcheck1.o(x$fpl$dcheck1)
    __fpl_dcmp_Inf                           0x080115c9   Thumb Code    24  dcmpi.o(x$fpl$dcmpinf)
    __aeabi_ddiv                             0x080115e1   Thumb Code     0  ddiv.o(x$fpl$ddiv)
    _ddiv                                    0x080115e1   Thumb Code   552  ddiv.o(x$fpl$ddiv)
    __aeabi_d2iz                             0x08011891   Thumb Code     0  dfix.o(x$fpl$dfix)
    _dfix                                    0x08011891   Thumb Code    94  dfix.o(x$fpl$dfix)
    __aeabi_d2uiz                            0x080118f1   Thumb Code     0  dfixu.o(x$fpl$dfixu)
    _dfixu                                   0x080118f1   Thumb Code    90  dfixu.o(x$fpl$dfixu)
    __aeabi_i2d                              0x0801194b   Thumb Code     0  dflt_clz.o(x$fpl$dflt)
    _dflt                                    0x0801194b   Thumb Code    46  dflt_clz.o(x$fpl$dflt)
    __aeabi_ui2d                             0x08011979   Thumb Code     0  dflt_clz.o(x$fpl$dfltu)
    _dfltu                                   0x08011979   Thumb Code    38  dflt_clz.o(x$fpl$dfltu)
    __aeabi_cdcmple                          0x080119a1   Thumb Code     0  dleqf.o(x$fpl$dleqf)
    _dcmple                                  0x080119a1   Thumb Code   120  dleqf.o(x$fpl$dleqf)
    __fpl_dcmple_InfNaN                      0x08011a03   Thumb Code     0  dleqf.o(x$fpl$dleqf)
    __aeabi_dmul                             0x08011a19   Thumb Code     0  dmul.o(x$fpl$dmul)
    _dmul                                    0x08011a19   Thumb Code   332  dmul.o(x$fpl$dmul)
    __fpl_dnaninf                            0x08011b6d   Thumb Code   156  dnaninf.o(x$fpl$dnaninf)
    __fpl_dretinf                            0x08011c09   Thumb Code    12  dretinf.o(x$fpl$dretinf)
    __aeabi_cdrcmple                         0x08011c15   Thumb Code     0  drleqf.o(x$fpl$drleqf)
    _drcmple                                 0x08011c15   Thumb Code   108  drleqf.o(x$fpl$drleqf)
    __aeabi_drsub                            0x08011c81   Thumb Code     0  daddsub_clz.o(x$fpl$drsb)
    _drsb                                    0x08011c81   Thumb Code    22  daddsub_clz.o(x$fpl$drsb)
    _dsqrt                                   0x08011c99   Thumb Code   456  dsqrt_noumaal.o(x$fpl$dsqrt)
    __aeabi_dsub                             0x08011e65   Thumb Code     0  daddsub_clz.o(x$fpl$dsub)
    _dsub                                    0x08011e65   Thumb Code   464  daddsub_clz.o(x$fpl$dsub)
    __fpl_fcmp_Inf                           0x08012039   Thumb Code    24  fcmpi.o(x$fpl$fcmpinf)
    __aeabi_ui2f                             0x08012051   Thumb Code     0  fflt_clz.o(x$fpl$ffltu)
    _ffltu                                   0x08012051   Thumb Code    38  fflt_clz.o(x$fpl$ffltu)
    __aeabi_cfcmple                          0x08012079   Thumb Code     0  fleqf.o(x$fpl$fleqf)
    _fcmple                                  0x08012079   Thumb Code   104  fleqf.o(x$fpl$fleqf)
    __fpl_fcmple_InfNaN                      0x080120cb   Thumb Code     0  fleqf.o(x$fpl$fleqf)
    __aeabi_fmul                             0x080120e1   Thumb Code     0  fmul.o(x$fpl$fmul)
    _fmul                                    0x080120e1   Thumb Code   258  fmul.o(x$fpl$fmul)
    __fpl_fnaninf                            0x080121e3   Thumb Code   140  fnaninf.o(x$fpl$fnaninf)
    __fpl_fretinf                            0x0801226f   Thumb Code    10  fretinf.o(x$fpl$fretinf)
    __aeabi_cfrcmple                         0x08012279   Thumb Code     0  frleqf.o(x$fpl$frleqf)
    _frcmple                                 0x08012279   Thumb Code    98  frleqf.o(x$fpl$frleqf)
    _printf_fp_dec                           0x080122db   Thumb Code     4  printf1.o(x$fpl$printf1)
    __fpl_return_NaN                         0x080122df   Thumb Code   100  retnan.o(x$fpl$retnan)
    __ARM_scalbn                             0x08012343   Thumb Code    92  scalbn.o(x$fpl$scalbn)
    __fpl_cmpreturn                          0x0801239f   Thumb Code    48  trapv.o(x$fpl$trapveneer)
    __I$use$fp                               0x080123ce   Number         0  usenofp.o(x$fpl$usenofp)
    auchCRCHi                                0x080123e0   Data         256  crc8_16.o(.constdata)
    auchCRCLo                                0x080124e0   Data         256  crc8_16.o(.constdata)
    warn_char                                0x08012640   Data          56  my_w5500.o(.constdata)
    devicename                               0x08012678   Data          64  my_debug.o(.constdata)
    __mathlib_zero                           0x08012780   Data           8  qnan.o(.constdata)
    Region$$Table$$Base                      0x080128fc   Number         0  anon$$obj.o(Region$$Table)
    Region$$Table$$Limit                     0x0801291c   Number         0  anon$$obj.o(Region$$Table)
    __ctype                                  0x08012929   Data           0  lc_ctype_c.o(locale$$data)
    SystemCoreClock                          0x20000004   Data           4  system_stm32f10x.o(.data)
    AHBPrescTable                            0x20000008   Data          16  system_stm32f10x.o(.data)
    LCD_FOCUS                                0x2000002a   Data           1  lcd.o(.data)
    RS485_RX_CNT                             0x2000002b   Data           1  lcd.o(.data)
    DEVICE_NUM                               0x20000050   Data          40  rf.o(.data)
    RF_FOCUS                                 0x20000078   Data           1  rf.o(.data)
    USART_RX_STA                             0x2000007e   Data           2  rf.o(.data)
    __stdout                                 0x20000084   Data           4  rf.o(.data)
    Phy_Addr                                 0x20000089   Data           6  w5500.o(.data)
    memtblsize                               0x20000090   Data           4  malloc.o(.data)
    memblksize                               0x20000094   Data           4  malloc.o(.data)
    memsize                                  0x20000098   Data           4  malloc.o(.data)
    BEEP_BUSY                                0x2000009c   Data           1  beep.o(.data)
    sond                                     0x200000a0   Data           4  beep.o(.data)
    fatfs                                    0x200000c4   Data           8  fats.o(.data)
    file                                     0x200000cc   Data           4  fats.o(.data)
    ftemp                                    0x200000d0   Data           4  fats.o(.data)
    file_br                                  0x200000d4   Data           4  fats.o(.data)
    file_bw                                  0x200000d8   Data           4  fats.o(.data)
    file_buf                                 0x200000dc   Data           4  fats.o(.data)
    FATS_STATE                               0x200000e0   Data           1  fats.o(.data)
    DBG_FATS                                 0x200000e1   Data           1  fats.o(.data)
    SD_Type                                  0x200000e2   Data           1  mmc_sd.o(.data)
    SPI_FLASH_TYPE                           0x200000e4   Data           2  flash.o(.data)
    Transaction                              0x200000f4   Data           4  dhcp.o(.data)
    Sub_Mask                                 0x200000f8   Data           4  dhcp.o(.data)
    IP_Addr                                  0x200000fc   Data           4  dhcp.o(.data)
    Gateway_IP                               0x20000100   Data           4  dhcp.o(.data)
    SERVER_IP                                0x20000104   Data           4  enternet.o(.data)
    SERVER_PORT                              0x20000108   Data           2  enternet.o(.data)
    DBG_COPY_TO_S1CK                         0x2000010a   Data           1  wk_json.o(.data)
    SYS_CFG                                  0x2000010c   Data           4  data_type.o(.data)
    DEV_CFG                                  0x20000110   Data           4  data_type.o(.data)
    ENV_CFG                                  0x20000114   Data           4  data_type.o(.data)
    ENV_VALUE                                0x20000118   Data           4  data_type.o(.data)
    DNS_GET_IP                               0x2000011c   Data           4  dns.o(.data)
    DNS_SERVER                               0x20000120   Data           4  dns.o(.data)
    MSG_ID                                   0x20000124   Data           2  dns.o(.data)
    MQTT_IP                                  0x20000126   Data           4  baidu_iot.o(.data)
    OSRunning                                0x2000012c   Data           4  os_task.o(.data)
    OSPrioCur                                0x20000130   Data           4  os_task.o(.data)
    OSPrioHighRdy                            0x20000134   Data           4  os_task.o(.data)
    OSTCBCur                                 0x20000138   Data           4  os_task.o(.data)
    OSTCBHighRdy                             0x2000013c   Data           4  os_task.o(.data)
    OSIntNesting                             0x20000140   Data           4  os_task.o(.data)
    OSIntExit                                0x20000144   Data           4  os_task.o(.data)
    OS_ONLYME                                0x20000148   Data           1  os_task.o(.data)
    TASK_Free                                0x2000014c   Data           4  os_task.o(.data)
    ONLYME_PRO                               0x20000150   Data           1  os_task.o(.data)
    NET_STATE                                0x2000018b   Data           1  my_w5500.o(.data)
    NET_S0_STATE                             0x2000018c   Data           1  my_w5500.o(.data)
    NET_S1_STATE                             0x2000018d   Data           1  my_w5500.o(.data)
    NET_S2_STATE                             0x2000018e   Data           1  my_w5500.o(.data)
    WK_FUCOS                                 0x2000018f   Data           1  my_w5500.o(.data)
    DBG_INTER_STATE                          0x20000190   Data           1  my_w5500.o(.data)
    IN_CFG                                   0x20000192   Data           1  my_cfg.o(.data)
    DBG_OCHE                                 0x20000194   Data           1  my_debug.o(.data)
    DBG_IP                                   0x20000195   Data           4  my_debug.o(.data)
    DBG_PORT                                 0x2000019a   Data           2  my_debug.o(.data)
    MQTT_STATE                               0x2000019e   Data           1  my_iot.o(.data)
    lcd_run                                  0x200001a4   Data           4  my_lcd_new.o(.data)
    my_keytack                               0x200001c8   Data         256  main.o(.bss)
    my_lcdtack                               0x200002c8   Data         512  main.o(.bss)
    rf_looptack                              0x200004c8   Data        1024  main.o(.bss)
    my_lighttack                             0x200008c8   Data         512  main.o(.bss)
    my_rf_handtack                           0x20000ac8   Data        1024  main.o(.bss)
    my_rf_dealtack                           0x20000ec8   Data         256  main.o(.bss)
    my_w5500tack                             0x20000fc8   Data        1024  main.o(.bss)
    my_autotack                              0x200013c8   Data         512  main.o(.bss)
    my_cfgtack                               0x200015c8   Data         512  main.o(.bss)
    my_iottack                               0x200017c8   Data         512  main.o(.bss)
    RS485_RX_BUF                             0x200019c8   Data          30  lcd.o(.bss)
    EN_DATA                                  0x200019e6   Data          25  rf.o(.bss)
    USART_RX_BUF                             0x200019ff   Data          50  rf.o(.bss)
    MY_CMD                                   0x20001a31   Data          58  rf.o(.bss)
    mallco_dev                               0x20001a6c   Data          20  malloc.o(.bss)
    ALL_PARAMETERS                           0x20001a80   Data         440  data_map.o(.bss)
    my_messeg                                0x20001c38   Data         480  os_msg.o(.bss)
    TCB_Table                                0x20001e18   Data         640  os_task.o(.bss)
    LCD_MSG_RECV                             0x20002098   Data           9  my_lcd_new.o(.bss)
    __libspace_start                         0x200020a4   Data          96  libspace.o(.bss)
    __temporary_stack_top$libspace           0x20002104   Data           0  libspace.o(.bss)



==============================================================================

Memory Map of the image

  Image Entry point : 0x08002931

  Load Region LR_IROM1 (Base: 0x08002800, Size: 0x0001040c, Max: 0x00010800, ABSOLUTE, COMPRESSED[0x000102b4])

    Execution Region ER_IROM1 (Base: 0x08002800, Size: 0x00010248, Max: 0x00010800, ABSOLUTE)

    Base Addr    Size         Type   Attr      Idx    E Section Name        Object

    0x08002800   0x00000130   Data   RO         3530    RESET               startup_stm32f10x_hd.o
    0x08002930   0x00000008   Code   RO         5523  * !!!main             c_w.l(__main.o)
    0x08002938   0x00000034   Code   RO         5899    !!!scatter          c_w.l(__scatter.o)
    0x0800296c   0x0000005a   Code   RO         5897    !!dczerorl2         c_w.l(__dczerorl2.o)
    0x080029c6   0x00000002   PAD
    0x080029c8   0x0000001c   Code   RO         5901    !!handler_zi        c_w.l(__scatter_zi.o)
    0x080029e4   0x00000000   Code   RO         5498    .ARM.Collect$$_printf_percent$$00000000  c_w.l(_printf_percent.o)
    0x080029e4   0x00000006   Code   RO         5496    .ARM.Collect$$_printf_percent$$00000003  c_w.l(_printf_f.o)
    0x080029ea   0x00000006   Code   RO         5497    .ARM.Collect$$_printf_percent$$00000004  c_w.l(_printf_e.o)
    0x080029f0   0x00000006   Code   RO         5495    .ARM.Collect$$_printf_percent$$00000009  c_w.l(_printf_d.o)
    0x080029f6   0x00000006   Code   RO         5494    .ARM.Collect$$_printf_percent$$0000000C  c_w.l(_printf_x.o)
    0x080029fc   0x00000006   Code   RO         5493    .ARM.Collect$$_printf_percent$$00000014  c_w.l(_printf_s.o)
    0x08002a02   0x00000004   Code   RO         5633    .ARM.Collect$$_printf_percent$$00000017  c_w.l(_printf_percent_end.o)
    0x08002a06   0x00000002   Code   RO         5837    .ARM.Collect$$libinit$$00000000  c_w.l(libinit.o)
    0x08002a08   0x00000000   Code   RO         5637    .ARM.Collect$$libinit$$00000002  c_w.l(libinit2.o)
    0x08002a08   0x00000000   Code   RO         5639    .ARM.Collect$$libinit$$00000004  c_w.l(libinit2.o)
    0x08002a08   0x00000008   Code   RO         5640    .ARM.Collect$$libinit$$00000005  c_w.l(libinit2.o)
    0x08002a10   0x00000000   Code   RO         5642    .ARM.Collect$$libinit$$0000000A  c_w.l(libinit2.o)
    0x08002a10   0x00000000   Code   RO         5644    .ARM.Collect$$libinit$$0000000C  c_w.l(libinit2.o)
    0x08002a10   0x00000000   Code   RO         5646    .ARM.Collect$$libinit$$0000000E  c_w.l(libinit2.o)
    0x08002a10   0x00000006   Code   RO         5647    .ARM.Collect$$libinit$$0000000F  c_w.l(libinit2.o)
    0x08002a16   0x00000000   Code   RO         5649    .ARM.Collect$$libinit$$00000011  c_w.l(libinit2.o)
    0x08002a16   0x0000000c   Code   RO         5650    .ARM.Collect$$libinit$$00000012  c_w.l(libinit2.o)
    0x08002a22   0x00000000   Code   RO         5651    .ARM.Collect$$libinit$$00000013  c_w.l(libinit2.o)
    0x08002a22   0x00000000   Code   RO         5653    .ARM.Collect$$libinit$$00000015  c_w.l(libinit2.o)
    0x08002a22   0x0000000a   Code   RO         5654    .ARM.Collect$$libinit$$00000016  c_w.l(libinit2.o)
    0x08002a2c   0x00000000   Code   RO         5655    .ARM.Collect$$libinit$$00000017  c_w.l(libinit2.o)
    0x08002a2c   0x00000000   Code   RO         5657    .ARM.Collect$$libinit$$00000019  c_w.l(libinit2.o)
    0x08002a2c   0x00000000   Code   RO         5659    .ARM.Collect$$libinit$$0000001B  c_w.l(libinit2.o)
    0x08002a2c   0x00000000   Code   RO         5661    .ARM.Collect$$libinit$$0000001D  c_w.l(libinit2.o)
    0x08002a2c   0x00000000   Code   RO         5663    .ARM.Collect$$libinit$$0000001F  c_w.l(libinit2.o)
    0x08002a2c   0x00000000   Code   RO         5665    .ARM.Collect$$libinit$$00000021  c_w.l(libinit2.o)
    0x08002a2c   0x00000000   Code   RO         5667    .ARM.Collect$$libinit$$00000023  c_w.l(libinit2.o)
    0x08002a2c   0x00000000   Code   RO         5669    .ARM.Collect$$libinit$$00000025  c_w.l(libinit2.o)
    0x08002a2c   0x00000000   Code   RO         5673    .ARM.Collect$$libinit$$0000002C  c_w.l(libinit2.o)
    0x08002a2c   0x00000000   Code   RO         5675    .ARM.Collect$$libinit$$0000002E  c_w.l(libinit2.o)
    0x08002a2c   0x00000000   Code   RO         5677    .ARM.Collect$$libinit$$00000030  c_w.l(libinit2.o)
    0x08002a2c   0x00000000   Code   RO         5679    .ARM.Collect$$libinit$$00000032  c_w.l(libinit2.o)
    0x08002a2c   0x00000002   Code   RO         5680    .ARM.Collect$$libinit$$00000033  c_w.l(libinit2.o)
    0x08002a2e   0x00000002   Code   RO         5894    .ARM.Collect$$libshutdown$$00000000  c_w.l(libshutdown.o)
    0x08002a30   0x00000000   Code   RO         5852    .ARM.Collect$$libshutdown$$00000003  c_w.l(libshutdown2.o)
    0x08002a30   0x00000000   Code   RO         5855    .ARM.Collect$$libshutdown$$00000006  c_w.l(libshutdown2.o)
    0x08002a30   0x00000000   Code   RO         5858    .ARM.Collect$$libshutdown$$00000009  c_w.l(libshutdown2.o)
    0x08002a30   0x00000000   Code   RO         5860    .ARM.Collect$$libshutdown$$0000000B  c_w.l(libshutdown2.o)
    0x08002a30   0x00000000   Code   RO         5863    .ARM.Collect$$libshutdown$$0000000E  c_w.l(libshutdown2.o)
    0x08002a30   0x00000002   Code   RO         5864    .ARM.Collect$$libshutdown$$0000000F  c_w.l(libshutdown2.o)
    0x08002a32   0x00000000   Code   RO         5591    .ARM.Collect$$rtentry$$00000000  c_w.l(__rtentry.o)
    0x08002a32   0x00000000   Code   RO         5729    .ARM.Collect$$rtentry$$00000002  c_w.l(__rtentry2.o)
    0x08002a32   0x00000006   Code   RO         5741    .ARM.Collect$$rtentry$$00000004  c_w.l(__rtentry4.o)
    0x08002a38   0x00000000   Code   RO         5731    .ARM.Collect$$rtentry$$00000009  c_w.l(__rtentry2.o)
    0x08002a38   0x00000004   Code   RO         5732    .ARM.Collect$$rtentry$$0000000A  c_w.l(__rtentry2.o)
    0x08002a3c   0x00000000   Code   RO         5734    .ARM.Collect$$rtentry$$0000000C  c_w.l(__rtentry2.o)
    0x08002a3c   0x00000008   Code   RO         5735    .ARM.Collect$$rtentry$$0000000D  c_w.l(__rtentry2.o)
    0x08002a44   0x00000002   Code   RO         5840    .ARM.Collect$$rtexit$$00000000  c_w.l(rtexit.o)
    0x08002a46   0x00000000   Code   RO         5868    .ARM.Collect$$rtexit$$00000002  c_w.l(rtexit2.o)
    0x08002a46   0x00000004   Code   RO         5869    .ARM.Collect$$rtexit$$00000003  c_w.l(rtexit2.o)
    0x08002a4a   0x00000006   Code   RO         5870    .ARM.Collect$$rtexit$$00000004  c_w.l(rtexit2.o)
    0x08002a50   0x00000020   Code   RO         3518    .emb_text           core_cm3.o
    0x08002a70   0x00000000   Code   RO         5755    .emb_text           c_w.l(maybetermalloc1.o)
    0x08002a70   0x000000b8   Code   RO         2358    .text               os_cpu_a.o
    0x08002b28   0x0000003c   Code   RO         3531    .text               startup_stm32f10x_hd.o
    0x08002b64   0x00000002   Code   RO         5370    .text               c_w.l(use_no_semi_2.o)
    0x08002b66   0x0000005e   Code   RO         5376    .text               c_w.l(h1_alloc.o)
    0x08002bc4   0x0000004e   Code   RO         5378    .text               c_w.l(h1_free.o)
    0x08002c12   0x0000001a   Code   RO         5434    .text               c_w.l(tolower.o)
    0x08002c2c   0x0000002c   Code   RO         5436    .text               c_w.l(__2sprintf.o)
    0x08002c58   0x0000004e   Code   RO         5446    .text               c_w.l(_printf_pad.o)
    0x08002ca6   0x00000052   Code   RO         5448    .text               c_w.l(_printf_str.o)
    0x08002cf8   0x00000078   Code   RO         5450    .text               c_w.l(_printf_dec.o)
    0x08002d70   0x00000058   Code   RO         5455    .text               c_w.l(_printf_hex_int.o)
    0x08002dc8   0x00000138   Code   RO         5485    .text               c_w.l(__printf_flags_wp.o)
    0x08002f00   0x00000014   Code   RO         5499    .text               c_w.l(strchr.o)
    0x08002f14   0x00000048   Code   RO         5503    .text               c_w.l(strcpy.o)
    0x08002f5c   0x0000003e   Code   RO         5505    .text               c_w.l(strlen.o)
    0x08002f9a   0x00000096   Code   RO         5507    .text               c_w.l(strncmp.o)
    0x08003030   0x0000008a   Code   RO         5509    .text               c_w.l(rt_memcpy_v6.o)
    0x080030ba   0x00000064   Code   RO         5511    .text               c_w.l(rt_memcpy_w.o)
    0x0800311e   0x00000044   Code   RO         5513    .text               c_w.l(rt_memclr.o)
    0x08003162   0x0000004e   Code   RO         5515    .text               c_w.l(rt_memclr_w.o)
    0x080031b0   0x00000056   Code   RO         5517    .text               c_w.l(strncpy.o)
    0x08003206   0x00000002   PAD
    0x08003208   0x00000080   Code   RO         5519    .text               c_w.l(strcmpv7m.o)
    0x08003288   0x00000006   Code   RO         5521    .text               c_w.l(heapauxi.o)
    0x0800328e   0x00000002   Code   RO         5587    .text               c_w.l(use_no_semi.o)
    0x08003290   0x00000010   Code   RO         5592    .text               c_w.l(rt_ctype_table.o)
    0x080032a0   0x00000008   Code   RO         5597    .text               c_w.l(rt_heap_descriptor_intlibspace.o)
    0x080032a8   0x00000004   Code   RO         5599    .text               c_w.l(hguard.o)
    0x080032ac   0x0000008a   Code   RO         5601    .text               c_w.l(init_alloc.o)
    0x08003336   0x0000000e   Code   RO         5605    .text               c_w.l(h1_init.o)
    0x08003344   0x00000016   Code   RO         5619    .text               c_w.l(_rserrno.o)
    0x0800335a   0x000000b2   Code   RO         5621    .text               c_w.l(_printf_intcommon.o)
    0x0800340c   0x0000041a   Code   RO         5623    .text               c_w.l(_printf_fp_dec.o)
    0x08003826   0x00000002   PAD
    0x08003828   0x00000030   Code   RO         5625    .text               c_w.l(_printf_char_common.o)
    0x08003858   0x0000000a   Code   RO         5627    .text               c_w.l(_sputc.o)
    0x08003862   0x0000002c   Code   RO         5631    .text               c_w.l(_printf_char.o)
    0x0800388e   0x00000002   PAD
    0x08003890   0x00000008   Code   RO         5725    .text               c_w.l(libspace.o)
    0x08003898   0x00000008   Code   RO         5746    .text               c_w.l(rt_locale_intlibspace.o)
    0x080038a0   0x00000008   Code   RO         5751    .text               c_w.l(rt_errno_addr_intlibspace.o)
    0x080038a8   0x00000034   Code   RO         5757    .text               c_w.l(h1_extend.o)
    0x080038dc   0x0000008a   Code   RO         5761    .text               c_w.l(lludiv10.o)
    0x08003966   0x00000002   PAD
    0x08003968   0x00000080   Code   RO         5763    .text               c_w.l(_printf_fp_infnan.o)
    0x080039e8   0x000000dc   Code   RO         5767    .text               c_w.l(bigflt0.o)
    0x08003ac4   0x0000000e   Code   RO         5798    .text               c_w.l(defsig_rtmem_outer.o)
    0x08003ad2   0x0000004a   Code   RO         5816    .text               c_w.l(sys_stackheap_outer.o)
    0x08003b1c   0x0000000c   Code   RO         5822    .text               c_w.l(exit.o)
    0x08003b28   0x0000000a   Code   RO         5824    .text               c_w.l(defsig_exit.o)
    0x08003b32   0x00000002   PAD
    0x08003b34   0x00000050   Code   RO         5826    .text               c_w.l(defsig_rtmem_inner.o)
    0x08003b84   0x00000032   Code   RO         5848    .text               c_w.l(defsig_general.o)
    0x08003bb6   0x0000003e   Code   RO         5770    CL$$btod_d2e        c_w.l(btod.o)
    0x08003bf4   0x00000046   Code   RO         5772    CL$$btod_d2e_denorm_low  c_w.l(btod.o)
    0x08003c3a   0x00000060   Code   RO         5771    CL$$btod_d2e_norm_op1  c_w.l(btod.o)
    0x08003c9a   0x00000338   Code   RO         5780    CL$$btod_div_common  c_w.l(btod.o)
    0x08003fd2   0x000000c6   Code   RO         5777    CL$$btod_e2e        c_w.l(btod.o)
    0x08004098   0x00000028   Code   RO         5774    CL$$btod_ediv       c_w.l(btod.o)
    0x080040c0   0x00000028   Code   RO         5773    CL$$btod_emul       c_w.l(btod.o)
    0x080040e8   0x00000244   Code   RO         5779    CL$$btod_mult_common  c_w.l(btod.o)
    0x0800432c   0x00000040   Code   RO         1094    i.BEEP_Init         beep.o
    0x0800436c   0x000000fc   Code   RO         1095    i.Beep_Play         beep.o
    0x08004468   0x00000004   Code   RO          272    i.BusFault_Handler  stm32f10x_it.o
    0x0800446c   0x00000030   Code   RO         2789    i.CheckId           my_rf.o
    0x0800449c   0x0000001c   Code   RO          655    i.Clear_Mycmd       rf.o
    0x080044b8   0x000000d6   Code   RO         2790    i.Cmd_0x01          my_rf.o
    0x0800458e   0x000000fe   Code   RO         2791    i.Cmd_0x03          my_rf.o
    0x0800468c   0x0000004c   Code   RO         2447    i.CreateTask        os_task.o
    0x080046d8   0x00000004   Code   RO          273    i.DebugMon_Handler  stm32f10x_it.o
    0x080046dc   0x0000000c   Code   RO          850    i.Delay             w5500.o
    0x080046e8   0x000001ae   Code   RO         2794    i.Device_state_see  my_rf.o
    0x08004896   0x00000002   PAD
    0x08004898   0x000000e4   Code   RO         2913    i.EXTI4_IRQHandler  my_w5500.o
    0x0800497c   0x0000000c   Code   RO         4932    i.EXTI_ClearITPendingBit  stm32f10x_exti.o
    0x08004988   0x00000028   Code   RO         4936    i.EXTI_GetITStatus  stm32f10x_exti.o
    0x080049b0   0x00000094   Code   RO         4937    i.EXTI_Init         stm32f10x_exti.o
    0x08004a44   0x0000004c   Code   RO         4070    i.FLASH_ErasePage   stm32f10x_flash.o
    0x08004a90   0x00000034   Code   RO         4071    i.FLASH_GetBank1Status  stm32f10x_flash.o
    0x08004ac4   0x00000014   Code   RO         4080    i.FLASH_Lock        stm32f10x_flash.o
    0x08004ad8   0x00000040   Code   RO         4083    i.FLASH_ProgramHalfWord  stm32f10x_flash.o
    0x08004b18   0x00000018   Code   RO         4088    i.FLASH_Unlock      stm32f10x_flash.o
    0x08004b30   0x00000026   Code   RO         4092    i.FLASH_WaitForLastOperation  stm32f10x_flash.o
    0x08004b56   0x00000002   PAD
    0x08004b58   0x00000040   Code   RO         3538    i.GPIO_EXTILineConfig  stm32f10x_gpio.o
    0x08004b98   0x00000116   Code   RO         3541    i.GPIO_Init         stm32f10x_gpio.o
    0x08004cae   0x00000002   PAD
    0x08004cb0   0x00000090   Code   RO         3543    i.GPIO_PinRemapConfig  stm32f10x_gpio.o
    0x08004d40   0x00000008   Code   RO         3544    i.GPIO_ReadInputData  stm32f10x_gpio.o
    0x08004d48   0x00000004   Code   RO         3548    i.GPIO_ResetBits    stm32f10x_gpio.o
    0x08004d4c   0x00000004   Code   RO         3549    i.GPIO_SetBits      stm32f10x_gpio.o
    0x08004d50   0x00000008   Code   RO          656    i.GetCJDataAddr     rf.o
    0x08004d58   0x00000008   Code   RO         2795    i.GetCfgData        my_rf.o
    0x08004d60   0x0000003c   Code   RO         2796    i.GetDeviceNum      my_rf.o
    0x08004d9c   0x00000040   Code   RO         2797    i.GetDeviceState    my_rf.o
    0x08004ddc   0x0000003c   Code   RO         2798    i.GetDeviceType     my_rf.o
    0x08004e18   0x0000004c   Code   RO         2799    i.GetNextDeviceaddr  my_rf.o
    0x08004e64   0x00000060   Code   RO          657    i.Get_BuffData      rf.o
    0x08004ec4   0x00000038   Code   RO         1472    i.Get_Crc16         crc8_16.o
    0x08004efc   0x00000018   Code   RO          392    i.Get_Key           key.o
    0x08004f14   0x0000000c   Code   RO          658    i.Get_MyAddr        rf.o
    0x08004f20   0x00000008   Code   RO          659    i.Get_MyIP          rf.o
    0x08004f28   0x00000024   Code   RO          660    i.Get_Mycmd         rf.o
    0x08004f4c   0x00000004   Code   RO          274    i.HardFault_Handler  stm32f10x_it.o
    0x08004f50   0x00000048   Code   RO         3257    i.IOT_Hander        my_iot.o
    0x08004f98   0x00000208   Code   RO          393    i.KEY_IRQHandler    key.o
    0x080051a0   0x00000040   Code   RO          394    i.Key_Init          key.o
    0x080051e0   0x000000f0   Code   RO          430    i.LCD_Init          lcd.o
    0x080052d0   0x00000040   Code   RO          431    i.LCD_Receive_Data  lcd.o
    0x08005310   0x00000054   Code   RO          432    i.LCD_Send_Data     lcd.o
    0x08005364   0x00000010   Code   RO          433    i.LCD_SetFocus      lcd.o
    0x08005374   0x00000074   Code   RO         2603    i.LCD_tosleep       my_lcd.o
    0x080053e8   0x0000000c   Code   RO          434    i.Lcd_GetHandstate  lcd.o
    0x080053f4   0x00000018   Code   RO          435    i.Lcd_GetLimitData  lcd.o
    0x0800540c   0x0000000c   Code   RO          436    i.Lcd_SetHandstate  lcd.o
    0x08005418   0x00000014   Code   RO          437    i.Lcd_SetLimitData  lcd.o
    0x0800542c   0x0000012c   Code   RO          497    i.Light_init        light.o
    0x08005558   0x00000070   Code   RO         1855    i.Load_Config       data_map.o
    0x080055c8   0x00000074   Code   RO         1856    i.Load_LCD          data_map.o
    0x0800563c   0x00000024   Code   RO          851    i.Load_Net_Parameters  w5500.o
    0x08005660   0x0000007c   Code   RO         1097    i.Load_down         beep.o
    0x080056dc   0x0000007c   Code   RO         1102    i.Load_up           beep.o
    0x08005758   0x00000076   Code   RO         4985    i.MQTTDeserialize_connack  mqttconnectclient.o
    0x080057ce   0x00000058   Code   RO         5127    i.MQTTPacket_decode  mqttpacket.o
    0x08005826   0x00000002   PAD
    0x08005828   0x0000001c   Code   RO         5128    i.MQTTPacket_decodeBuf  mqttpacket.o
    0x08005844   0x00000036   Code   RO         5130    i.MQTTPacket_encode  mqttpacket.o
    0x0800587a   0x00000002   PAD
    0x0800587c   0x00000028   Code   RO         5132    i.MQTTPacket_len    mqttpacket.o
    0x080058a4   0x00000168   Code   RO         4986    i.MQTTSerialize_connect  mqttconnectclient.o
    0x08005a0c   0x00000076   Code   RO         4987    i.MQTTSerialize_connectLength  mqttconnectclient.o
    0x08005a82   0x00000018   Code   RO         5135    i.MQTTstrlen        mqttpacket.o
    0x08005a9a   0x00000004   Code   RO          275    i.MemManage_Handler  stm32f10x_it.o
    0x08005a9e   0x00000004   Code   RO          276    i.NMI_Handler       stm32f10x_it.o
    0x08005aa2   0x00000002   PAD
    0x08005aa4   0x00000070   Code   RO         4029    i.NVIC_Init         misc.o
    0x08005b14   0x00000014   Code   RO         4030    i.NVIC_PriorityGroupConfig  misc.o
    0x08005b28   0x00000014   Code   RO         4031    i.NVIC_SetVectorTable  misc.o
    0x08005b3c   0x00000024   Code   RO          277    i.NVIC_SystemReset  stm32f10x_it.o
    0x08005b60   0x00000058   Code   RO         2448    i.OSStart           os_task.o
    0x08005bb8   0x0000009a   Code   RO         2346    i.OSTaskStkInit     os_cpu_c.o
    0x08005c52   0x00000002   PAD
    0x08005c54   0x00000030   Code   RO         2449    i.OS_Enter_Onlyme   os_task.o
    0x08005c84   0x00000070   Code   RO         2450    i.OS_Exit_Onlyme    os_task.o
    0x08005cf4   0x00000030   Code   RO         2451    i.OS_TCBInit        os_task.o
    0x08005d24   0x00000020   Code   RO         3651    i.RCC_APB1PeriphClockCmd  stm32f10x_rcc.o
    0x08005d44   0x00000020   Code   RO         3652    i.RCC_APB1PeriphResetCmd  stm32f10x_rcc.o
    0x08005d64   0x00000020   Code   RO         3653    i.RCC_APB2PeriphClockCmd  stm32f10x_rcc.o
    0x08005d84   0x00000020   Code   RO         3654    i.RCC_APB2PeriphResetCmd  stm32f10x_rcc.o
    0x08005da4   0x000000d4   Code   RO         3661    i.RCC_GetClocksFreq  stm32f10x_rcc.o
    0x08005e78   0x00000034   Code   RO         3669    i.RCC_LSEConfig     stm32f10x_rcc.o
    0x08005eac   0x00000050   Code   RO          661    i.RF1_tx_bytes      rf.o
    0x08005efc   0x000000d8   Code   RO          663    i.RF_GetCmd         rf.o
    0x08005fd4   0x00000138   Code   RO          664    i.RF_Init           rf.o
    0x0800610c   0x00000010   Code   RO          666    i.RF_SetFocus       rf.o
    0x0800611c   0x00000128   Code   RO          852    i.Read_SOCK_Data_Buffer  w5500.o
    0x08006244   0x00000044   Code   RO          853    i.Read_W5500_1Byte  w5500.o
    0x08006288   0x00000050   Code   RO          854    i.Read_W5500_SOCK_1Byte  w5500.o
    0x080062d8   0x00000068   Code   RO          855    i.Read_W5500_SOCK_2Byte  w5500.o
    0x08006340   0x00000034   Code   RO          640    i.Relay_Init        relay.o
    0x08006374   0x00000014   Code   RO         1213    i.SD_DisSelect      mmc_sd.o
    0x08006388   0x0000002a   Code   RO         1215    i.SD_GetCSD         mmc_sd.o
    0x080063b2   0x00000026   Code   RO         1216    i.SD_GetResponse    mmc_sd.o
    0x080063d8   0x00000076   Code   RO         1217    i.SD_GetSectorCount  mmc_sd.o
    0x0800644e   0x00000002   PAD
    0x08006450   0x00000188   Code   RO         1218    i.SD_Initialize     mmc_sd.o
    0x080065d8   0x00000074   Code   RO         1219    i.SD_ReadDisk       mmc_sd.o
    0x0800664c   0x00000038   Code   RO         1220    i.SD_RecvData       mmc_sd.o
    0x08006684   0x00000012   Code   RO         1221    i.SD_Reset          mmc_sd.o
    0x08006696   0x00000002   PAD
    0x08006698   0x00000040   Code   RO         1222    i.SD_SPI_Init       mmc_sd.o
    0x080066d8   0x0000000c   Code   RO         1223    i.SD_SPI_ReadWriteByte  mmc_sd.o
    0x080066e4   0x0000000a   Code   RO         1224    i.SD_SPI_SpeedHigh  mmc_sd.o
    0x080066ee   0x0000000a   Code   RO         1225    i.SD_SPI_SpeedLow   mmc_sd.o
    0x080066f8   0x00000020   Code   RO         1226    i.SD_Select         mmc_sd.o
    0x08006718   0x00000052   Code   RO         1227    i.SD_SendBlock      mmc_sd.o
    0x0800676a   0x00000078   Code   RO         1228    i.SD_SendCmd        mmc_sd.o
    0x080067e2   0x00000022   Code   RO         1229    i.SD_WaitReady      mmc_sd.o
    0x08006804   0x00000090   Code   RO         1230    i.SD_WriteDisk      mmc_sd.o
    0x08006894   0x00000020   Code   RO          856    i.SPI1_Send_Byte    w5500.o
    0x080068b4   0x0000001c   Code   RO          857    i.SPI1_Send_Short   w5500.o
    0x080068d0   0x00000094   Code   RO         1340    i.SPI2_Init         spi.o
    0x08006964   0x00000054   Code   RO         1341    i.SPI2_ReadWriteByte  spi.o
    0x080069b8   0x00000028   Code   RO         1342    i.SPI2_SetSpeed     spi.o
    0x080069e0   0x00000018   Code   RO         4792    i.SPI_Cmd           stm32f10x_spi.o
    0x080069f8   0x000000a4   Code   RO          858    i.SPI_Configuration  w5500.o
    0x08006a9c   0x0000006c   Code   RO         1369    i.SPI_Flash_Init    flash.o
    0x08006b08   0x00000058   Code   RO         1371    i.SPI_Flash_Read    flash.o
    0x08006b60   0x00000048   Code   RO         1372    i.SPI_Flash_ReadID  flash.o
    0x08006ba8   0x00000012   Code   RO         4800    i.SPI_I2S_GetFlagStatus  stm32f10x_spi.o
    0x08006bba   0x00000006   Code   RO         4803    i.SPI_I2S_ReceiveData  stm32f10x_spi.o
    0x08006bc0   0x00000004   Code   RO         4804    i.SPI_I2S_SendData  stm32f10x_spi.o
    0x08006bc4   0x0000003c   Code   RO         4805    i.SPI_Init          stm32f10x_spi.o
    0x08006c00   0x0000002e   Code   RO          810    i.STMFLASH_Read     stmflash.o
    0x08006c2e   0x00000006   Code   RO          811    i.STMFLASH_ReadHalfWord  stmflash.o
    0x08006c34   0x00000218   Code   RO          812    i.STMFLASH_Write    stmflash.o
    0x08006e4c   0x00000026   Code   RO          813    i.STMFLASH_Write_NoCheck  stmflash.o
    0x08006e72   0x00000002   Code   RO          278    i.SVC_Handler       stm32f10x_it.o
    0x08006e74   0x00000018   Code   RO         1857    i.Save_Config       data_map.o
    0x08006e8c   0x00000018   Code   RO         1858    i.Save_LCD          data_map.o
    0x08006ea4   0x00000028   Code   RO          667    i.See_BuffData      rf.o
    0x08006ecc   0x00000024   Code   RO          668    i.See_BuffNextData  rf.o
    0x08006ef0   0x00000008   Code   RO          354    i.SetSysClock       system_stm32f10x.o
    0x08006ef8   0x000000e0   Code   RO          355    i.SetSysClockTo72   system_stm32f10x.o
    0x08006fd8   0x00000060   Code   RO          669    i.Set_Device        rf.o
    0x08007038   0x0000000c   Code   RO          670    i.Set_MyAddr        rf.o
    0x08007044   0x00000024   Code   RO          671    i.Set_MyIP          rf.o
    0x08007068   0x0000002a   Code   RO          860    i.Socket_Init       w5500.o
    0x08007092   0x0000003c   Code   RO          862    i.Socket_UDP        w5500.o
    0x080070ce   0x00000002   PAD
    0x080070d0   0x00000034   Code   RO         2230    i.SysPowerOff       power.o
    0x08007104   0x0000000c   Code   RO         2231    i.SysPowerOn        power.o
    0x08007110   0x00000028   Code   RO         4033    i.SysTick_CLKSourceConfig  misc.o
    0x08007138   0x00000088   Code   RO         3485    i.SysTick_Handler   delay.o
    0x080071c0   0x00000030   Code   RO         2232    i.Sys_Init          power.o
    0x080071f0   0x00000060   Code   RO          357    i.SystemInit        system_stm32f10x.o
    0x08007250   0x00000020   Code   RO         1103    i.TIM3_IRQHandler   beep.o
    0x08007270   0x00000024   Code   RO          395    i.TIM4_IRQHandler   key.o
    0x08007294   0x00000060   Code   RO         1104    i.TIME3_Init        beep.o
    0x080072f4   0x00000060   Code   RO          396    i.TIME4_Init        key.o
    0x08007354   0x00000006   Code   RO         4250    i.TIM_ClearITPendingBit  stm32f10x_tim.o
    0x0800735a   0x00000018   Code   RO         4255    i.TIM_Cmd           stm32f10x_tim.o
    0x08007372   0x00000022   Code   RO         4276    i.TIM_GetITStatus   stm32f10x_tim.o
    0x08007394   0x00000012   Code   RO         4280    i.TIM_ITConfig      stm32f10x_tim.o
    0x080073a6   0x00000002   PAD
    0x080073a8   0x000000a4   Code   RO         4326    i.TIM_TimeBaseInit  stm32f10x_tim.o
    0x0800744c   0x00000094   Code   RO         2452    i.TaskGetMsg        os_task.o
    0x080074e0   0x000000a0   Code   RO         2453    i.TaskIntSendMsg    os_task.o
    0x08007580   0x0000003c   Code   RO         2455    i.TaskPend          os_task.o
    0x080075bc   0x00000048   Code   RO         2456    i.TaskRepend        os_task.o
    0x08007604   0x000000b8   Code   RO         2457    i.TaskSendMsg       os_task.o
    0x080076bc   0x000000dc   Code   RO          673    i.USART1_IRQHandler  rf.o
    0x08007798   0x00000068   Code   RO          438    i.USART2_IRQHandler  lcd.o
    0x08007800   0x00000012   Code   RO         3849    i.USART_ClearFlag   stm32f10x_usart.o
    0x08007812   0x00000018   Code   RO         3853    i.USART_Cmd         stm32f10x_usart.o
    0x0800782a   0x00000002   PAD
    0x0800782c   0x0000009c   Code   RO         3855    i.USART_DeInit      stm32f10x_usart.o
    0x080078c8   0x0000001a   Code   RO         3856    i.USART_GetFlagStatus  stm32f10x_usart.o
    0x080078e2   0x00000054   Code   RO         3857    i.USART_GetITStatus  stm32f10x_usart.o
    0x08007936   0x0000004a   Code   RO         3859    i.USART_ITConfig    stm32f10x_usart.o
    0x08007980   0x000000d8   Code   RO         3860    i.USART_Init        stm32f10x_usart.o
    0x08007a58   0x0000000a   Code   RO         3867    i.USART_ReceiveData  stm32f10x_usart.o
    0x08007a62   0x00000008   Code   RO         3870    i.USART_SendData    stm32f10x_usart.o
    0x08007a6a   0x00000002   PAD
    0x08007a6c   0x00000080   Code   RO         2800    i.Updata_DeviceNum  my_rf.o
    0x08007aec   0x00000064   Code   RO         2801    i.Updata_devicestate  my_rf.o
    0x08007b50   0x00000004   Code   RO          279    i.UsageFault_Handler  stm32f10x_it.o
    0x08007b54   0x00000054   Code   RO         1379    i.W25Q_ReadWriteByte  flash.o
    0x08007ba8   0x00000084   Code   RO          863    i.W5500_GPIO_Configuration  w5500.o
    0x08007c2c   0x0000003c   Code   RO          864    i.W5500_Hardware_Reset  w5500.o
    0x08007c68   0x00000078   Code   RO          865    i.W5500_Init        w5500.o
    0x08007ce0   0x0000001e   Code   RO          866    i.W5500_Initialization  w5500.o
    0x08007cfe   0x00000002   PAD
    0x08007d00   0x000000d8   Code   RO          869    i.Write_SOCK_Data_Buffer  w5500.o
    0x08007dd8   0x00000030   Code   RO          870    i.Write_W5500_1Byte  w5500.o
    0x08007e08   0x00000030   Code   RO          871    i.Write_W5500_2Byte  w5500.o
    0x08007e38   0x0000003c   Code   RO          872    i.Write_W5500_SOCK_1Byte  w5500.o
    0x08007e74   0x0000003c   Code   RO          873    i.Write_W5500_SOCK_2Byte  w5500.o
    0x08007eb0   0x00000054   Code   RO          874    i.Write_W5500_SOCK_4Byte  w5500.o
    0x08007f04   0x00000044   Code   RO          875    i.Write_W5500_nByte  w5500.o
    0x08007f48   0x00000028   Code   RO         5710    i.__ARM_fpclassify  m_ws.l(fpclassify.o)
    0x08007f70   0x000000aa   Code   RO         5712    i.__kernel_poly     m_ws.l(poly.o)
    0x0800801a   0x00000002   PAD
    0x0800801c   0x00000010   Code   RO         5696    i.__mathlib_dbl_divzero  m_ws.l(dunder.o)
    0x0800802c   0x00000004   Code   RO         5698    i.__mathlib_dbl_infnan2  m_ws.l(dunder.o)
    0x08008030   0x0000000c   Code   RO         5699    i.__mathlib_dbl_invalid  m_ws.l(dunder.o)
    0x0800803c   0x0000000e   Code   RO         5700    i.__mathlib_dbl_overflow  m_ws.l(dunder.o)
    0x0800804a   0x00000002   PAD
    0x0800804c   0x00000010   Code   RO         5702    i.__mathlib_dbl_underflow  m_ws.l(dunder.o)
    0x0800805c   0x0000000e   Code   RO         5483    i._is_digit         c_w.l(__printf_wp.o)
    0x0800806a   0x00000008   Code   RO          674    i._sys_exit         rf.o
    0x08008072   0x00000002   Code   RO          675    i._ttywrch          rf.o
    0x08008074   0x00000028   Code   RO         5136    i.bufchar           mqttpacket.o
    0x0800809c   0x0000002a   Code   RO         1498    i.cJSON_AddItemToArray  cjson.o
    0x080080c6   0x00000002   PAD
    0x080080c8   0x00000030   Code   RO         1499    i.cJSON_AddItemToObject  cjson.o
    0x080080f8   0x00000024   Code   RO         1507    i.cJSON_CreateNumber  cjson.o
    0x0800811c   0x00000012   Code   RO         1508    i.cJSON_CreateObject  cjson.o
    0x0800812e   0x0000001c   Code   RO         1509    i.cJSON_CreateString  cjson.o
    0x0800814a   0x00000002   PAD
    0x0800814c   0x00000050   Code   RO         1512    i.cJSON_Delete      cjson.o
    0x0800819c   0x0000001e   Code   RO         1521    i.cJSON_GetObjectItem  cjson.o
    0x080081ba   0x00000002   PAD
    0x080081bc   0x00000040   Code   RO         1522    i.cJSON_InitHooks   cjson.o
    0x080081fc   0x00000020   Code   RO         1524    i.cJSON_New_Item    cjson.o
    0x0800821c   0x00000010   Code   RO         1525    i.cJSON_Parse       cjson.o
    0x0800822c   0x00000064   Code   RO         1526    i.cJSON_ParseWithOpts  cjson.o
    0x08008290   0x00000010   Code   RO         1528    i.cJSON_PrintUnformatted  cjson.o
    0x080082a0   0x0000004c   Code   RO         1531    i.cJSON_strcasecmp  cjson.o
    0x080082ec   0x0000002c   Code   RO         1532    i.cJSON_strdup      cjson.o
    0x08008318   0x000000e8   Code   RO         3046    i.cfg_0x01          my_cfg.o
    0x08008400   0x000000b8   Code   RO         3047    i.cfg_0x06          my_cfg.o
    0x080084b8   0x00000048   Code   RO         3048    i.cfg_0x07          my_cfg.o
    0x08008500   0x00000094   Code   RO         3049    i.cfg_0x08          my_cfg.o
    0x08008594   0x00000048   Code   RO         3050    i.cfg_0x09          my_cfg.o
    0x080085dc   0x0000008c   Code   RO         3051    i.cfg_retern        my_cfg.o
    0x08008668   0x00000018   Code   RO          676    i.copy_data         rf.o
    0x08008680   0x0000016c   Code   RO         3139    i.dbg_Interpreter   my_debug.o
    0x080087ec   0x00000068   Code   RO         3140    i.dbg_booting       my_debug.o
    0x08008854   0x00000194   Code   RO         3141    i.dbg_copydata      my_debug.o
    0x080089e8   0x000000f4   Code   RO         3142    i.dbg_devconfig     my_debug.o
    0x08008adc   0x00000054   Code   RO         3143    i.dbg_err           my_debug.o
    0x08008b30   0x0000001c   Code   RO         3144    i.dbg_getdevname    my_debug.o
    0x08008b4c   0x000000dc   Code   RO         3145    i.dbg_getdevstate   my_debug.o
    0x08008c28   0x000000e8   Code   RO         3146    i.dbg_getip         my_debug.o
    0x08008d10   0x000001a0   Code   RO         3147    i.dbg_help          my_debug.o
    0x08008eb0   0x000005c0   Code   RO         3148    i.dbg_info          my_debug.o
    0x08009470   0x000000ac   Code   RO         3149    i.dbg_mqtt          my_debug.o
    0x0800951c   0x00000094   Code   RO         3150    i.dbg_oche          my_debug.o
    0x080095b0   0x00000040   Code   RO         3151    i.dbg_reboot        my_debug.o
    0x080095f0   0x00000058   Code   RO         3486    i.delay_init        delay.o
    0x08009648   0x00000038   Code   RO         3487    i.delay_ms          delay.o
    0x08009680   0x00000050   Code   RO         3488    i.delay_us          delay.o
    0x080096d0   0x0000009c   Code   RO         1891    i.dhcp_ask          dhcp.o
    0x0800976c   0x0000025c   Code   RO         1892    i.dhcp_discover     dhcp.o
    0x080099c8   0x00000300   Code   RO         1893    i.dhcp_request      dhcp.o
    0x08009cc8   0x00000104   Code   RO         1894    i.dhcp_retry        dhcp.o
    0x08009dcc   0x00000100   Code   RO         2258    i.dns_answer        dns.o
    0x08009ecc   0x000000c8   Code   RO         2259    i.dns_makequery     dns.o
    0x08009f94   0x0000014c   Code   RO         2260    i.dns_query         dns.o
    0x0800a0e0   0x00000026   Code   RO         2261    i.dns_question      dns.o
    0x0800a106   0x00000044   Code   RO         3052    i.exit_cfg          my_cfg.o
    0x0800a14a   0x00000002   PAD
    0x0800a14c   0x00000168   Code   RO         1188    i.fats_init         fats.o
    0x0800a2b4   0x000000e0   Code   RO         1105    i.fff               beep.o
    0x0800a394   0x0000002c   Code   RO         2367    i.find_messeg       os_msg.o
    0x0800a3c0   0x000000dc   Code   RO         5574    i.floor             m_ws.l(floor.o)
    0x0800a49c   0x0000002a   Code   RO         2143    i.get_collectorNumber  data_type.o
    0x0800a4c6   0x00000002   PAD
    0x0800a4c8   0x00000010   Code   RO         2144    i.get_devcfg        data_type.o
    0x0800a4d8   0x00000074   Code   RO         2368    i.get_messeg        os_msg.o
    0x0800a54c   0x00000066   Code   RO         2802    i.get_newstate      my_rf.o
    0x0800a5b2   0x00000002   PAD
    0x0800a5b4   0x0000000c   Code   RO         2148    i.get_syscfg        data_type.o
    0x0800a5c0   0x00000048   Code   RO         3053    i.into_cfg          my_cfg.o
    0x0800a608   0x00000008   Code   RO         1106    i.jianpu_end        beep.o
    0x0800a610   0x00000042   Code   RO         2066    i.json_cheek        wk_json.o
    0x0800a652   0x00000002   PAD
    0x0800a654   0x00000158   Code   RO         2915    i.json_close        my_w5500.o
    0x0800a7ac   0x00000064   Code   RO         2067    i.json_get_devicname  wk_json.o
    0x0800a810   0x000000bc   Code   RO         2916    i.json_mode         my_w5500.o
    0x0800a8cc   0x0000010c   Code   RO         2068    i.json_return       wk_json.o
    0x0800a9d8   0x000000dc   Code   RO         2917    i.json_setting      my_w5500.o
    0x0800aab4   0x00000158   Code   RO         2919    i.json_start        my_w5500.o
    0x0800ac0c   0x00000158   Code   RO         2920    i.json_startdown    my_w5500.o
    0x0800ad64   0x00000158   Code   RO         2921    i.json_startup      my_w5500.o
    0x0800aebc   0x00000124   Code   RO         2922    i.json_version      my_w5500.o
    0x0800afe0   0x0000002c   Code   RO          500    i.key_around        light.o
    0x0800b00c   0x0000002c   Code   RO          501    i.key_light         light.o
    0x0800b038   0x00000018   Code   RO          502    i.key_reset         light.o
    0x0800b050   0x000003d8   Code   RO          504    i.key_send          light.o
    0x0800b428   0x00000034   Code   RO          505    i.key_senddata      light.o
    0x0800b45c   0x00000080   Code   RO         3279    i.lcd_about         my_lcd_new.o
    0x0800b4dc   0x00000048   Code   RO         3281    i.lcd_change_str    my_lcd_new.o
    0x0800b524   0x00000038   Code   RO         3282    i.lcd_change_value  my_lcd_new.o
    0x0800b55c   0x00000020   Code   RO         3283    i.lcd_deal_key      my_lcd_new.o
    0x0800b57c   0x00000056   Code   RO         3284    i.lcd_deal_str      my_lcd_new.o
    0x0800b5d2   0x00000002   PAD
    0x0800b5d4   0x00000080   Code   RO         3285    i.lcd_energySaving  my_lcd_new.o
    0x0800b654   0x00000080   Code   RO         3286    i.lcd_environmentalControl  my_lcd_new.o
    0x0800b6d4   0x00000074   Code   RO         3287    i.lcd_generalSet    my_lcd_new.o
    0x0800b748   0x00000158   Code   RO         3288    i.lcd_load          my_lcd_new.o
    0x0800b8a0   0x000001b4   Code   RO         3289    i.lcd_main          my_lcd_new.o
    0x0800ba54   0x000000b4   Code   RO         3290    i.lcd_operation     my_lcd_new.o
    0x0800bb08   0x00000080   Code   RO         3291    i.lcd_passwordInterface  my_lcd_new.o
    0x0800bb88   0x00000080   Code   RO         3292    i.lcd_power         my_lcd_new.o
    0x0800bc08   0x000000f0   Code   RO         3293    i.lcd_setchoose     my_lcd_new.o
    0x0800bcf8   0x00000080   Code   RO         3294    i.lcd_timeSet       my_lcd_new.o
    0x0800bd78   0x00000024   Code   RO         3295    i.lcd_turn_page     my_lcd_new.o
    0x0800bd9c   0x00000158   Code   RO         3296    i.lcd_wizard1       my_lcd_new.o
    0x0800bef4   0x000000b8   Code   RO         3297    i.lcd_wizard2       my_lcd_new.o
    0x0800bfac   0x0000014c   Code   RO         2752    i.led_light         my_light.o
    0x0800c0f8   0x0000006c   Code   RO         2753    i.led_lightall      my_light.o
    0x0800c164   0x00000028   Code   RO          509    i.led_resetall      light.o
    0x0800c18c   0x00000170   Code   RO         2754    i.led_run           my_light.o
    0x0800c2fc   0x00000034   Code   RO          510    i.led_senddata      light.o
    0x0800c330   0x00000024   Code   RO          511    i.led_setall        light.o
    0x0800c354   0x00000020   Code   RO          512    i.led_setcolor      light.o
    0x0800c374   0x00000058   Code   RO         2149    i.load_dev_cfg      data_type.o
    0x0800c3cc   0x00000050   Code   RO         2151    i.load_sys_cfg      data_type.o
    0x0800c41c   0x00000042   Code   RO         2803    i.loushui_warn      my_rf.o
    0x0800c45e   0x00000002   PAD
    0x0800c460   0x000000dc   Code   RO            1    i.main              main.o
    0x0800c53c   0x00000058   Code   RO         1023    i.mem_free          malloc.o
    0x0800c594   0x000000e0   Code   RO         1024    i.mem_init          malloc.o
    0x0800c674   0x00000098   Code   RO         1025    i.mem_malloc        malloc.o
    0x0800c70c   0x00000034   Code   RO         1026    i.mem_perused       malloc.o
    0x0800c740   0x00000140   Code   RO         2309    i.mqtt_connect      baidu_iot.o
    0x0800c880   0x00000470   Code   RO         3121    i.my_autocontrol    my_autocontrol.o
    0x0800ccf0   0x00000130   Code   RO         3054    i.my_cfg            my_cfg.o
    0x0800ce20   0x00000050   Code   RO         3153    i.my_debug          my_debug.o
    0x0800ce70   0x0000001a   Code   RO         3258    i.my_iot            my_iot.o
    0x0800ce8a   0x00000002   PAD
    0x0800ce8c   0x00000448   Code   RO         2572    i.my_key            my_key.o
    0x0800d2d4   0x0000001c   Code   RO         2617    i.my_lcd_init       my_lcd.o
    0x0800d2f0   0x00000074   Code   RO         3298    i.my_lcd_new        my_lcd_new.o
    0x0800d364   0x00000072   Code   RO         2756    i.my_light          my_light.o
    0x0800d3d6   0x00000002   PAD
    0x0800d3d8   0x00000234   Code   RO         2804    i.my_rf_deal        my_rf.o
    0x0800d60c   0x00000318   Code   RO         2805    i.my_rf_hand        my_rf.o
    0x0800d924   0x0000022c   Code   RO         2806    i.my_rf_loop        my_rf.o
    0x0800db50   0x00000070   Code   RO         2923    i.my_w5500          my_w5500.o
    0x0800dbc0   0x00000028   Code   RO         1027    i.myfree            malloc.o
    0x0800dbe8   0x0000002c   Code   RO         1028    i.mymalloc          malloc.o
    0x0800dc14   0x0000001a   Code   RO         1029    i.mymemcpy          malloc.o
    0x0800dc2e   0x00000014   Code   RO         1030    i.mymemset          malloc.o
    0x0800dc42   0x00000016   Code   RO         1895    i.nest_Options      dhcp.o
    0x0800dc58   0x000000d4   Code   RO         1938    i.net_check_gateway  enternet.o
    0x0800dd2c   0x00000064   Code   RO         1939    i.net_check_parameters  enternet.o
    0x0800dd90   0x0000000e   Code   RO         1940    i.net_get_comstate  enternet.o
    0x0800dd9e   0x0000000e   Code   RO         1941    i.net_get_phycstate  enternet.o
    0x0800ddac   0x00000018   Code   RO         1942    i.net_init          enternet.o
    0x0800ddc4   0x00000010   Code   RO         1944    i.net_set_getway    enternet.o
    0x0800ddd4   0x00000010   Code   RO         1945    i.net_set_myip      enternet.o
    0x0800dde4   0x00000010   Code   RO         1946    i.net_set_sub_mask  enternet.o
    0x0800ddf4   0x00000024   Code   RO         1947    i.net_sysboot_init  enternet.o
    0x0800de18   0x000000a0   Code   RO         1948    i.net_test          enternet.o
    0x0800deb8   0x00000064   Code   RO         1534    i.num_to_str        cjson.o
    0x0800df1c   0x00000008   Code   RO         2559    i.os_fats_init      os_fats.o
    0x0800df24   0x00000014   Code   RO         2544    i.os_init           os_sys.o
    0x0800df38   0x00000008   Code   RO         2532    i.os_mem_init       os_mem.o
    0x0800df40   0x00000004   Code   RO         2371    i.os_msg_init       os_msg.o
    0x0800df44   0x00000008   Code   RO         2458    i.os_task_init      os_task.o
    0x0800df4c   0x000000de   Code   RO         2262    i.parseMSG          dns.o
    0x0800e02a   0x00000002   PAD
    0x0800e02c   0x000000ac   Code   RO         1535    i.parse_array       cjson.o
    0x0800e0d8   0x00000114   Code   RO         1536    i.parse_hex4        cjson.o
    0x0800e1ec   0x000000d8   Code   RO         2263    i.parse_name        dns.o
    0x0800e2c4   0x000001bc   Code   RO         1537    i.parse_number      cjson.o
    0x0800e480   0x00000114   Code   RO         1538    i.parse_object      cjson.o
    0x0800e594   0x000001cc   Code   RO         1539    i.parse_string      cjson.o
    0x0800e760   0x000000bc   Code   RO         1540    i.parse_value       cjson.o
    0x0800e81c   0x000009b8   Code   RO         5578    i.pow               m_ws.l(pow.o)
    0x0800f1d4   0x0000016c   Code   RO         1541    i.print_array       cjson.o
    0x0800f340   0x00000174   Code   RO         1542    i.print_number      cjson.o
    0x0800f4b4   0x00000274   Code   RO         1543    i.print_object      cjson.o
    0x0800f728   0x0000000c   Code   RO         1544    i.print_string      cjson.o
    0x0800f734   0x00000128   Code   RO         1545    i.print_string_ptr  cjson.o
    0x0800f85c   0x00000094   Code   RO         1546    i.print_value       cjson.o
    0x0800f8f0   0x0000000e   Code   RO         5138    i.readChar          mqttpacket.o
    0x0800f8fe   0x00000002   PAD
    0x0800f900   0x00000160   Code   RO         2069    i.recv_json         wk_json.o
    0x0800fa60   0x0000002e   Code   RO         3154    i.samestr           my_debug.o
    0x0800fa8e   0x00000048   Code   RO         2070    i.send_json         wk_json.o
    0x0800fad6   0x00000002   PAD
    0x0800fad8   0x000002a8   Code   RO         2071    i.send_json_adddevice  wk_json.o
    0x0800fd80   0x000002ac   Code   RO         2925    i.send_json_cj      my_w5500.o
    0x0801002c   0x000001a4   Code   RO         2926    i.send_json_kz      my_w5500.o
    0x080101d0   0x0000025c   Code   RO         2927    i.send_json_limit   my_w5500.o
    0x0801042c   0x000001d0   Code   RO         2928    i.send_json_warn    my_w5500.o
    0x080105fc   0x00000060   Code   RO         2372    i.send_messeg       os_msg.o
    0x0801065c   0x00000042   Code   RO         3122    i.send_warn         my_autocontrol.o
    0x0801069e   0x00000002   PAD
    0x080106a0   0x00000124   Code   RO         2072    i.serch_server      wk_json.o
    0x080107c4   0x00000048   Code   RO         2073    i.server_data       wk_json.o
    0x0801080c   0x000000c0   Code   RO         2074    i.server_read_data  wk_json.o
    0x080108cc   0x000000c8   Code   RO         2075    i.server_send_data  wk_json.o
    0x08010994   0x00000034   Code   RO         1107    i.set_jianpu        beep.o
    0x080109c8   0x00000012   Code   RO         1547    i.skip              cjson.o
    0x080109da   0x00000002   PAD
    0x080109dc   0x00000018   Code   RO          515    i.sm16703_reset     light.o
    0x080109f4   0x000003d8   Code   RO          516    i.sm16703_send      light.o
    0x08010dcc   0x0000001a   Code   RO         1950    i.socket_recv       enternet.o
    0x08010de6   0x0000004c   Code   RO         5716    i.sqrt              m_ws.l(sqrt.o)
    0x08010e32   0x00000030   Code   RO         3155    i.str2num           my_debug.o
    0x08010e62   0x00000006   Code   RO         1548    i.suffix_object     cjson.o
    0x08010e68   0x0000012c   Code   RO         2155    i.sys_cfg_init      data_type.o
    0x08010f94   0x0000001a   Code   RO         1951    i.tcp_close         enternet.o
    0x08010fae   0x000000c2   Code   RO         1952    i.tcp_connect       enternet.o
    0x08011070   0x0000001c   Code   RO         1953    i.tcp_send          enternet.o
    0x0801108c   0x00000040   Code   RO         1954    i.udp_close         enternet.o
    0x080110cc   0x00000052   Code   RO         1955    i.udp_init          enternet.o
    0x0801111e   0x0000004a   Code   RO         1956    i.udp_send          enternet.o
    0x08011168   0x00000110   Code   RO         2929    i.wk_client         my_w5500.o
    0x08011278   0x00000028   Code   RO         5141    i.writeCString      mqttpacket.o
    0x080112a0   0x0000000c   Code   RO         5142    i.writeChar         mqttpacket.o
    0x080112ac   0x00000030   Code   RO         5143    i.writeInt          mqttpacket.o
    0x080112dc   0x0000003e   Code   RO         5144    i.writeMQTTString   mqttpacket.o
    0x0801131a   0x00000090   Code   RO         2807    i.yt_newstate       my_rf.o
    0x080113aa   0x00000002   PAD
    0x080113ac   0x0000002c   Code   RO         5793    locale$$code        c_w.l(lc_ctype_c.o)
    0x080113d8   0x0000002c   Code   RO         5796    locale$$code        c_w.l(lc_numeric_c.o)
    0x08011404   0x00000062   Code   RO         5525    x$fpl$d2f           fz_ws.l(d2f.o)
    0x08011466   0x00000002   PAD
    0x08011468   0x00000150   Code   RO         5527    x$fpl$dadd          fz_ws.l(daddsub_clz.o)
    0x080115b8   0x00000010   Code   RO         5807    x$fpl$dcheck1       fz_ws.l(dcheck1.o)
    0x080115c8   0x00000018   Code   RO         5681    x$fpl$dcmpinf       fz_ws.l(dcmpi.o)
    0x080115e0   0x000002b0   Code   RO         5534    x$fpl$ddiv          fz_ws.l(ddiv.o)
    0x08011890   0x0000005e   Code   RO         5537    x$fpl$dfix          fz_ws.l(dfix.o)
    0x080118ee   0x00000002   PAD
    0x080118f0   0x0000005a   Code   RO         5541    x$fpl$dfixu         fz_ws.l(dfixu.o)
    0x0801194a   0x0000002e   Code   RO         5546    x$fpl$dflt          fz_ws.l(dflt_clz.o)
    0x08011978   0x00000026   Code   RO         5545    x$fpl$dfltu         fz_ws.l(dflt_clz.o)
    0x0801199e   0x00000002   PAD
    0x080119a0   0x00000078   Code   RO         5551    x$fpl$dleqf         fz_ws.l(dleqf.o)
    0x08011a18   0x00000154   Code   RO         5553    x$fpl$dmul          fz_ws.l(dmul.o)
    0x08011b6c   0x0000009c   Code   RO         5683    x$fpl$dnaninf       fz_ws.l(dnaninf.o)
    0x08011c08   0x0000000c   Code   RO         5685    x$fpl$dretinf       fz_ws.l(dretinf.o)
    0x08011c14   0x0000006c   Code   RO         5555    x$fpl$drleqf        fz_ws.l(drleqf.o)
    0x08011c80   0x00000016   Code   RO         5528    x$fpl$drsb          fz_ws.l(daddsub_clz.o)
    0x08011c96   0x00000002   PAD
    0x08011c98   0x000001cc   Code   RO         5809    x$fpl$dsqrt         fz_ws.l(dsqrt_noumaal.o)
    0x08011e64   0x000001d4   Code   RO         5529    x$fpl$dsub          fz_ws.l(daddsub_clz.o)
    0x08012038   0x00000018   Code   RO         5687    x$fpl$fcmpinf       fz_ws.l(fcmpi.o)
    0x08012050   0x00000026   Code   RO         5559    x$fpl$ffltu         fz_ws.l(fflt_clz.o)
    0x08012076   0x00000002   PAD
    0x08012078   0x00000068   Code   RO         5565    x$fpl$fleqf         fz_ws.l(fleqf.o)
    0x080120e0   0x00000102   Code   RO         5567    x$fpl$fmul          fz_ws.l(fmul.o)
    0x080121e2   0x0000008c   Code   RO         5689    x$fpl$fnaninf       fz_ws.l(fnaninf.o)
    0x0801226e   0x0000000a   Code   RO         5691    x$fpl$fretinf       fz_ws.l(fretinf.o)
    0x08012278   0x00000062   Code   RO         5569    x$fpl$frleqf        fz_ws.l(frleqf.o)
    0x080122da   0x00000004   Code   RO         5571    x$fpl$printf1       fz_ws.l(printf1.o)
    0x080122de   0x00000064   Code   RO         5838    x$fpl$retnan        fz_ws.l(retnan.o)
    0x08012342   0x0000005c   Code   RO         5693    x$fpl$scalbn        fz_ws.l(scalbn.o)
    0x0801239e   0x00000030   Code   RO         5865    x$fpl$trapveneer    fz_ws.l(trapv.o)
    0x080123ce   0x00000000   Code   RO         5695    x$fpl$usenofp       fz_ws.l(usenofp.o)
    0x080123ce   0x00000002   PAD
    0x080123d0   0x00000010   Data   RO         1108    .constdata          beep.o
    0x080123e0   0x00000200   Data   RO         1474    .constdata          crc8_16.o
    0x080125e0   0x00000007   Data   RO         1549    .constdata          cjson.o
    0x080125e7   0x00000001   PAD
    0x080125e8   0x00000058   Data   RO         2312    .constdata          baidu_iot.o
    0x08012640   0x00000038   Data   RO         2930    .constdata          my_w5500.o
    0x08012678   0x00000040   Data   RO         3156    .constdata          my_debug.o
    0x080126b8   0x00000028   Data   RO         5456    .constdata          c_w.l(_printf_hex_int.o)
    0x080126e0   0x00000011   Data   RO         5486    .constdata          c_w.l(__printf_flags_wp.o)
    0x080126f1   0x00000007   PAD
    0x080126f8   0x00000088   Data   RO         5579    .constdata          m_ws.l(pow.o)
    0x08012780   0x00000008   Data   RO         5714    .constdata          m_ws.l(qnan.o)
    0x08012788   0x00000094   Data   RO         5768    .constdata          c_w.l(bigflt0.o)
    0x0801281c   0x000000df   Data   RO         3157    .conststring        my_debug.o
    0x080128fb   0x00000001   PAD
    0x080128fc   0x00000020   Data   RO         5895    Region$$Table       anon$$obj.o
    0x0801291c   0x00000110   Data   RO         5792    locale$$data        c_w.l(lc_ctype_c.o)
    0x08012a2c   0x0000001c   Data   RO         5795    locale$$data        c_w.l(lc_numeric_c.o)


    Execution Region RW_IRAM1 (Base: 0x20000004, Size: 0x00002304, Max: 0x000027fc, ABSOLUTE, COMPRESSED[0x0000006c])

    Base Addr    Size         Type   Attr      Idx    E Section Name        Object

    0x20000004   0x00000014   Data   RW          358    .data               system_stm32f10x.o
    0x20000018   0x00000012   Data   RW          397    .data               key.o
    0x2000002a   0x00000002   Data   RW          440    .data               lcd.o
    0x2000002c   0x00000024   Data   RW          517    .data               light.o
    0x20000050   0x00000039   Data   RW          679    .data               rf.o
    0x20000089   0x00000006   Data   RW          876    .data               w5500.o
    0x2000008f   0x00000001   PAD
    0x20000090   0x0000000c   Data   RW         1033    .data               malloc.o
    0x2000009c   0x00000025   Data   RW         1109    .data               beep.o
    0x200000c1   0x00000003   PAD
    0x200000c4   0x0000001e   Data   RW         1191    .data               fats.o
    0x200000e2   0x00000001   Data   RW         1231    .data               mmc_sd.o
    0x200000e3   0x00000001   PAD
    0x200000e4   0x00000002   Data   RW         1380    .data               flash.o
    0x200000e6   0x00000002   PAD
    0x200000e8   0x0000000c   Data   RW         1550    .data               cjson.o
    0x200000f4   0x00000010   Data   RW         1896    .data               dhcp.o
    0x20000104   0x00000006   Data   RW         1957    .data               enternet.o
    0x2000010a   0x00000001   Data   RW         2076    .data               wk_json.o
    0x2000010b   0x00000001   PAD
    0x2000010c   0x00000010   Data   RW         2156    .data               data_type.o
    0x2000011c   0x0000000a   Data   RW         2264    .data               dns.o
    0x20000126   0x00000004   Data   RW         2313    .data               baidu_iot.o
    0x2000012a   0x00000002   PAD
    0x2000012c   0x00000025   Data   RW         2460    .data               os_task.o
    0x20000151   0x00000012   Data   RW         2574    .data               my_key.o
    0x20000163   0x00000001   PAD
    0x20000164   0x00000027   Data   RW         2757    .data               my_light.o
    0x2000018b   0x00000007   Data   RW         2931    .data               my_w5500.o
    0x20000192   0x00000001   Data   RW         3055    .data               my_cfg.o
    0x20000193   0x00000001   PAD
    0x20000194   0x00000009   Data   RW         3158    .data               my_debug.o
    0x2000019d   0x00000001   PAD
    0x2000019e   0x00000004   Data   RW         3259    .data               my_iot.o
    0x200001a2   0x00000002   PAD
    0x200001a4   0x00000004   Data   RW         3300    .data               my_lcd_new.o
    0x200001a8   0x00000006   Data   RW         3489    .data               delay.o
    0x200001ae   0x00000014   Data   RW         3681    .data               stm32f10x_rcc.o
    0x200001c2   0x00000002   PAD
    0x200001c4   0x00000004   Data   RW         5145    .data               mqttpacket.o
    0x200001c8   0x00001800   Zero   RW            2    .bss                main.o
    0x200019c8   0x0000001e   Zero   RW          439    .bss                lcd.o
    0x200019e6   0x00000085   Zero   RW          678    .bss                rf.o
    0x20001a6b   0x00000001   PAD
    0x20001a6c   0x00000014   Zero   RW         1032    .bss                malloc.o
    0x20001a80   0x000001b8   Zero   RW         1859    .bss                data_map.o
    0x20001c38   0x000001e0   Zero   RW         2374    .bss                os_msg.o
    0x20001e18   0x00000280   Zero   RW         2459    .bss                os_task.o
    0x20002098   0x00000009   Zero   RW         3299    .bss                my_lcd_new.o
    0x200020a1   0x00000003   PAD
    0x200020a4   0x00000060   Zero   RW         5726    .bss                c_w.l(libspace.o)
    0x20002104   0x00000004   PAD
    0x20002108   0x00000000   Zero   RW         3529    HEAP                startup_stm32f10x_hd.o
    0x20002108   0x00000200   Zero   RW         3528    STACK               startup_stm32f10x_hd.o


==============================================================================

Image component sizes


      Code (inc. data)   RO Data    RW Data    ZI Data      Debug   Object Name

       320         14         88          4          0       1748   baidu_iot.o
       976        138         16         37          0       5769   beep.o
      4390        246          7         12          0      22483   cjson.o
        32          0          0          0          0        500   core_cm3.o
        56         10        512          0          0       1178   crc8_16.o
       276         36          0          0        440       2651   data_map.o
       538         40          0         16          0       4149   data_type.o
       360         48          0          6          0       2169   delay.o
      1810        148          0         16          0       6890   dhcp.o
      1264         50          0         10          0       7145   dns.o
      1102         50          0          6          0      10067   enternet.o
       360         64          0         30          0       5153   fats.o
       352         36          0          2          0       2867   flash.o
       740         38          0         18          0       3441   key.o
       576         82          0          2         30       5367   lcd.o
      2616         98          0         36          0       8657   light.o
       220         82          0          0       6144     278977   main.o
       646         74          0         12         20       6094   malloc.o
       192         30          0          0          0       2423   misc.o
      1308         32          0          1          0      10405   mmc_sd.o
       596         18          0          0          0       2756   mqttconnectclient.o
       450         18          0          4          0       6390   mqttpacket.o
      1202          8          0          0          0       2437   my_autocontrol.o
      1292         66          0          1          0       5892   my_cfg.o
      4126       1682        287          9          0      10278   my_debug.o
        98          8          0          4          0       1546   my_iot.o
      1096         14          0         18          0       2089   my_key.o
       144          6          0          0          0        992   my_lcd.o
      3010        282          0          4          9      12189   my_lcd_new.o
       922         34          0         39          0       3912   my_light.o
      3666         76          0          0          0      12120   my_rf.o
      4860       1086         56          7          0      12358   my_w5500.o
       184         34          0          0          0        340   os_cpu_a.o
       154          0          0          0          0        964   os_cpu_c.o
         8          0          0          0          0        431   os_fats.o
         8          0          0          0          0        406   os_mem.o
       260         14          0          0        480       3927   os_msg.o
        20          0          0          0          0        434   os_sys.o
      1004        144          0         37        640       7436   os_task.o
       112         14          0          0          0      16341   power.o
        52          6          0          0          0        461   relay.o
      1286        164          0         57        133      11776   rf.o
       272         18          0          0          0       1689   spi.o
        60         22        304          0        512        772   startup_stm32f10x_hd.o
       200         18          0          0          0       1964   stm32f10x_exti.o
       274         30          0          0          0       3178   stm32f10x_flash.o
       502         10          0          0          0       4761   stm32f10x_gpio.o
        62         10          0          0          0     220810   stm32f10x_it.o
       392         50          0         20          0       5836   stm32f10x_rcc.o
       112          0          0          0          0       3606   stm32f10x_spi.o
       246         42          0          0          0       3334   stm32f10x_tim.o
       616         28          0          0          0       6914   stm32f10x_usart.o
       626          6          0          0          0       3330   stmflash.o
       328         28          0         20          0       1917   system_stm32f10x.o
      1848        114          0          6          0      13488   w5500.o
      2294        478          0          1          0       7691   wk_json.o

    ----------------------------------------------------------------------
     50578       5844       1304        452       8412     782898   Object Totals
         0          0         32          0          0          0   (incl. Generated)
        62          0          2         17          4          0   (incl. Padding)

    ----------------------------------------------------------------------

      Code (inc. data)   RO Data    RW Data    ZI Data      Debug   Library Member Name

        44          6          0          0          0         84   __2sprintf.o
        90          0          0          0          0          0   __dczerorl2.o
         8          0          0          0          0         68   __main.o
       312          4         17          0          0         92   __printf_flags_wp.o
        14          0          0          0          0         68   __printf_wp.o
         0          0          0          0          0          0   __rtentry.o
        12          0          0          0          0          0   __rtentry2.o
         6          0          0          0          0          0   __rtentry4.o
        52          8          0          0          0          0   __scatter.o
        28          0          0          0          0          0   __scatter_zi.o
        44          0          0          0          0        108   _printf_char.o
        48          6          0          0          0         96   _printf_char_common.o
         6          0          0          0          0          0   _printf_d.o
       120         16          0          0          0         92   _printf_dec.o
         6          0          0          0          0          0   _printf_e.o
         6          0          0          0          0          0   _printf_f.o
      1050          0          0          0          0        216   _printf_fp_dec.o
       128         16          0          0          0         84   _printf_fp_infnan.o
        88          4         40          0          0         88   _printf_hex_int.o
       178          0          0          0          0         88   _printf_intcommon.o
        78          0          0          0          0        108   _printf_pad.o
         0          0          0          0          0          0   _printf_percent.o
         4          0          0          0          0          0   _printf_percent_end.o
         6          0          0          0          0          0   _printf_s.o
        82          0          0          0          0         80   _printf_str.o
         6          0          0          0          0          0   _printf_x.o
        22          0          0          0          0        100   _rserrno.o
        10          0          0          0          0         68   _sputc.o
       220          4        148          0          0         96   bigflt0.o
      1910        128          0          0          0        672   btod.o
        10          0          0          0          0         68   defsig_exit.o
        50          0          0          0          0         88   defsig_general.o
        80         58          0          0          0         76   defsig_rtmem_inner.o
        14          0          0          0          0         80   defsig_rtmem_outer.o
        12          0          0          0          0         72   exit.o
        94          0          0          0          0         80   h1_alloc.o
        52          0          0          0          0         68   h1_extend.o
        78          0          0          0          0         80   h1_free.o
        14          0          0          0          0         84   h1_init.o
         6          0          0          0          0        152   heapauxi.o
         4          0          0          0          0        136   hguard.o
       138          0          0          0          0        168   init_alloc.o
        44         10        272          0          0         76   lc_ctype_c.o
        44         10         28          0          0         76   lc_numeric_c.o
         2          0          0          0          0          0   libinit.o
        38          0          0          0          0          0   libinit2.o
         2          0          0          0          0          0   libshutdown.o
         2          0          0          0          0          0   libshutdown2.o
         8          4          0          0         96         68   libspace.o
       138          0          0          0          0         80   lludiv10.o
         0          0          0          0          0          0   maybetermalloc1.o
        16          4          0          0          0         76   rt_ctype_table.o
         8          4          0          0          0         68   rt_errno_addr_intlibspace.o
         8          4          0          0          0         68   rt_heap_descriptor_intlibspace.o
         8          4          0          0          0         68   rt_locale_intlibspace.o
        68          0          0          0          0         68   rt_memclr.o
        78          0          0          0          0         80   rt_memclr_w.o
       138          0          0          0          0         68   rt_memcpy_v6.o
       100          0          0          0          0         80   rt_memcpy_w.o
         2          0          0          0          0          0   rtexit.o
        10          0          0          0          0          0   rtexit2.o
        20          0          0          0          0         68   strchr.o
       128          0          0          0          0         68   strcmpv7m.o
        72          0          0          0          0         80   strcpy.o
        62          0          0          0          0         76   strlen.o
       150          0          0          0          0         80   strncmp.o
        86          0          0          0          0         76   strncpy.o
        74          0          0          0          0         80   sys_stackheap_outer.o
        26          0          0          0          0         76   tolower.o
         2          0          0          0          0         68   use_no_semi.o
         2          0          0          0          0         68   use_no_semi_2.o
        98          4          0          0          0         92   d2f.o
       826         16          0          0          0        348   daddsub_clz.o
        16          4          0          0          0         68   dcheck1.o
        24          0          0          0          0         68   dcmpi.o
       688        140          0          0          0        208   ddiv.o
        94          4          0          0          0         92   dfix.o
        90          4          0          0          0         92   dfixu.o
        84          0          0          0          0        136   dflt_clz.o
       120          4          0          0          0         92   dleqf.o
       340         12          0          0          0        104   dmul.o
       156          4          0          0          0         92   dnaninf.o
        12          0          0          0          0         68   dretinf.o
       108          0          0          0          0         80   drleqf.o
       460         56          0          0          0        120   dsqrt_noumaal.o
        24          0          0          0          0         68   fcmpi.o
        38          0          0          0          0         68   fflt_clz.o
       104          4          0          0          0         84   fleqf.o
       258          4          0          0          0         84   fmul.o
       140          4          0          0          0         84   fnaninf.o
        10          0          0          0          0         68   fretinf.o
        98          0          0          0          0         68   frleqf.o
         4          0          0          0          0         68   printf1.o
       100          0          0          0          0         68   retnan.o
        92          0          0          0          0         68   scalbn.o
        48          0          0          0          0         68   trapv.o
         0          0          0          0          0          0   usenofp.o
        62         10          0          0          0        340   dunder.o
       220         16          0          0          0         84   floor.o
        40          0          0          0          0         68   fpclassify.o
       170          0          0          0          0         96   poly.o
      2488        190        136          0          0        300   pow.o
         0          0          8          0          0          0   qnan.o
        76          0          0          0          0         84   sqrt.o

    ----------------------------------------------------------------------
     13582        766        656          0        100       8404   Library Totals
        28          0          7          0          4          0   (incl. Padding)

    ----------------------------------------------------------------------

      Code (inc. data)   RO Data    RW Data    ZI Data      Debug   Library Name

      6466        290        505          0         96       4976   c_w.l
      4032        260          0          0          0       2456   fz_ws.l
      3056        216        144          0          0        972   m_ws.l

    ----------------------------------------------------------------------
     13582        766        656          0        100       8404   Library Totals

    ----------------------------------------------------------------------

==============================================================================


      Code (inc. data)   RO Data    RW Data    ZI Data      Debug   

     64160       6610       1960        452       8512     767118   Grand Totals
     64160       6610       1960        108       8512     767118   ELF Image Totals (compressed)
     64160       6610       1960        108          0          0   ROM Totals

==============================================================================

    Total RO  Size (Code + RO Data)                66120 (  64.57kB)
    Total RW  Size (RW Data + ZI Data)              8964 (   8.75kB)
    Total ROM Size (Code + RO Data + RW Data)      66228 (  64.68kB)

==============================================================================

